/home/jhpc/.local/lib/python3.10/site-packages/setuptools/_distutils/dist.py:268: UserWarning: Unknown distribution option: 'tests_require'
  warnings.warn(msg)
Traceback (most recent call last):
  File "/home/jhpc/RobotArm/aris_ws/src/aris_package/setup.py", line 7, in <module>
    setup(
  File "/home/jhpc/.local/lib/python3.10/site-packages/setuptools/__init__.py", line 111, in setup
    return distutils.core.setup(**attrs)
  File "/home/jhpc/.local/lib/python3.10/site-packages/setuptools/_distutils/core.py", line 184, in setup
    return run_commands(dist)
  File "/home/jhpc/.local/lib/python3.10/site-packages/setuptools/_distutils/core.py", line 200, in run_commands
    dist.run_commands()
  File "/home/jhpc/.local/lib/python3.10/site-packages/setuptools/_distutils/dist.py", line 964, in run_commands
    self.run_command(cmd)
  File "/home/jhpc/.local/lib/python3.10/site-packages/setuptools/dist.py", line 948, in run_command
    super().run_command(command)
  File "/home/jhpc/.local/lib/python3.10/site-packages/setuptools/_distutils/dist.py", line 983, in run_command
    cmd_obj.run()
  File "/home/jhpc/.local/lib/python3.10/site-packages/setuptools/command/egg_info.py", line 311, in run
    self.find_sources()
  File "/home/jhpc/.local/lib/python3.10/site-packages/setuptools/command/egg_info.py", line 319, in find_sources
    mm.run()
  File "/home/jhpc/.local/lib/python3.10/site-packages/setuptools/command/egg_info.py", line 545, in run
    self.prune_file_list()
  File "/home/jhpc/.local/lib/python3.10/site-packages/setuptools/command/egg_info.py", line 611, in prune_file_list
    base_dir = self.distribution.get_fullname()
  File "/home/jhpc/.local/lib/python3.10/site-packages/setuptools/_core_metadata.py", line 267, in get_fullname
    return _distribution_fullname(self.get_name(), self.get_version())
  File "/home/jhpc/.local/lib/python3.10/site-packages/setuptools/_core_metadata.py", line 285, in _distribution_fullname
    canonicalize_version(version, strip_trailing_zero=False),
TypeError: canonicalize_version() got an unexpected keyword argument 'strip_trailing_zero'
