[0.130s] Invoking command in '/home/jhpc/RobotArm/aris_ws/build/team4_msgs': /usr/bin/cmake /home/jhpc/RobotArm/aris_ws/src/team4_msgs -DCMAKE_INSTALL_PREFIX=/home/jhpc/RobotArm/aris_ws/install/team4_msgs
[0.165s] -- The C compiler identification is GNU 11.4.0
[0.199s] -- The CXX compiler identification is GNU 11.4.0
[0.204s] -- Detecting C compiler ABI info
[0.246s] -- Detecting C compiler ABI info - done
[0.251s] -- Check for working C compiler: /usr/bin/cc - skipped
[0.251s] -- Detecting C compile features
[0.251s] -- Detecting C compile features - done
[0.253s] -- Detecting CXX compiler ABI info
[0.301s] -- Detecting CXX compiler ABI info - done
[0.307s] -- Check for working CXX compiler: /usr/bin/c++ - skipped
[0.307s] -- Detecting CXX compile features
[0.307s] -- Detecting CXX compile features - done
[0.314s] [31mCMake Error at CMakeLists.txt:9 (find_package):
[0.314s]   By not providing "Findament_cmake.cmake" in CMAKE_MODULE_PATH this project
[0.314s]   has asked CMake to find a package configuration file provided by
[0.315s]   "ament_cmake", but CMake did not find one.
[0.315s] 
[0.315s]   Could not find a package configuration file provided by "ament_cmake" with
[0.315s]   any of the following names:
[0.315s] 
[0.315s]     ament_cmakeConfig.cmake
[0.315s]     ament_cmake-config.cmake
[0.315s] 
[0.315s]   Add the installation prefix of "ament_cmake" to CMAKE_PREFIX_PATH or set
[0.315s]   "ament_cmake_DIR" to a directory containing one of the above files.  If
[0.315s]   "ament_cmake" provides a separate development package or SDK, be sure it
[0.315s]   has been installed.
[0.315s] 
[0.315s] [0m
[0.315s] -- Configuring incomplete, errors occurred!
[0.315s] See also "/home/jhpc/RobotArm/aris_ws/build/team4_msgs/CMakeFiles/CMakeOutput.log".
[0.317s] Invoked command in '/home/jhpc/RobotArm/aris_ws/build/team4_msgs' returned '1': /usr/bin/cmake /home/jhpc/RobotArm/aris_ws/src/team4_msgs -DCMAKE_INSTALL_PREFIX=/home/jhpc/RobotArm/aris_ws/install/team4_msgs
