[0.086s] DEBUG:colcon:Command line arguments: ['/usr/bin/colcon', 'build']
[0.086s] DEBUG:colcon:Parsed command line arguments: Namespace(log_base=None, log_level=None, verb_name='build', build_base='build', install_base='install', merge_install=False, symlink_install=False, test_result_base=None, continue_on_error=False, executor='parallel', parallel_workers=8, event_handlers=None, ignore_user_meta=False, metas=['./colcon.meta'], base_paths=['.'], packages_ignore=None, packages_ignore_regex=None, paths=None, packages_up_to=None, packages_up_to_regex=None, packages_above=None, packages_above_and_dependencies=None, packages_above_depth=None, packages_select_by_dep=None, packages_skip_by_dep=None, packages_skip_up_to=None, packages_select_build_failed=False, packages_skip_build_finished=False, packages_select_test_failures=False, packages_skip_test_passed=False, packages_select=None, packages_skip=None, packages_select_regex=None, packages_skip_regex=None, packages_start=None, packages_end=None, allow_overriding=[], cmake_args=None, cmake_target=None, cmake_target_skip_unavailable=False, cmake_clean_cache=False, cmake_clean_first=False, cmake_force_configure=False, ament_cmake_args=None, catkin_cmake_args=None, catkin_skip_building_tests=False, mixin_files=None, mixin=None, verb_parser=<colcon_mixin.mixin.mixin_argument.MixinArgumentDecorator object at 0x75e1def70490>, verb_extension=<colcon_core.verb.build.BuildVerb object at 0x75e1def3f9d0>, main=<bound method BuildVerb.main of <colcon_core.verb.build.BuildVerb object at 0x75e1def3f9d0>>, mixin_verb=('build',))
[0.207s] Level 1:colcon.colcon_core.package_discovery:discover_packages(colcon_meta) check parameters
[0.207s] Level 1:colcon.colcon_core.package_discovery:discover_packages(recursive) check parameters
[0.207s] Level 1:colcon.colcon_core.package_discovery:discover_packages(ignore) check parameters
[0.207s] Level 1:colcon.colcon_core.package_discovery:discover_packages(path) check parameters
[0.207s] Level 1:colcon.colcon_core.package_discovery:discover_packages(colcon_meta) discover
[0.207s] Level 1:colcon.colcon_core.package_discovery:discover_packages(recursive) discover
[0.207s] INFO:colcon.colcon_core.package_discovery:Crawling recursively for packages in '/home/jhpc/RobotArm/aris_ws'
[0.207s] Level 1:colcon.colcon_core.package_identification:_identify(.) by extensions ['ignore', 'ignore_ament_install']
[0.207s] Level 1:colcon.colcon_core.package_identification:_identify(.) by extension 'ignore'
[0.207s] Level 1:colcon.colcon_core.package_identification:_identify(.) by extension 'ignore_ament_install'
[0.207s] Level 1:colcon.colcon_core.package_identification:_identify(.) by extensions ['colcon_pkg']
[0.207s] Level 1:colcon.colcon_core.package_identification:_identify(.) by extension 'colcon_pkg'
[0.207s] Level 1:colcon.colcon_core.package_identification:_identify(.) by extensions ['colcon_meta']
[0.207s] Level 1:colcon.colcon_core.package_identification:_identify(.) by extension 'colcon_meta'
[0.207s] Level 1:colcon.colcon_core.package_identification:_identify(.) by extensions ['ros']
[0.207s] Level 1:colcon.colcon_core.package_identification:_identify(.) by extension 'ros'
[0.215s] Level 1:colcon.colcon_core.package_identification:_identify(.) by extensions ['cmake', 'python']
[0.215s] Level 1:colcon.colcon_core.package_identification:_identify(.) by extension 'cmake'
[0.215s] Level 1:colcon.colcon_core.package_identification:_identify(.) by extension 'python'
[0.215s] Level 1:colcon.colcon_core.package_identification:_identify(.) by extensions ['python_setup_py']
[0.215s] Level 1:colcon.colcon_core.package_identification:_identify(.) by extension 'python_setup_py'
[0.216s] Level 1:colcon.colcon_core.package_identification:_identify(build) by extensions ['ignore', 'ignore_ament_install']
[0.216s] Level 1:colcon.colcon_core.package_identification:_identify(build) by extension 'ignore'
[0.216s] Level 1:colcon.colcon_core.package_identification:_identify(build) ignored
[0.216s] Level 1:colcon.colcon_core.package_identification:_identify(install) by extensions ['ignore', 'ignore_ament_install']
[0.216s] Level 1:colcon.colcon_core.package_identification:_identify(install) by extension 'ignore'
[0.216s] Level 1:colcon.colcon_core.package_identification:_identify(install) ignored
[0.216s] Level 1:colcon.colcon_core.package_identification:_identify(log) by extensions ['ignore', 'ignore_ament_install']
[0.216s] Level 1:colcon.colcon_core.package_identification:_identify(log) by extension 'ignore'
[0.216s] Level 1:colcon.colcon_core.package_identification:_identify(log) ignored
[0.216s] Level 1:colcon.colcon_core.package_identification:_identify(src) by extensions ['ignore', 'ignore_ament_install']
[0.216s] Level 1:colcon.colcon_core.package_identification:_identify(src) by extension 'ignore'
[0.216s] Level 1:colcon.colcon_core.package_identification:_identify(src) by extension 'ignore_ament_install'
[0.216s] Level 1:colcon.colcon_core.package_identification:_identify(src) by extensions ['colcon_pkg']
[0.216s] Level 1:colcon.colcon_core.package_identification:_identify(src) by extension 'colcon_pkg'
[0.216s] Level 1:colcon.colcon_core.package_identification:_identify(src) by extensions ['colcon_meta']
[0.216s] Level 1:colcon.colcon_core.package_identification:_identify(src) by extension 'colcon_meta'
[0.217s] Level 1:colcon.colcon_core.package_identification:_identify(src) by extensions ['ros']
[0.217s] Level 1:colcon.colcon_core.package_identification:_identify(src) by extension 'ros'
[0.217s] Level 1:colcon.colcon_core.package_identification:_identify(src) by extensions ['cmake', 'python']
[0.217s] Level 1:colcon.colcon_core.package_identification:_identify(src) by extension 'cmake'
[0.217s] Level 1:colcon.colcon_core.package_identification:_identify(src) by extension 'python'
[0.217s] Level 1:colcon.colcon_core.package_identification:_identify(src) by extensions ['python_setup_py']
[0.217s] Level 1:colcon.colcon_core.package_identification:_identify(src) by extension 'python_setup_py'
[0.217s] Level 1:colcon.colcon_core.package_identification:_identify(src/aris_package) by extensions ['ignore', 'ignore_ament_install']
[0.217s] Level 1:colcon.colcon_core.package_identification:_identify(src/aris_package) by extension 'ignore'
[0.217s] Level 1:colcon.colcon_core.package_identification:_identify(src/aris_package) by extension 'ignore_ament_install'
[0.217s] Level 1:colcon.colcon_core.package_identification:_identify(src/aris_package) by extensions ['colcon_pkg']
[0.217s] Level 1:colcon.colcon_core.package_identification:_identify(src/aris_package) by extension 'colcon_pkg'
[0.217s] Level 1:colcon.colcon_core.package_identification:_identify(src/aris_package) by extensions ['colcon_meta']
[0.217s] Level 1:colcon.colcon_core.package_identification:_identify(src/aris_package) by extension 'colcon_meta'
[0.217s] Level 1:colcon.colcon_core.package_identification:_identify(src/aris_package) by extensions ['ros']
[0.217s] Level 1:colcon.colcon_core.package_identification:_identify(src/aris_package) by extension 'ros'
[0.219s] DEBUG:colcon.colcon_core.package_identification:Package 'src/aris_package' with type 'ros.ament_python' and name 'aris_package'
[0.219s] Level 1:colcon.colcon_core.package_identification:_identify(src/team4_msgs) by extensions ['ignore', 'ignore_ament_install']
[0.219s] Level 1:colcon.colcon_core.package_identification:_identify(src/team4_msgs) by extension 'ignore'
[0.219s] Level 1:colcon.colcon_core.package_identification:_identify(src/team4_msgs) by extension 'ignore_ament_install'
[0.219s] Level 1:colcon.colcon_core.package_identification:_identify(src/team4_msgs) by extensions ['colcon_pkg']
[0.219s] Level 1:colcon.colcon_core.package_identification:_identify(src/team4_msgs) by extension 'colcon_pkg'
[0.220s] Level 1:colcon.colcon_core.package_identification:_identify(src/team4_msgs) by extensions ['colcon_meta']
[0.220s] Level 1:colcon.colcon_core.package_identification:_identify(src/team4_msgs) by extension 'colcon_meta'
[0.220s] Level 1:colcon.colcon_core.package_identification:_identify(src/team4_msgs) by extensions ['ros']
[0.220s] Level 1:colcon.colcon_core.package_identification:_identify(src/team4_msgs) by extension 'ros'
[0.220s] DEBUG:colcon.colcon_core.package_identification:Package 'src/team4_msgs' with type 'ros.ament_cmake' and name 'team4_msgs'
[0.220s] Level 1:colcon.colcon_core.package_discovery:discover_packages(recursive) using defaults
[0.220s] Level 1:colcon.colcon_core.package_discovery:discover_packages(ignore) discover
[0.220s] Level 1:colcon.colcon_core.package_discovery:discover_packages(ignore) using defaults
[0.220s] Level 1:colcon.colcon_core.package_discovery:discover_packages(path) discover
[0.220s] Level 1:colcon.colcon_core.package_discovery:discover_packages(path) using defaults
[0.245s] Level 1:colcon.colcon_core.package_discovery:discover_packages(prefix_path) check parameters
[0.245s] Level 1:colcon.colcon_core.package_discovery:discover_packages(prefix_path) discover
[0.246s] DEBUG:colcon.colcon_installed_package_information.package_discovery:Found 2 installed packages in /home/jhpc/RobotArm/aris_ws/install
[0.247s] DEBUG:colcon.colcon_installed_package_information.package_discovery:Found 401 installed packages in /opt/ros/humble
[0.248s] Level 1:colcon.colcon_core.package_discovery:discover_packages(prefix_path) using defaults
[0.279s] Level 5:colcon.colcon_core.verb:set package 'aris_package' build argument 'cmake_args' from command line to 'None'
[0.279s] Level 5:colcon.colcon_core.verb:set package 'aris_package' build argument 'cmake_target' from command line to 'None'
[0.279s] Level 5:colcon.colcon_core.verb:set package 'aris_package' build argument 'cmake_target_skip_unavailable' from command line to 'False'
[0.280s] Level 5:colcon.colcon_core.verb:set package 'aris_package' build argument 'cmake_clean_cache' from command line to 'False'
[0.280s] Level 5:colcon.colcon_core.verb:set package 'aris_package' build argument 'cmake_clean_first' from command line to 'False'
[0.280s] Level 5:colcon.colcon_core.verb:set package 'aris_package' build argument 'cmake_force_configure' from command line to 'False'
[0.280s] Level 5:colcon.colcon_core.verb:set package 'aris_package' build argument 'ament_cmake_args' from command line to 'None'
[0.280s] Level 5:colcon.colcon_core.verb:set package 'aris_package' build argument 'catkin_cmake_args' from command line to 'None'
[0.280s] Level 5:colcon.colcon_core.verb:set package 'aris_package' build argument 'catkin_skip_building_tests' from command line to 'False'
[0.280s] DEBUG:colcon.colcon_core.verb:Building package 'aris_package' with the following arguments: {'ament_cmake_args': None, 'build_base': '/home/jhpc/RobotArm/aris_ws/build/aris_package', 'catkin_cmake_args': None, 'catkin_skip_building_tests': False, 'cmake_args': None, 'cmake_clean_cache': False, 'cmake_clean_first': False, 'cmake_force_configure': False, 'cmake_target': None, 'cmake_target_skip_unavailable': False, 'install_base': '/home/jhpc/RobotArm/aris_ws/install/aris_package', 'merge_install': False, 'path': '/home/jhpc/RobotArm/aris_ws/src/aris_package', 'symlink_install': False, 'test_result_base': None}
[0.280s] Level 5:colcon.colcon_core.verb:set package 'team4_msgs' build argument 'cmake_args' from command line to 'None'
[0.280s] Level 5:colcon.colcon_core.verb:set package 'team4_msgs' build argument 'cmake_target' from command line to 'None'
[0.280s] Level 5:colcon.colcon_core.verb:set package 'team4_msgs' build argument 'cmake_target_skip_unavailable' from command line to 'False'
[0.280s] Level 5:colcon.colcon_core.verb:set package 'team4_msgs' build argument 'cmake_clean_cache' from command line to 'False'
[0.280s] Level 5:colcon.colcon_core.verb:set package 'team4_msgs' build argument 'cmake_clean_first' from command line to 'False'
[0.280s] Level 5:colcon.colcon_core.verb:set package 'team4_msgs' build argument 'cmake_force_configure' from command line to 'False'
[0.280s] Level 5:colcon.colcon_core.verb:set package 'team4_msgs' build argument 'ament_cmake_args' from command line to 'None'
[0.280s] Level 5:colcon.colcon_core.verb:set package 'team4_msgs' build argument 'catkin_cmake_args' from command line to 'None'
[0.280s] Level 5:colcon.colcon_core.verb:set package 'team4_msgs' build argument 'catkin_skip_building_tests' from command line to 'False'
[0.280s] DEBUG:colcon.colcon_core.verb:Building package 'team4_msgs' with the following arguments: {'ament_cmake_args': None, 'build_base': '/home/jhpc/RobotArm/aris_ws/build/team4_msgs', 'catkin_cmake_args': None, 'catkin_skip_building_tests': False, 'cmake_args': None, 'cmake_clean_cache': False, 'cmake_clean_first': False, 'cmake_force_configure': False, 'cmake_target': None, 'cmake_target_skip_unavailable': False, 'install_base': '/home/jhpc/RobotArm/aris_ws/install/team4_msgs', 'merge_install': False, 'path': '/home/jhpc/RobotArm/aris_ws/src/team4_msgs', 'symlink_install': False, 'test_result_base': None}
[0.280s] INFO:colcon.colcon_core.executor:Executing jobs using 'parallel' executor
[0.281s] DEBUG:colcon.colcon_parallel_executor.executor.parallel:run_until_complete
[0.281s] INFO:colcon.colcon_ros.task.ament_python.build:Building ROS package in '/home/jhpc/RobotArm/aris_ws/src/aris_package' with build type 'ament_python'
[0.282s] Level 1:colcon.colcon_core.shell:create_environment_hook('aris_package', 'ament_prefix_path')
[0.283s] INFO:colcon.colcon_core.plugin_system:Skipping extension 'colcon_core.shell.bat': Not used on non-Windows systems
[0.283s] INFO:colcon.colcon_core.shell:Creating environment hook '/home/jhpc/RobotArm/aris_ws/install/aris_package/share/aris_package/hook/ament_prefix_path.ps1'
[0.283s] INFO:colcon.colcon_core.shell:Creating environment descriptor '/home/jhpc/RobotArm/aris_ws/install/aris_package/share/aris_package/hook/ament_prefix_path.dsv'
[0.284s] INFO:colcon.colcon_core.shell:Creating environment hook '/home/jhpc/RobotArm/aris_ws/install/aris_package/share/aris_package/hook/ament_prefix_path.sh'
[0.284s] INFO:colcon.colcon_core.shell:Skip shell extension 'powershell' for command environment: Not usable outside of PowerShell
[0.284s] DEBUG:colcon.colcon_core.shell:Skip shell extension 'dsv' for command environment
[0.287s] INFO:colcon.colcon_ros.task.ament_cmake.build:Building ROS package in '/home/jhpc/RobotArm/aris_ws/src/team4_msgs' with build type 'ament_cmake'
[0.287s] INFO:colcon.colcon_cmake.task.cmake.build:Building CMake package in '/home/jhpc/RobotArm/aris_ws/src/team4_msgs'
[0.287s] INFO:colcon.colcon_core.shell:Skip shell extension 'powershell' for command environment: Not usable outside of PowerShell
[0.288s] DEBUG:colcon.colcon_core.shell:Skip shell extension 'dsv' for command environment
[0.493s] WARNING:colcon.colcon_ros.task.ament_python.build:Package 'aris_package' doesn't explicitly install a marker in the package index (colcon-ros currently does it implicitly but that fallback will be removed in the future)
[0.494s] WARNING:colcon.colcon_ros.task.ament_python.build:Package 'aris_package' doesn't explicitly install the 'package.xml' file (colcon-ros currently does it implicitly but that fallback will be removed in the future)
[0.494s] INFO:colcon.colcon_core.task.python.build:Building Python package in '/home/jhpc/RobotArm/aris_ws/src/aris_package'
[0.495s] INFO:colcon.colcon_core.shell:Skip shell extension 'powershell' for command environment: Not usable outside of PowerShell
[0.495s] DEBUG:colcon.colcon_core.shell:Skip shell extension 'dsv' for command environment
[0.504s] DEBUG:colcon.colcon_core.event_handler.log_command:Invoking command in '/home/jhpc/RobotArm/aris_ws/build/team4_msgs': CMAKE_PREFIX_PATH=${CMAKE_PREFIX_PATH}:/opt/ros/humble /usr/bin/cmake --build /home/jhpc/RobotArm/aris_ws/build/team4_msgs -- -j8 -l8
[0.843s] DEBUG:colcon.colcon_core.event_handler.log_command:Invoked command in '/home/jhpc/RobotArm/aris_ws/build/team4_msgs' returned '0': CMAKE_PREFIX_PATH=${CMAKE_PREFIX_PATH}:/opt/ros/humble /usr/bin/cmake --build /home/jhpc/RobotArm/aris_ws/build/team4_msgs -- -j8 -l8
[0.864s] DEBUG:colcon.colcon_core.event_handler.log_command:Invoking command in '/home/jhpc/RobotArm/aris_ws/src/aris_package': PYTHONPATH=/home/jhpc/RobotArm/aris_ws/build/aris_package/prefix_override:/usr/lib/python3/dist-packages/colcon_core/task/python/colcon_distutils_commands:/home/jhpc/RobotArm/aris_ws/install/aris_package/lib/python3.10/site-packages:${PYTHONPATH} /usr/bin/python3 -W ignore:setup.py install is deprecated setup.py egg_info --egg-base ../../build/aris_package build --build-base /home/jhpc/RobotArm/aris_ws/build/aris_package/build install --record /home/jhpc/RobotArm/aris_ws/build/aris_package/install.log --single-version-externally-managed
[0.950s] DEBUG:colcon.colcon_core.event_handler.log_command:Invoking command in '/home/jhpc/RobotArm/aris_ws/build/team4_msgs': CMAKE_PREFIX_PATH=${CMAKE_PREFIX_PATH}:/opt/ros/humble /usr/bin/cmake --install /home/jhpc/RobotArm/aris_ws/build/team4_msgs
[1.008s] Level 1:colcon.colcon_core.environment:create_environment_scripts_only(team4_msgs)
[1.010s] DEBUG:colcon.colcon_core.event_handler.log_command:Invoked command in '/home/jhpc/RobotArm/aris_ws/build/team4_msgs' returned '0': CMAKE_PREFIX_PATH=${CMAKE_PREFIX_PATH}:/opt/ros/humble /usr/bin/cmake --install /home/jhpc/RobotArm/aris_ws/build/team4_msgs
[1.013s] Level 1:colcon.colcon_core.environment:checking '/home/jhpc/RobotArm/aris_ws/install/team4_msgs' for CMake module files
[1.013s] Level 1:colcon.colcon_core.environment:checking '/home/jhpc/RobotArm/aris_ws/install/team4_msgs' for CMake config files
[1.014s] Level 1:colcon.colcon_core.shell:create_environment_hook('team4_msgs', 'cmake_prefix_path')
[1.014s] INFO:colcon.colcon_core.shell:Creating environment hook '/home/jhpc/RobotArm/aris_ws/install/team4_msgs/share/team4_msgs/hook/cmake_prefix_path.ps1'
[1.014s] INFO:colcon.colcon_core.shell:Creating environment descriptor '/home/jhpc/RobotArm/aris_ws/install/team4_msgs/share/team4_msgs/hook/cmake_prefix_path.dsv'
[1.014s] INFO:colcon.colcon_core.shell:Creating environment hook '/home/jhpc/RobotArm/aris_ws/install/team4_msgs/share/team4_msgs/hook/cmake_prefix_path.sh'
[1.015s] Level 1:colcon.colcon_core.environment:checking '/home/jhpc/RobotArm/aris_ws/install/team4_msgs/lib'
[1.015s] Level 1:colcon.colcon_core.shell:create_environment_hook('team4_msgs', 'ld_library_path_lib')
[1.015s] INFO:colcon.colcon_core.shell:Creating environment hook '/home/jhpc/RobotArm/aris_ws/install/team4_msgs/share/team4_msgs/hook/ld_library_path_lib.ps1'
[1.016s] INFO:colcon.colcon_core.shell:Creating environment descriptor '/home/jhpc/RobotArm/aris_ws/install/team4_msgs/share/team4_msgs/hook/ld_library_path_lib.dsv'
[1.016s] INFO:colcon.colcon_core.shell:Creating environment hook '/home/jhpc/RobotArm/aris_ws/install/team4_msgs/share/team4_msgs/hook/ld_library_path_lib.sh'
[1.016s] Level 1:colcon.colcon_core.environment:checking '/home/jhpc/RobotArm/aris_ws/install/team4_msgs/bin'
[1.016s] Level 1:colcon.colcon_core.environment:checking '/home/jhpc/RobotArm/aris_ws/install/team4_msgs/lib/pkgconfig/team4_msgs.pc'
[1.016s] Level 1:colcon.colcon_core.environment:checking '/home/jhpc/RobotArm/aris_ws/install/team4_msgs/lib/python3.10/site-packages'
[1.017s] Level 1:colcon.colcon_core.environment:checking '/home/jhpc/RobotArm/aris_ws/install/team4_msgs/bin'
[1.017s] INFO:colcon.colcon_core.shell:Creating package script '/home/jhpc/RobotArm/aris_ws/install/team4_msgs/share/team4_msgs/package.ps1'
[1.017s] INFO:colcon.colcon_core.shell:Creating package descriptor '/home/jhpc/RobotArm/aris_ws/install/team4_msgs/share/team4_msgs/package.dsv'
[1.018s] INFO:colcon.colcon_core.shell:Creating package script '/home/jhpc/RobotArm/aris_ws/install/team4_msgs/share/team4_msgs/package.sh'
[1.018s] INFO:colcon.colcon_core.shell:Creating package script '/home/jhpc/RobotArm/aris_ws/install/team4_msgs/share/team4_msgs/package.bash'
[1.019s] INFO:colcon.colcon_core.shell:Creating package script '/home/jhpc/RobotArm/aris_ws/install/team4_msgs/share/team4_msgs/package.zsh'
[1.019s] Level 1:colcon.colcon_core.environment:create_file_with_runtime_dependencies(/home/jhpc/RobotArm/aris_ws/install/team4_msgs/share/colcon-core/packages/team4_msgs)
[1.121s] Level 1:colcon.colcon_core.environment:create_environment_scripts_only(team4_msgs)
[1.122s] Level 1:colcon.colcon_core.environment:checking '/home/jhpc/RobotArm/aris_ws/install/team4_msgs' for CMake module files
[1.122s] Level 1:colcon.colcon_core.environment:checking '/home/jhpc/RobotArm/aris_ws/install/team4_msgs' for CMake config files
[1.123s] Level 1:colcon.colcon_core.shell:create_environment_hook('team4_msgs', 'cmake_prefix_path')
[1.123s] INFO:colcon.colcon_core.shell:Creating environment hook '/home/jhpc/RobotArm/aris_ws/install/team4_msgs/share/team4_msgs/hook/cmake_prefix_path.ps1'
[1.124s] INFO:colcon.colcon_core.shell:Creating environment descriptor '/home/jhpc/RobotArm/aris_ws/install/team4_msgs/share/team4_msgs/hook/cmake_prefix_path.dsv'
[1.124s] INFO:colcon.colcon_core.shell:Creating environment hook '/home/jhpc/RobotArm/aris_ws/install/team4_msgs/share/team4_msgs/hook/cmake_prefix_path.sh'
[1.124s] Level 1:colcon.colcon_core.environment:checking '/home/jhpc/RobotArm/aris_ws/install/team4_msgs/lib'
[1.124s] Level 1:colcon.colcon_core.shell:create_environment_hook('team4_msgs', 'ld_library_path_lib')
[1.125s] INFO:colcon.colcon_core.shell:Creating environment hook '/home/jhpc/RobotArm/aris_ws/install/team4_msgs/share/team4_msgs/hook/ld_library_path_lib.ps1'
[1.125s] INFO:colcon.colcon_core.shell:Creating environment descriptor '/home/jhpc/RobotArm/aris_ws/install/team4_msgs/share/team4_msgs/hook/ld_library_path_lib.dsv'
[1.125s] INFO:colcon.colcon_core.shell:Creating environment hook '/home/jhpc/RobotArm/aris_ws/install/team4_msgs/share/team4_msgs/hook/ld_library_path_lib.sh'
[1.125s] Level 1:colcon.colcon_core.environment:checking '/home/jhpc/RobotArm/aris_ws/install/team4_msgs/bin'
[1.125s] Level 1:colcon.colcon_core.environment:checking '/home/jhpc/RobotArm/aris_ws/install/team4_msgs/lib/pkgconfig/team4_msgs.pc'
[1.126s] Level 1:colcon.colcon_core.environment:checking '/home/jhpc/RobotArm/aris_ws/install/team4_msgs/lib/python3.10/site-packages'
[1.126s] Level 1:colcon.colcon_core.environment:checking '/home/jhpc/RobotArm/aris_ws/install/team4_msgs/bin'
[1.126s] INFO:colcon.colcon_core.shell:Creating package script '/home/jhpc/RobotArm/aris_ws/install/team4_msgs/share/team4_msgs/package.ps1'
[1.127s] INFO:colcon.colcon_core.shell:Creating package descriptor '/home/jhpc/RobotArm/aris_ws/install/team4_msgs/share/team4_msgs/package.dsv'
[1.127s] INFO:colcon.colcon_core.shell:Creating package script '/home/jhpc/RobotArm/aris_ws/install/team4_msgs/share/team4_msgs/package.sh'
[1.127s] INFO:colcon.colcon_core.shell:Creating package script '/home/jhpc/RobotArm/aris_ws/install/team4_msgs/share/team4_msgs/package.bash'
[1.128s] INFO:colcon.colcon_core.shell:Creating package script '/home/jhpc/RobotArm/aris_ws/install/team4_msgs/share/team4_msgs/package.zsh'
[1.128s] Level 1:colcon.colcon_core.environment:create_file_with_runtime_dependencies(/home/jhpc/RobotArm/aris_ws/install/team4_msgs/share/colcon-core/packages/team4_msgs)
[1.176s] Level 1:colcon.colcon_core.environment:checking '/home/jhpc/RobotArm/aris_ws/install/aris_package' for CMake module files
[1.177s] DEBUG:colcon.colcon_core.event_handler.log_command:Invoked command in '/home/jhpc/RobotArm/aris_ws/src/aris_package' returned '0': PYTHONPATH=/home/jhpc/RobotArm/aris_ws/build/aris_package/prefix_override:/usr/lib/python3/dist-packages/colcon_core/task/python/colcon_distutils_commands:/home/jhpc/RobotArm/aris_ws/install/aris_package/lib/python3.10/site-packages:${PYTHONPATH} /usr/bin/python3 -W ignore:setup.py install is deprecated setup.py egg_info --egg-base ../../build/aris_package build --build-base /home/jhpc/RobotArm/aris_ws/build/aris_package/build install --record /home/jhpc/RobotArm/aris_ws/build/aris_package/install.log --single-version-externally-managed
[1.177s] Level 1:colcon.colcon_core.environment:checking '/home/jhpc/RobotArm/aris_ws/install/aris_package' for CMake config files
[1.177s] Level 1:colcon.colcon_core.environment:checking '/home/jhpc/RobotArm/aris_ws/install/aris_package/lib'
[1.178s] Level 1:colcon.colcon_core.environment:checking '/home/jhpc/RobotArm/aris_ws/install/aris_package/bin'
[1.178s] Level 1:colcon.colcon_core.environment:checking '/home/jhpc/RobotArm/aris_ws/install/aris_package/lib/pkgconfig/aris_package.pc'
[1.178s] Level 1:colcon.colcon_core.environment:checking '/home/jhpc/RobotArm/aris_ws/install/aris_package/lib/python3.10/site-packages'
[1.178s] Level 1:colcon.colcon_core.shell:create_environment_hook('aris_package', 'pythonpath')
[1.178s] INFO:colcon.colcon_core.shell:Creating environment hook '/home/jhpc/RobotArm/aris_ws/install/aris_package/share/aris_package/hook/pythonpath.ps1'
[1.178s] INFO:colcon.colcon_core.shell:Creating environment descriptor '/home/jhpc/RobotArm/aris_ws/install/aris_package/share/aris_package/hook/pythonpath.dsv'
[1.178s] INFO:colcon.colcon_core.shell:Creating environment hook '/home/jhpc/RobotArm/aris_ws/install/aris_package/share/aris_package/hook/pythonpath.sh'
[1.179s] Level 1:colcon.colcon_core.environment:checking '/home/jhpc/RobotArm/aris_ws/install/aris_package/bin'
[1.179s] Level 1:colcon.colcon_core.environment:create_environment_scripts_only(aris_package)
[1.179s] INFO:colcon.colcon_core.shell:Creating package script '/home/jhpc/RobotArm/aris_ws/install/aris_package/share/aris_package/package.ps1'
[1.180s] INFO:colcon.colcon_core.shell:Creating package descriptor '/home/jhpc/RobotArm/aris_ws/install/aris_package/share/aris_package/package.dsv'
[1.180s] INFO:colcon.colcon_core.shell:Creating package script '/home/jhpc/RobotArm/aris_ws/install/aris_package/share/aris_package/package.sh'
[1.180s] INFO:colcon.colcon_core.shell:Creating package script '/home/jhpc/RobotArm/aris_ws/install/aris_package/share/aris_package/package.bash'
[1.180s] INFO:colcon.colcon_core.shell:Creating package script '/home/jhpc/RobotArm/aris_ws/install/aris_package/share/aris_package/package.zsh'
[1.180s] Level 1:colcon.colcon_core.environment:create_file_with_runtime_dependencies(/home/jhpc/RobotArm/aris_ws/install/aris_package/share/colcon-core/packages/aris_package)
[1.181s] DEBUG:colcon.colcon_parallel_executor.executor.parallel:closing loop
[1.181s] DEBUG:colcon.colcon_parallel_executor.executor.parallel:loop closed
[1.181s] DEBUG:colcon.colcon_parallel_executor.executor.parallel:run_until_complete finished with '0'
[1.181s] DEBUG:colcon.colcon_core.event_reactor:joining thread
[1.189s] INFO:colcon.colcon_core.plugin_system:Skipping extension 'colcon_notification.desktop_notification.terminal_notifier': Not used on non-Darwin systems
[1.189s] INFO:colcon.colcon_core.plugin_system:Skipping extension 'colcon_notification.desktop_notification.win32': Not used on non-Windows systems
[1.189s] INFO:colcon.colcon_notification.desktop_notification:Sending desktop notification using 'notify2'
[1.200s] DEBUG:colcon.colcon_core.event_reactor:joined thread
[1.201s] INFO:colcon.colcon_core.shell:Creating prefix script '/home/jhpc/RobotArm/aris_ws/install/local_setup.ps1'
[1.202s] INFO:colcon.colcon_core.shell:Creating prefix util module '/home/jhpc/RobotArm/aris_ws/install/_local_setup_util_ps1.py'
[1.203s] INFO:colcon.colcon_core.shell:Creating prefix chain script '/home/jhpc/RobotArm/aris_ws/install/setup.ps1'
[1.203s] INFO:colcon.colcon_core.shell:Creating prefix script '/home/jhpc/RobotArm/aris_ws/install/local_setup.sh'
[1.204s] INFO:colcon.colcon_core.shell:Creating prefix util module '/home/jhpc/RobotArm/aris_ws/install/_local_setup_util_sh.py'
[1.204s] INFO:colcon.colcon_core.shell:Creating prefix chain script '/home/jhpc/RobotArm/aris_ws/install/setup.sh'
[1.205s] INFO:colcon.colcon_core.shell:Creating prefix script '/home/jhpc/RobotArm/aris_ws/install/local_setup.bash'
[1.206s] INFO:colcon.colcon_core.shell:Creating prefix chain script '/home/jhpc/RobotArm/aris_ws/install/setup.bash'
[1.207s] INFO:colcon.colcon_core.shell:Creating prefix script '/home/jhpc/RobotArm/aris_ws/install/local_setup.zsh'
[1.208s] INFO:colcon.colcon_core.shell:Creating prefix chain script '/home/jhpc/RobotArm/aris_ws/install/setup.zsh'
