[0.582s] Invoking command in '/home/jhpc/RobotArm/aris_ws/src/aris_package': PYTHONPATH=/home/jhpc/RobotArm/aris_ws/build/aris_package/prefix_override:/usr/lib/python3/dist-packages/colcon_core/task/python/colcon_distutils_commands:/home/jhpc/RobotArm/aris_ws/install/aris_package/lib/python3.10/site-packages:${PYTHONPATH} /usr/bin/python3 -W ignore:setup.py install is deprecated setup.py egg_info --egg-base ../../build/aris_package build --build-base /home/jhpc/RobotArm/aris_ws/build/aris_package/build install --record /home/jhpc/RobotArm/aris_ws/build/aris_package/install.log --single-version-externally-managed
[0.808s] running egg_info
[0.810s] writing ../../build/aris_package/aris_package.egg-info/PKG-INFO
[0.810s] writing dependency_links to ../../build/aris_package/aris_package.egg-info/dependency_links.txt
[0.810s] writing entry points to ../../build/aris_package/aris_package.egg-info/entry_points.txt
[0.810s] writing requirements to ../../build/aris_package/aris_package.egg-info/requires.txt
[0.810s] writing top-level names to ../../build/aris_package/aris_package.egg-info/top_level.txt
[0.812s] reading manifest file '../../build/aris_package/aris_package.egg-info/SOURCES.txt'
[0.813s] writing manifest file '../../build/aris_package/aris_package.egg-info/SOURCES.txt'
[0.814s] running build
[0.814s] running build_py
[0.814s] copying aris_package/motion2.py -> /home/jhpc/RobotArm/aris_ws/build/aris_package/build/lib/aris_package
[0.815s] running install
[0.815s] running install_lib
[0.817s] copying /home/jhpc/RobotArm/aris_ws/build/aris_package/build/lib/aris_package/motion2.py -> /home/jhpc/RobotArm/aris_ws/install/aris_package/lib/python3.10/site-packages/aris_package
[0.819s] byte-compiling /home/jhpc/RobotArm/aris_ws/install/aris_package/lib/python3.10/site-packages/aris_package/motion2.py to motion2.cpython-310.pyc
[0.835s] running install_egg_info
[0.836s] removing '/home/jhpc/RobotArm/aris_ws/install/aris_package/lib/python3.10/site-packages/aris_package-0.1.0-py3.10.egg-info' (and everything under it)
[0.836s] Copying ../../build/aris_package/aris_package.egg-info to /home/jhpc/RobotArm/aris_ws/install/aris_package/lib/python3.10/site-packages/aris_package-0.1.0-py3.10.egg-info
[0.837s] running install_scripts
[0.855s] Installing motion2 script to /home/jhpc/RobotArm/aris_ws/install/aris_package/lib/aris_package
[0.856s] writing list of installed files to '/home/jhpc/RobotArm/aris_ws/build/aris_package/install.log'
[0.895s] Invoked command in '/home/jhpc/RobotArm/aris_ws/src/aris_package' returned '0': PYTHONPATH=/home/jhpc/RobotArm/aris_ws/build/aris_package/prefix_override:/usr/lib/python3/dist-packages/colcon_core/task/python/colcon_distutils_commands:/home/jhpc/RobotArm/aris_ws/install/aris_package/lib/python3.10/site-packages:${PYTHONPATH} /usr/bin/python3 -W ignore:setup.py install is deprecated setup.py egg_info --egg-base ../../build/aris_package build --build-base /home/jhpc/RobotArm/aris_ws/build/aris_package/build install --record /home/jhpc/RobotArm/aris_ws/build/aris_package/install.log --single-version-externally-managed
