[  1%] Built target team4_msgs__cpp
[ 12%] Built target team4_msgs__rosidl_generator_c
[ 12%] Built target ament_cmake_python_copy_team4_msgs
[ 45%] Built target team4_msgs__rosidl_typesupport_fastrtps_c
[ 45%] Built target team4_msgs__rosidl_typesupport_introspection_cpp
[ 45%] Built target team4_msgs__rosidl_typesupport_cpp
[ 56%] Built target team4_msgs__rosidl_typesupport_fastrtps_cpp
[ 78%] Built target team4_msgs__rosidl_typesupport_c
[ 78%] Built target team4_msgs__rosidl_typesupport_introspection_c
[ 78%] Built target team4_msgs
[ 80%] Built target team4_msgs__py
[ 89%] Built target team4_msgs__rosidl_generator_py
[ 92%] Built target team4_msgs__rosidl_typesupport_introspection_c__pyext
[ 96%] Built target team4_msgs__rosidl_typesupport_c__pyext
[100%] Built target team4_msgs__rosidl_typesupport_fastrtps_c__pyext
running egg_info
writing team4_msgs.egg-info/PKG-INFO
writing dependency_links to team4_msgs.egg-info/dependency_links.txt
writing top-level names to team4_msgs.egg-info/top_level.txt
reading manifest file 'team4_msgs.egg-info/SOURCES.txt'
writing manifest file 'team4_msgs.egg-info/SOURCES.txt'
[100%] Built target ament_cmake_python_build_team4_msgs_egg
-- Install configuration: ""
-- Up-to-date: /home/jhpc/RobotArm/aris_ws/install/team4_msgs/share/ament_index/resource_index/rosidl_interfaces/team4_msgs
-- Up-to-date: /home/jhpc/RobotArm/aris_ws/install/team4_msgs/include/team4_msgs/team4_msgs
-- Up-to-date: /home/jhpc/RobotArm/aris_ws/install/team4_msgs/include/team4_msgs/team4_msgs/srv
-- Up-to-date: /home/jhpc/RobotArm/aris_ws/install/team4_msgs/include/team4_msgs/team4_msgs/srv/is_okay_icecream.h
-- Up-to-date: /home/jhpc/RobotArm/aris_ws/install/team4_msgs/include/team4_msgs/team4_msgs/srv/detail
-- Up-to-date: /home/jhpc/RobotArm/aris_ws/install/team4_msgs/include/team4_msgs/team4_msgs/srv/detail/is_okay_icecream__functions.c
-- Up-to-date: /home/jhpc/RobotArm/aris_ws/install/team4_msgs/include/team4_msgs/team4_msgs/srv/detail/put_on_icecream__type_support.h
-- Up-to-date: /home/jhpc/RobotArm/aris_ws/install/team4_msgs/include/team4_msgs/team4_msgs/srv/detail/put_on_icecream__functions.h
-- Up-to-date: /home/jhpc/RobotArm/aris_ws/install/team4_msgs/include/team4_msgs/team4_msgs/srv/detail/is_okay_icecream__struct.h
-- Up-to-date: /home/jhpc/RobotArm/aris_ws/install/team4_msgs/include/team4_msgs/team4_msgs/srv/detail/is_okay_icecream__type_support.h
-- Up-to-date: /home/jhpc/RobotArm/aris_ws/install/team4_msgs/include/team4_msgs/team4_msgs/srv/detail/put_on_icecream__functions.c
-- Up-to-date: /home/jhpc/RobotArm/aris_ws/install/team4_msgs/include/team4_msgs/team4_msgs/srv/detail/is_okay_icecream__functions.h
-- Up-to-date: /home/jhpc/RobotArm/aris_ws/install/team4_msgs/include/team4_msgs/team4_msgs/srv/detail/put_on_icecream__struct.h
-- Up-to-date: /home/jhpc/RobotArm/aris_ws/install/team4_msgs/include/team4_msgs/team4_msgs/srv/put_on_icecream.h
-- Up-to-date: /home/jhpc/RobotArm/aris_ws/install/team4_msgs/include/team4_msgs/team4_msgs/msg
-- Up-to-date: /home/jhpc/RobotArm/aris_ws/install/team4_msgs/include/team4_msgs/team4_msgs/msg/detail
-- Up-to-date: /home/jhpc/RobotArm/aris_ws/install/team4_msgs/include/team4_msgs/team4_msgs/msg/detail/aris_status__struct.h
-- Up-to-date: /home/jhpc/RobotArm/aris_ws/install/team4_msgs/include/team4_msgs/team4_msgs/msg/detail/storagy_status__type_support.h
-- Up-to-date: /home/jhpc/RobotArm/aris_ws/install/team4_msgs/include/team4_msgs/team4_msgs/msg/detail/storagy_status__functions.c
-- Up-to-date: /home/jhpc/RobotArm/aris_ws/install/team4_msgs/include/team4_msgs/team4_msgs/msg/detail/aris_status__functions.h
-- Up-to-date: /home/jhpc/RobotArm/aris_ws/install/team4_msgs/include/team4_msgs/team4_msgs/msg/detail/aris_status__type_support.h
-- Up-to-date: /home/jhpc/RobotArm/aris_ws/install/team4_msgs/include/team4_msgs/team4_msgs/msg/detail/aris_status__functions.c
-- Up-to-date: /home/jhpc/RobotArm/aris_ws/install/team4_msgs/include/team4_msgs/team4_msgs/msg/detail/storagy_status__struct.h
-- Up-to-date: /home/jhpc/RobotArm/aris_ws/install/team4_msgs/include/team4_msgs/team4_msgs/msg/detail/storagy_status__functions.h
-- Up-to-date: /home/jhpc/RobotArm/aris_ws/install/team4_msgs/include/team4_msgs/team4_msgs/msg/storagy_status.h
-- Up-to-date: /home/jhpc/RobotArm/aris_ws/install/team4_msgs/include/team4_msgs/team4_msgs/msg/rosidl_generator_c__visibility_control.h
-- Up-to-date: /home/jhpc/RobotArm/aris_ws/install/team4_msgs/include/team4_msgs/team4_msgs/msg/aris_status.h
-- Up-to-date: /home/jhpc/RobotArm/aris_ws/install/team4_msgs/share/team4_msgs/environment/library_path.sh
-- Up-to-date: /home/jhpc/RobotArm/aris_ws/install/team4_msgs/share/team4_msgs/environment/library_path.dsv
-- Up-to-date: /home/jhpc/RobotArm/aris_ws/install/team4_msgs/lib/libteam4_msgs__rosidl_generator_c.so
-- Up-to-date: /home/jhpc/RobotArm/aris_ws/install/team4_msgs/include/team4_msgs/team4_msgs
-- Up-to-date: /home/jhpc/RobotArm/aris_ws/install/team4_msgs/include/team4_msgs/team4_msgs/srv
-- Up-to-date: /home/jhpc/RobotArm/aris_ws/install/team4_msgs/include/team4_msgs/team4_msgs/srv/detail
-- Up-to-date: /home/jhpc/RobotArm/aris_ws/install/team4_msgs/include/team4_msgs/team4_msgs/srv/detail/is_okay_icecream__rosidl_typesupport_fastrtps_c.h
-- Up-to-date: /home/jhpc/RobotArm/aris_ws/install/team4_msgs/include/team4_msgs/team4_msgs/srv/detail/put_on_icecream__rosidl_typesupport_fastrtps_c.h
-- Up-to-date: /home/jhpc/RobotArm/aris_ws/install/team4_msgs/include/team4_msgs/team4_msgs/msg
-- Up-to-date: /home/jhpc/RobotArm/aris_ws/install/team4_msgs/include/team4_msgs/team4_msgs/msg/rosidl_typesupport_fastrtps_c__visibility_control.h
-- Up-to-date: /home/jhpc/RobotArm/aris_ws/install/team4_msgs/include/team4_msgs/team4_msgs/msg/detail
-- Up-to-date: /home/jhpc/RobotArm/aris_ws/install/team4_msgs/include/team4_msgs/team4_msgs/msg/detail/storagy_status__rosidl_typesupport_fastrtps_c.h
-- Up-to-date: /home/jhpc/RobotArm/aris_ws/install/team4_msgs/include/team4_msgs/team4_msgs/msg/detail/aris_status__rosidl_typesupport_fastrtps_c.h
-- Up-to-date: /home/jhpc/RobotArm/aris_ws/install/team4_msgs/lib/libteam4_msgs__rosidl_typesupport_fastrtps_c.so
-- Up-to-date: /home/jhpc/RobotArm/aris_ws/install/team4_msgs/include/team4_msgs/team4_msgs
-- Up-to-date: /home/jhpc/RobotArm/aris_ws/install/team4_msgs/include/team4_msgs/team4_msgs/srv
-- Up-to-date: /home/jhpc/RobotArm/aris_ws/install/team4_msgs/include/team4_msgs/team4_msgs/srv/detail
-- Up-to-date: /home/jhpc/RobotArm/aris_ws/install/team4_msgs/include/team4_msgs/team4_msgs/srv/detail/is_okay_icecream__type_support.c
-- Up-to-date: /home/jhpc/RobotArm/aris_ws/install/team4_msgs/include/team4_msgs/team4_msgs/srv/detail/put_on_icecream__rosidl_typesupport_introspection_c.h
-- Up-to-date: /home/jhpc/RobotArm/aris_ws/install/team4_msgs/include/team4_msgs/team4_msgs/srv/detail/put_on_icecream__type_support.c
-- Up-to-date: /home/jhpc/RobotArm/aris_ws/install/team4_msgs/include/team4_msgs/team4_msgs/srv/detail/is_okay_icecream__rosidl_typesupport_introspection_c.h
-- Up-to-date: /home/jhpc/RobotArm/aris_ws/install/team4_msgs/include/team4_msgs/team4_msgs/msg
-- Up-to-date: /home/jhpc/RobotArm/aris_ws/install/team4_msgs/include/team4_msgs/team4_msgs/msg/rosidl_typesupport_introspection_c__visibility_control.h
-- Up-to-date: /home/jhpc/RobotArm/aris_ws/install/team4_msgs/include/team4_msgs/team4_msgs/msg/detail
-- Up-to-date: /home/jhpc/RobotArm/aris_ws/install/team4_msgs/include/team4_msgs/team4_msgs/msg/detail/storagy_status__type_support.c
-- Up-to-date: /home/jhpc/RobotArm/aris_ws/install/team4_msgs/include/team4_msgs/team4_msgs/msg/detail/aris_status__type_support.c
-- Up-to-date: /home/jhpc/RobotArm/aris_ws/install/team4_msgs/include/team4_msgs/team4_msgs/msg/detail/storagy_status__rosidl_typesupport_introspection_c.h
-- Up-to-date: /home/jhpc/RobotArm/aris_ws/install/team4_msgs/include/team4_msgs/team4_msgs/msg/detail/aris_status__rosidl_typesupport_introspection_c.h
-- Up-to-date: /home/jhpc/RobotArm/aris_ws/install/team4_msgs/lib/libteam4_msgs__rosidl_typesupport_introspection_c.so
-- Up-to-date: /home/jhpc/RobotArm/aris_ws/install/team4_msgs/lib/libteam4_msgs__rosidl_typesupport_c.so
-- Up-to-date: /home/jhpc/RobotArm/aris_ws/install/team4_msgs/include/team4_msgs/team4_msgs
-- Up-to-date: /home/jhpc/RobotArm/aris_ws/install/team4_msgs/include/team4_msgs/team4_msgs/srv
-- Up-to-date: /home/jhpc/RobotArm/aris_ws/install/team4_msgs/include/team4_msgs/team4_msgs/srv/put_on_icecream.hpp
-- Up-to-date: /home/jhpc/RobotArm/aris_ws/install/team4_msgs/include/team4_msgs/team4_msgs/srv/detail
-- Up-to-date: /home/jhpc/RobotArm/aris_ws/install/team4_msgs/include/team4_msgs/team4_msgs/srv/detail/put_on_icecream__traits.hpp
-- Up-to-date: /home/jhpc/RobotArm/aris_ws/install/team4_msgs/include/team4_msgs/team4_msgs/srv/detail/is_okay_icecream__traits.hpp
-- Up-to-date: /home/jhpc/RobotArm/aris_ws/install/team4_msgs/include/team4_msgs/team4_msgs/srv/detail/put_on_icecream__struct.hpp
-- Up-to-date: /home/jhpc/RobotArm/aris_ws/install/team4_msgs/include/team4_msgs/team4_msgs/srv/detail/is_okay_icecream__struct.hpp
-- Up-to-date: /home/jhpc/RobotArm/aris_ws/install/team4_msgs/include/team4_msgs/team4_msgs/srv/detail/put_on_icecream__builder.hpp
-- Up-to-date: /home/jhpc/RobotArm/aris_ws/install/team4_msgs/include/team4_msgs/team4_msgs/srv/detail/is_okay_icecream__builder.hpp
-- Up-to-date: /home/jhpc/RobotArm/aris_ws/install/team4_msgs/include/team4_msgs/team4_msgs/srv/is_okay_icecream.hpp
-- Up-to-date: /home/jhpc/RobotArm/aris_ws/install/team4_msgs/include/team4_msgs/team4_msgs/msg
-- Up-to-date: /home/jhpc/RobotArm/aris_ws/install/team4_msgs/include/team4_msgs/team4_msgs/msg/detail
-- Up-to-date: /home/jhpc/RobotArm/aris_ws/install/team4_msgs/include/team4_msgs/team4_msgs/msg/detail/storagy_status__builder.hpp
-- Up-to-date: /home/jhpc/RobotArm/aris_ws/install/team4_msgs/include/team4_msgs/team4_msgs/msg/detail/aris_status__traits.hpp
-- Up-to-date: /home/jhpc/RobotArm/aris_ws/install/team4_msgs/include/team4_msgs/team4_msgs/msg/detail/aris_status__builder.hpp
-- Up-to-date: /home/jhpc/RobotArm/aris_ws/install/team4_msgs/include/team4_msgs/team4_msgs/msg/detail/storagy_status__traits.hpp
-- Up-to-date: /home/jhpc/RobotArm/aris_ws/install/team4_msgs/include/team4_msgs/team4_msgs/msg/detail/storagy_status__struct.hpp
-- Up-to-date: /home/jhpc/RobotArm/aris_ws/install/team4_msgs/include/team4_msgs/team4_msgs/msg/detail/aris_status__struct.hpp
-- Up-to-date: /home/jhpc/RobotArm/aris_ws/install/team4_msgs/include/team4_msgs/team4_msgs/msg/aris_status.hpp
-- Up-to-date: /home/jhpc/RobotArm/aris_ws/install/team4_msgs/include/team4_msgs/team4_msgs/msg/storagy_status.hpp
-- Up-to-date: /home/jhpc/RobotArm/aris_ws/install/team4_msgs/include/team4_msgs/team4_msgs
-- Up-to-date: /home/jhpc/RobotArm/aris_ws/install/team4_msgs/include/team4_msgs/team4_msgs/srv
-- Up-to-date: /home/jhpc/RobotArm/aris_ws/install/team4_msgs/include/team4_msgs/team4_msgs/srv/detail
-- Up-to-date: /home/jhpc/RobotArm/aris_ws/install/team4_msgs/include/team4_msgs/team4_msgs/srv/detail/dds_fastrtps
-- Up-to-date: /home/jhpc/RobotArm/aris_ws/install/team4_msgs/include/team4_msgs/team4_msgs/srv/detail/put_on_icecream__rosidl_typesupport_fastrtps_cpp.hpp
-- Up-to-date: /home/jhpc/RobotArm/aris_ws/install/team4_msgs/include/team4_msgs/team4_msgs/srv/detail/is_okay_icecream__rosidl_typesupport_fastrtps_cpp.hpp
-- Up-to-date: /home/jhpc/RobotArm/aris_ws/install/team4_msgs/include/team4_msgs/team4_msgs/msg
-- Up-to-date: /home/jhpc/RobotArm/aris_ws/install/team4_msgs/include/team4_msgs/team4_msgs/msg/detail
-- Up-to-date: /home/jhpc/RobotArm/aris_ws/install/team4_msgs/include/team4_msgs/team4_msgs/msg/detail/dds_fastrtps
-- Up-to-date: /home/jhpc/RobotArm/aris_ws/install/team4_msgs/include/team4_msgs/team4_msgs/msg/detail/aris_status__rosidl_typesupport_fastrtps_cpp.hpp
-- Up-to-date: /home/jhpc/RobotArm/aris_ws/install/team4_msgs/include/team4_msgs/team4_msgs/msg/detail/storagy_status__rosidl_typesupport_fastrtps_cpp.hpp
-- Up-to-date: /home/jhpc/RobotArm/aris_ws/install/team4_msgs/include/team4_msgs/team4_msgs/msg/rosidl_typesupport_fastrtps_cpp__visibility_control.h
-- Up-to-date: /home/jhpc/RobotArm/aris_ws/install/team4_msgs/lib/libteam4_msgs__rosidl_typesupport_fastrtps_cpp.so
-- Up-to-date: /home/jhpc/RobotArm/aris_ws/install/team4_msgs/include/team4_msgs/team4_msgs
-- Up-to-date: /home/jhpc/RobotArm/aris_ws/install/team4_msgs/include/team4_msgs/team4_msgs/srv
-- Up-to-date: /home/jhpc/RobotArm/aris_ws/install/team4_msgs/include/team4_msgs/team4_msgs/srv/detail
-- Up-to-date: /home/jhpc/RobotArm/aris_ws/install/team4_msgs/include/team4_msgs/team4_msgs/srv/detail/put_on_icecream__type_support.cpp
-- Up-to-date: /home/jhpc/RobotArm/aris_ws/install/team4_msgs/include/team4_msgs/team4_msgs/srv/detail/is_okay_icecream__type_support.cpp
-- Up-to-date: /home/jhpc/RobotArm/aris_ws/install/team4_msgs/include/team4_msgs/team4_msgs/srv/detail/put_on_icecream__rosidl_typesupport_introspection_cpp.hpp
-- Up-to-date: /home/jhpc/RobotArm/aris_ws/install/team4_msgs/include/team4_msgs/team4_msgs/srv/detail/is_okay_icecream__rosidl_typesupport_introspection_cpp.hpp
-- Up-to-date: /home/jhpc/RobotArm/aris_ws/install/team4_msgs/include/team4_msgs/team4_msgs/msg
-- Up-to-date: /home/jhpc/RobotArm/aris_ws/install/team4_msgs/include/team4_msgs/team4_msgs/msg/detail
-- Up-to-date: /home/jhpc/RobotArm/aris_ws/install/team4_msgs/include/team4_msgs/team4_msgs/msg/detail/aris_status__rosidl_typesupport_introspection_cpp.hpp
-- Up-to-date: /home/jhpc/RobotArm/aris_ws/install/team4_msgs/include/team4_msgs/team4_msgs/msg/detail/aris_status__type_support.cpp
-- Up-to-date: /home/jhpc/RobotArm/aris_ws/install/team4_msgs/include/team4_msgs/team4_msgs/msg/detail/storagy_status__type_support.cpp
-- Up-to-date: /home/jhpc/RobotArm/aris_ws/install/team4_msgs/include/team4_msgs/team4_msgs/msg/detail/storagy_status__rosidl_typesupport_introspection_cpp.hpp
-- Up-to-date: /home/jhpc/RobotArm/aris_ws/install/team4_msgs/lib/libteam4_msgs__rosidl_typesupport_introspection_cpp.so
-- Up-to-date: /home/jhpc/RobotArm/aris_ws/install/team4_msgs/lib/libteam4_msgs__rosidl_typesupport_cpp.so
-- Up-to-date: /home/jhpc/RobotArm/aris_ws/install/team4_msgs/share/team4_msgs/environment/pythonpath.sh
-- Up-to-date: /home/jhpc/RobotArm/aris_ws/install/team4_msgs/share/team4_msgs/environment/pythonpath.dsv
-- Up-to-date: /home/jhpc/RobotArm/aris_ws/install/team4_msgs/local/lib/python3.10/dist-packages/team4_msgs-0.0.0-py3.10.egg-info
-- Installing: /home/jhpc/RobotArm/aris_ws/install/team4_msgs/local/lib/python3.10/dist-packages/team4_msgs-0.0.0-py3.10.egg-info/dependency_links.txt
-- Installing: /home/jhpc/RobotArm/aris_ws/install/team4_msgs/local/lib/python3.10/dist-packages/team4_msgs-0.0.0-py3.10.egg-info/top_level.txt
-- Installing: /home/jhpc/RobotArm/aris_ws/install/team4_msgs/local/lib/python3.10/dist-packages/team4_msgs-0.0.0-py3.10.egg-info/SOURCES.txt
-- Installing: /home/jhpc/RobotArm/aris_ws/install/team4_msgs/local/lib/python3.10/dist-packages/team4_msgs-0.0.0-py3.10.egg-info/PKG-INFO
-- Up-to-date: /home/jhpc/RobotArm/aris_ws/install/team4_msgs/local/lib/python3.10/dist-packages/team4_msgs
-- Up-to-date: /home/jhpc/RobotArm/aris_ws/install/team4_msgs/local/lib/python3.10/dist-packages/team4_msgs/_team4_msgs_s.ep.rosidl_typesupport_fastrtps_c.c
-- Up-to-date: /home/jhpc/RobotArm/aris_ws/install/team4_msgs/local/lib/python3.10/dist-packages/team4_msgs/srv
-- Up-to-date: /home/jhpc/RobotArm/aris_ws/install/team4_msgs/local/lib/python3.10/dist-packages/team4_msgs/srv/_is_okay_icecream.py
-- Up-to-date: /home/jhpc/RobotArm/aris_ws/install/team4_msgs/local/lib/python3.10/dist-packages/team4_msgs/srv/__init__.py
-- Up-to-date: /home/jhpc/RobotArm/aris_ws/install/team4_msgs/local/lib/python3.10/dist-packages/team4_msgs/srv/_put_on_icecream.py
-- Up-to-date: /home/jhpc/RobotArm/aris_ws/install/team4_msgs/local/lib/python3.10/dist-packages/team4_msgs/srv/_is_okay_icecream_s.c
-- Up-to-date: /home/jhpc/RobotArm/aris_ws/install/team4_msgs/local/lib/python3.10/dist-packages/team4_msgs/srv/_put_on_icecream_s.c
-- Up-to-date: /home/jhpc/RobotArm/aris_ws/install/team4_msgs/local/lib/python3.10/dist-packages/team4_msgs/__init__.py
-- Up-to-date: /home/jhpc/RobotArm/aris_ws/install/team4_msgs/local/lib/python3.10/dist-packages/team4_msgs/_team4_msgs_s.ep.rosidl_typesupport_introspection_c.c
-- Up-to-date: /home/jhpc/RobotArm/aris_ws/install/team4_msgs/local/lib/python3.10/dist-packages/team4_msgs/team4_msgs_s__rosidl_typesupport_fastrtps_c.cpython-310-x86_64-linux-gnu.so
-- Up-to-date: /home/jhpc/RobotArm/aris_ws/install/team4_msgs/local/lib/python3.10/dist-packages/team4_msgs/team4_msgs_s__rosidl_typesupport_c.cpython-310-x86_64-linux-gnu.so
-- Up-to-date: /home/jhpc/RobotArm/aris_ws/install/team4_msgs/local/lib/python3.10/dist-packages/team4_msgs/msg
-- Up-to-date: /home/jhpc/RobotArm/aris_ws/install/team4_msgs/local/lib/python3.10/dist-packages/team4_msgs/msg/_aris_status_s.c
-- Up-to-date: /home/jhpc/RobotArm/aris_ws/install/team4_msgs/local/lib/python3.10/dist-packages/team4_msgs/msg/__init__.py
-- Up-to-date: /home/jhpc/RobotArm/aris_ws/install/team4_msgs/local/lib/python3.10/dist-packages/team4_msgs/msg/_aris_status.py
-- Up-to-date: /home/jhpc/RobotArm/aris_ws/install/team4_msgs/local/lib/python3.10/dist-packages/team4_msgs/msg/_storagy_status_s.c
-- Up-to-date: /home/jhpc/RobotArm/aris_ws/install/team4_msgs/local/lib/python3.10/dist-packages/team4_msgs/msg/_storagy_status.py
-- Up-to-date: /home/jhpc/RobotArm/aris_ws/install/team4_msgs/local/lib/python3.10/dist-packages/team4_msgs/team4_msgs_s__rosidl_typesupport_introspection_c.cpython-310-x86_64-linux-gnu.so
-- Up-to-date: /home/jhpc/RobotArm/aris_ws/install/team4_msgs/local/lib/python3.10/dist-packages/team4_msgs/_team4_msgs_s.ep.rosidl_typesupport_c.c
-- Up-to-date: /home/jhpc/RobotArm/aris_ws/install/team4_msgs/local/lib/python3.10/dist-packages/team4_msgs/libteam4_msgs__rosidl_generator_py.so
Listing '/home/jhpc/RobotArm/aris_ws/install/team4_msgs/local/lib/python3.10/dist-packages/team4_msgs'...
Listing '/home/jhpc/RobotArm/aris_ws/install/team4_msgs/local/lib/python3.10/dist-packages/team4_msgs/msg'...
Listing '/home/jhpc/RobotArm/aris_ws/install/team4_msgs/local/lib/python3.10/dist-packages/team4_msgs/srv'...
-- Up-to-date: /home/jhpc/RobotArm/aris_ws/install/team4_msgs/local/lib/python3.10/dist-packages/team4_msgs/team4_msgs_s__rosidl_typesupport_fastrtps_c.cpython-310-x86_64-linux-gnu.so
-- Up-to-date: /home/jhpc/RobotArm/aris_ws/install/team4_msgs/local/lib/python3.10/dist-packages/team4_msgs/team4_msgs_s__rosidl_typesupport_introspection_c.cpython-310-x86_64-linux-gnu.so
-- Up-to-date: /home/jhpc/RobotArm/aris_ws/install/team4_msgs/local/lib/python3.10/dist-packages/team4_msgs/team4_msgs_s__rosidl_typesupport_c.cpython-310-x86_64-linux-gnu.so
-- Up-to-date: /home/jhpc/RobotArm/aris_ws/install/team4_msgs/lib/libteam4_msgs__rosidl_generator_py.so
-- Up-to-date: /home/jhpc/RobotArm/aris_ws/install/team4_msgs/share/team4_msgs/srv/PutOnIcecream.idl
-- Up-to-date: /home/jhpc/RobotArm/aris_ws/install/team4_msgs/share/team4_msgs/srv/IsOkayIcecream.idl
-- Up-to-date: /home/jhpc/RobotArm/aris_ws/install/team4_msgs/share/team4_msgs/msg/StoragyStatus.idl
-- Up-to-date: /home/jhpc/RobotArm/aris_ws/install/team4_msgs/share/team4_msgs/msg/ArisStatus.idl
-- Up-to-date: /home/jhpc/RobotArm/aris_ws/install/team4_msgs/share/team4_msgs/srv/PutOnIcecream.srv
-- Up-to-date: /home/jhpc/RobotArm/aris_ws/install/team4_msgs/share/team4_msgs/srv/PutOnIcecream_Request.msg
-- Up-to-date: /home/jhpc/RobotArm/aris_ws/install/team4_msgs/share/team4_msgs/srv/PutOnIcecream_Response.msg
-- Up-to-date: /home/jhpc/RobotArm/aris_ws/install/team4_msgs/share/team4_msgs/srv/IsOkayIcecream.srv
-- Up-to-date: /home/jhpc/RobotArm/aris_ws/install/team4_msgs/share/team4_msgs/srv/IsOkayIcecream_Request.msg
-- Up-to-date: /home/jhpc/RobotArm/aris_ws/install/team4_msgs/share/team4_msgs/srv/IsOkayIcecream_Response.msg
-- Up-to-date: /home/jhpc/RobotArm/aris_ws/install/team4_msgs/share/team4_msgs/msg/StoragyStatus.msg
-- Up-to-date: /home/jhpc/RobotArm/aris_ws/install/team4_msgs/share/team4_msgs/msg/ArisStatus.msg
-- Up-to-date: /home/jhpc/RobotArm/aris_ws/install/team4_msgs/share/ament_index/resource_index/package_run_dependencies/team4_msgs
-- Up-to-date: /home/jhpc/RobotArm/aris_ws/install/team4_msgs/share/ament_index/resource_index/parent_prefix_path/team4_msgs
-- Up-to-date: /home/jhpc/RobotArm/aris_ws/install/team4_msgs/share/team4_msgs/environment/ament_prefix_path.sh
-- Up-to-date: /home/jhpc/RobotArm/aris_ws/install/team4_msgs/share/team4_msgs/environment/ament_prefix_path.dsv
-- Up-to-date: /home/jhpc/RobotArm/aris_ws/install/team4_msgs/share/team4_msgs/environment/path.sh
-- Up-to-date: /home/jhpc/RobotArm/aris_ws/install/team4_msgs/share/team4_msgs/environment/path.dsv
-- Up-to-date: /home/jhpc/RobotArm/aris_ws/install/team4_msgs/share/team4_msgs/local_setup.bash
-- Up-to-date: /home/jhpc/RobotArm/aris_ws/install/team4_msgs/share/team4_msgs/local_setup.sh
-- Up-to-date: /home/jhpc/RobotArm/aris_ws/install/team4_msgs/share/team4_msgs/local_setup.zsh
-- Up-to-date: /home/jhpc/RobotArm/aris_ws/install/team4_msgs/share/team4_msgs/local_setup.dsv
-- Installing: /home/jhpc/RobotArm/aris_ws/install/team4_msgs/share/team4_msgs/package.dsv
-- Up-to-date: /home/jhpc/RobotArm/aris_ws/install/team4_msgs/share/ament_index/resource_index/packages/team4_msgs
-- Up-to-date: /home/jhpc/RobotArm/aris_ws/install/team4_msgs/share/team4_msgs/cmake/export_team4_msgs__rosidl_generator_cExport.cmake
-- Up-to-date: /home/jhpc/RobotArm/aris_ws/install/team4_msgs/share/team4_msgs/cmake/export_team4_msgs__rosidl_generator_cExport-noconfig.cmake
-- Up-to-date: /home/jhpc/RobotArm/aris_ws/install/team4_msgs/share/team4_msgs/cmake/export_team4_msgs__rosidl_typesupport_fastrtps_cExport.cmake
-- Up-to-date: /home/jhpc/RobotArm/aris_ws/install/team4_msgs/share/team4_msgs/cmake/export_team4_msgs__rosidl_typesupport_fastrtps_cExport-noconfig.cmake
-- Up-to-date: /home/jhpc/RobotArm/aris_ws/install/team4_msgs/share/team4_msgs/cmake/team4_msgs__rosidl_typesupport_introspection_cExport.cmake
-- Up-to-date: /home/jhpc/RobotArm/aris_ws/install/team4_msgs/share/team4_msgs/cmake/team4_msgs__rosidl_typesupport_introspection_cExport-noconfig.cmake
-- Up-to-date: /home/jhpc/RobotArm/aris_ws/install/team4_msgs/share/team4_msgs/cmake/team4_msgs__rosidl_typesupport_cExport.cmake
-- Up-to-date: /home/jhpc/RobotArm/aris_ws/install/team4_msgs/share/team4_msgs/cmake/team4_msgs__rosidl_typesupport_cExport-noconfig.cmake
-- Up-to-date: /home/jhpc/RobotArm/aris_ws/install/team4_msgs/share/team4_msgs/cmake/export_team4_msgs__rosidl_generator_cppExport.cmake
-- Up-to-date: /home/jhpc/RobotArm/aris_ws/install/team4_msgs/share/team4_msgs/cmake/export_team4_msgs__rosidl_typesupport_fastrtps_cppExport.cmake
-- Up-to-date: /home/jhpc/RobotArm/aris_ws/install/team4_msgs/share/team4_msgs/cmake/export_team4_msgs__rosidl_typesupport_fastrtps_cppExport-noconfig.cmake
-- Up-to-date: /home/jhpc/RobotArm/aris_ws/install/team4_msgs/share/team4_msgs/cmake/team4_msgs__rosidl_typesupport_introspection_cppExport.cmake
-- Up-to-date: /home/jhpc/RobotArm/aris_ws/install/team4_msgs/share/team4_msgs/cmake/team4_msgs__rosidl_typesupport_introspection_cppExport-noconfig.cmake
-- Up-to-date: /home/jhpc/RobotArm/aris_ws/install/team4_msgs/share/team4_msgs/cmake/team4_msgs__rosidl_typesupport_cppExport.cmake
-- Up-to-date: /home/jhpc/RobotArm/aris_ws/install/team4_msgs/share/team4_msgs/cmake/team4_msgs__rosidl_typesupport_cppExport-noconfig.cmake
-- Up-to-date: /home/jhpc/RobotArm/aris_ws/install/team4_msgs/share/team4_msgs/cmake/export_team4_msgs__rosidl_generator_pyExport.cmake
-- Up-to-date: /home/jhpc/RobotArm/aris_ws/install/team4_msgs/share/team4_msgs/cmake/export_team4_msgs__rosidl_generator_pyExport-noconfig.cmake
-- Up-to-date: /home/jhpc/RobotArm/aris_ws/install/team4_msgs/share/team4_msgs/cmake/rosidl_cmake-extras.cmake
-- Up-to-date: /home/jhpc/RobotArm/aris_ws/install/team4_msgs/share/team4_msgs/cmake/ament_cmake_export_dependencies-extras.cmake
-- Up-to-date: /home/jhpc/RobotArm/aris_ws/install/team4_msgs/share/team4_msgs/cmake/ament_cmake_export_include_directories-extras.cmake
-- Up-to-date: /home/jhpc/RobotArm/aris_ws/install/team4_msgs/share/team4_msgs/cmake/ament_cmake_export_libraries-extras.cmake
-- Up-to-date: /home/jhpc/RobotArm/aris_ws/install/team4_msgs/share/team4_msgs/cmake/ament_cmake_export_targets-extras.cmake
-- Up-to-date: /home/jhpc/RobotArm/aris_ws/install/team4_msgs/share/team4_msgs/cmake/rosidl_cmake_export_typesupport_targets-extras.cmake
-- Up-to-date: /home/jhpc/RobotArm/aris_ws/install/team4_msgs/share/team4_msgs/cmake/rosidl_cmake_export_typesupport_libraries-extras.cmake
-- Up-to-date: /home/jhpc/RobotArm/aris_ws/install/team4_msgs/share/team4_msgs/cmake/team4_msgsConfig.cmake
-- Up-to-date: /home/jhpc/RobotArm/aris_ws/install/team4_msgs/share/team4_msgs/cmake/team4_msgsConfig-version.cmake
-- Up-to-date: /home/jhpc/RobotArm/aris_ws/install/team4_msgs/share/team4_msgs/package.xml
