[0.756s] Invoking command in '/home/jhpc/RobotArm/aris_ws/src/aris_package': PYTHONPATH=/home/jhpc/RobotArm/aris_ws/build/aris_package/prefix_override:/usr/lib/python3/dist-packages/colcon_core/task/python/colcon_distutils_commands:/home/jhpc/RobotArm/aris_ws/install/aris_package/lib/python3.10/site-packages:${PYTHONPATH} /usr/bin/python3 -W ignore:setup.py install is deprecated setup.py egg_info --egg-base ../../build/aris_package build --build-base /home/jhpc/RobotArm/aris_ws/build/aris_package/build install --record /home/jhpc/RobotArm/aris_ws/build/aris_package/install.log --single-version-externally-managed
[1.007s] running egg_info
[1.019s] writing ../../build/aris_package/aris_package.egg-info/PKG-INFO
[1.019s] writing dependency_links to ../../build/aris_package/aris_package.egg-info/dependency_links.txt
[1.019s] writing entry points to ../../build/aris_package/aris_package.egg-info/entry_points.txt
[1.019s] writing requirements to ../../build/aris_package/aris_package.egg-info/requires.txt
[1.019s] writing top-level names to ../../build/aris_package/aris_package.egg-info/top_level.txt
[1.046s] reading manifest file '../../build/aris_package/aris_package.egg-info/SOURCES.txt'
[1.046s] writing manifest file '../../build/aris_package/aris_package.egg-info/SOURCES.txt'
[1.047s] running build
[1.047s] running build_py
[1.047s] running install
[1.050s] running install_lib
[1.061s] running install_egg_info
[1.071s] removing '/home/jhpc/RobotArm/aris_ws/install/aris_package/lib/python3.10/site-packages/aris_package-0.1.0-py3.10.egg-info' (and everything under it)
[1.071s] Copying ../../build/aris_package/aris_package.egg-info to /home/jhpc/RobotArm/aris_ws/install/aris_package/lib/python3.10/site-packages/aris_package-0.1.0-py3.10.egg-info
[1.071s] running install_scripts
[1.111s] Installing motion2 script to /home/jhpc/RobotArm/aris_ws/install/aris_package/lib/aris_package
[1.111s] writing list of installed files to '/home/jhpc/RobotArm/aris_ws/build/aris_package/install.log'
[1.141s] Invoked command in '/home/jhpc/RobotArm/aris_ws/src/aris_package' returned '0': PYTHONPATH=/home/jhpc/RobotArm/aris_ws/build/aris_package/prefix_override:/usr/lib/python3/dist-packages/colcon_core/task/python/colcon_distutils_commands:/home/jhpc/RobotArm/aris_ws/install/aris_package/lib/python3.10/site-packages:${PYTHONPATH} /usr/bin/python3 -W ignore:setup.py install is deprecated setup.py egg_info --egg-base ../../build/aris_package build --build-base /home/jhpc/RobotArm/aris_ws/build/aris_package/build install --record /home/jhpc/RobotArm/aris_ws/build/aris_package/install.log --single-version-externally-managed
