[0.854s] Invoking command in '/home/jhpc/RobotArm/aris_ws/src/aris_package': PYTHONPATH=/home/jhpc/RobotArm/aris_ws/build/aris_package/prefix_override:/usr/lib/python3/dist-packages/colcon_core/task/python/colcon_distutils_commands:/home/jhpc/RobotArm/aris_ws/install/aris_package/lib/python3.10/site-packages:${PYTHONPATH} /usr/bin/python3 -W ignore:setup.py install is deprecated setup.py egg_info --egg-base ../../build/aris_package build --build-base /home/jhpc/RobotArm/aris_ws/build/aris_package/build install --record /home/jhpc/RobotArm/aris_ws/build/aris_package/install.log --single-version-externally-managed
[1.337s] running egg_info
[1.355s] writing ../../build/aris_package/aris_package.egg-info/PKG-INFO
[1.355s] writing dependency_links to ../../build/aris_package/aris_package.egg-info/dependency_links.txt
[1.356s] writing entry points to ../../build/aris_package/aris_package.egg-info/entry_points.txt
[1.356s] writing requirements to ../../build/aris_package/aris_package.egg-info/requires.txt
[1.356s] writing top-level names to ../../build/aris_package/aris_package.egg-info/top_level.txt
[1.410s] reading manifest file '../../build/aris_package/aris_package.egg-info/SOURCES.txt'
[1.411s] writing manifest file '../../build/aris_package/aris_package.egg-info/SOURCES.txt'
[1.412s] running build
[1.412s] running build_py
[1.412s] creating /home/jhpc/RobotArm/aris_ws/build/aris_package/build
[1.413s] creating /home/jhpc/RobotArm/aris_ws/build/aris_package/build/lib
[1.413s] creating /home/jhpc/RobotArm/aris_ws/build/aris_package/build/lib/aris_package
[1.413s] copying aris_package/__init__.py -> /home/jhpc/RobotArm/aris_ws/build/aris_package/build/lib/aris_package
[1.413s] copying aris_package/config.py -> /home/jhpc/RobotArm/aris_ws/build/aris_package/build/lib/aris_package
[1.413s] copying aris_package/motion2.py -> /home/jhpc/RobotArm/aris_ws/build/aris_package/build/lib/aris_package
[1.414s] running install
[1.433s] running install_lib
[1.454s] creating /home/jhpc/RobotArm/aris_ws/install/aris_package/lib/python3.10/site-packages/aris_package
[1.454s] copying /home/jhpc/RobotArm/aris_ws/build/aris_package/build/lib/aris_package/__init__.py -> /home/jhpc/RobotArm/aris_ws/install/aris_package/lib/python3.10/site-packages/aris_package
[1.454s] copying /home/jhpc/RobotArm/aris_ws/build/aris_package/build/lib/aris_package/config.py -> /home/jhpc/RobotArm/aris_ws/install/aris_package/lib/python3.10/site-packages/aris_package
[1.455s] copying /home/jhpc/RobotArm/aris_ws/build/aris_package/build/lib/aris_package/motion2.py -> /home/jhpc/RobotArm/aris_ws/install/aris_package/lib/python3.10/site-packages/aris_package
[1.455s] byte-compiling /home/jhpc/RobotArm/aris_ws/install/aris_package/lib/python3.10/site-packages/aris_package/__init__.py to __init__.cpython-310.pyc
[1.456s] byte-compiling /home/jhpc/RobotArm/aris_ws/install/aris_package/lib/python3.10/site-packages/aris_package/config.py to config.cpython-310.pyc
[1.457s] byte-compiling /home/jhpc/RobotArm/aris_ws/install/aris_package/lib/python3.10/site-packages/aris_package/motion2.py to motion2.cpython-310.pyc
[1.475s] running install_egg_info
[1.497s] Copying ../../build/aris_package/aris_package.egg-info to /home/jhpc/RobotArm/aris_ws/install/aris_package/lib/python3.10/site-packages/aris_package-0.1.0-py3.10.egg-info
[1.498s] running install_scripts
[1.595s] Installing motion2 script to /home/jhpc/RobotArm/aris_ws/install/aris_package/lib/aris_package
[1.596s] writing list of installed files to '/home/jhpc/RobotArm/aris_ws/build/aris_package/install.log'
[1.675s] Invoked command in '/home/jhpc/RobotArm/aris_ws/src/aris_package' returned '0': PYTHONPATH=/home/jhpc/RobotArm/aris_ws/build/aris_package/prefix_override:/usr/lib/python3/dist-packages/colcon_core/task/python/colcon_distutils_commands:/home/jhpc/RobotArm/aris_ws/install/aris_package/lib/python3.10/site-packages:${PYTHONPATH} /usr/bin/python3 -W ignore:setup.py install is deprecated setup.py egg_info --egg-base ../../build/aris_package build --build-base /home/jhpc/RobotArm/aris_ws/build/aris_package/build install --record /home/jhpc/RobotArm/aris_ws/build/aris_package/install.log --single-version-externally-managed
