[0.212s] Invoking command in '/home/jhpc/RobotArm/aris_ws/build/team4_msgs': CMAKE_PREFIX_PATH=${CMAKE_PREFIX_PATH}:/opt/ros/humble /usr/bin/cmake --build /home/jhpc/RobotArm/aris_ws/build/team4_msgs -- -j8 -l8
[0.260s] [  7%] Built target team4_msgs__cpp
[0.260s] [ 12%] Built target team4_msgs__rosidl_generator_c
[0.274s] [ 12%] Built target ament_cmake_python_copy_team4_msgs
[0.288s] [ 23%] Built target team4_msgs__rosidl_typesupport_fastrtps_c
[0.288s] [ 38%] Built target team4_msgs__rosidl_typesupport_fastrtps_cpp
[0.288s] [ 47%] Built target team4_msgs__rosidl_typesupport_c
[0.288s] [ 56%] Built target team4_msgs__rosidl_typesupport_introspection_c
[0.288s] [ 67%] Built target team4_msgs__rosidl_typesupport_cpp
[0.292s] [ 78%] Built target team4_msgs__rosidl_typesupport_introspection_cpp
[0.312s] [ 78%] Built target team4_msgs
[0.332s] [ 80%] Built target team4_msgs__py
[0.351s] [ 89%] Built target team4_msgs__rosidl_generator_py
[0.370s] [ 92%] Built target team4_msgs__rosidl_typesupport_c__pyext
[0.371s] [ 96%] Built target team4_msgs__rosidl_typesupport_introspection_c__pyext
[0.371s] [100%] Built target team4_msgs__rosidl_typesupport_fastrtps_c__pyext
[0.533s] running egg_info
[0.533s] writing team4_msgs.egg-info/PKG-INFO
[0.533s] writing dependency_links to team4_msgs.egg-info/dependency_links.txt
[0.533s] writing top-level names to team4_msgs.egg-info/top_level.txt
[0.535s] reading manifest file 'team4_msgs.egg-info/SOURCES.txt'
[0.536s] writing manifest file 'team4_msgs.egg-info/SOURCES.txt'
[0.561s] [100%] Built target ament_cmake_python_build_team4_msgs_egg
[0.570s] Invoked command in '/home/jhpc/RobotArm/aris_ws/build/team4_msgs' returned '0': CMAKE_PREFIX_PATH=${CMAKE_PREFIX_PATH}:/opt/ros/humble /usr/bin/cmake --build /home/jhpc/RobotArm/aris_ws/build/team4_msgs -- -j8 -l8
[0.666s] Invoking command in '/home/jhpc/RobotArm/aris_ws/build/team4_msgs': CMAKE_PREFIX_PATH=${CMAKE_PREFIX_PATH}:/opt/ros/humble /usr/bin/cmake --install /home/jhpc/RobotArm/aris_ws/build/team4_msgs
[0.673s] -- Install configuration: ""
[0.673s] -- Up-to-date: /home/jhpc/RobotArm/aris_ws/install/team4_msgs/share/ament_index/resource_index/rosidl_interfaces/team4_msgs
[0.673s] -- Up-to-date: /home/jhpc/RobotArm/aris_ws/install/team4_msgs/include/team4_msgs/team4_msgs
[0.673s] -- Up-to-date: /home/jhpc/RobotArm/aris_ws/install/team4_msgs/include/team4_msgs/team4_msgs/srv
[0.673s] -- Up-to-date: /home/jhpc/RobotArm/aris_ws/install/team4_msgs/include/team4_msgs/team4_msgs/srv/is_okay_icecream.h
[0.673s] -- Up-to-date: /home/jhpc/RobotArm/aris_ws/install/team4_msgs/include/team4_msgs/team4_msgs/srv/detail
[0.673s] -- Up-to-date: /home/jhpc/RobotArm/aris_ws/install/team4_msgs/include/team4_msgs/team4_msgs/srv/detail/is_okay_icecream__functions.c
[0.673s] -- Up-to-date: /home/jhpc/RobotArm/aris_ws/install/team4_msgs/include/team4_msgs/team4_msgs/srv/detail/put_on_icecream__type_support.h
[0.673s] -- Up-to-date: /home/jhpc/RobotArm/aris_ws/install/team4_msgs/include/team4_msgs/team4_msgs/srv/detail/put_on_icecream__functions.h
[0.673s] -- Up-to-date: /home/jhpc/RobotArm/aris_ws/install/team4_msgs/include/team4_msgs/team4_msgs/srv/detail/is_okay_icecream__struct.h
[0.673s] -- Up-to-date: /home/jhpc/RobotArm/aris_ws/install/team4_msgs/include/team4_msgs/team4_msgs/srv/detail/is_okay_icecream__type_support.h
[0.673s] -- Up-to-date: /home/jhpc/RobotArm/aris_ws/install/team4_msgs/include/team4_msgs/team4_msgs/srv/detail/put_on_icecream__functions.c
[0.673s] -- Up-to-date: /home/jhpc/RobotArm/aris_ws/install/team4_msgs/include/team4_msgs/team4_msgs/srv/detail/is_okay_icecream__functions.h
[0.673s] -- Up-to-date: /home/jhpc/RobotArm/aris_ws/install/team4_msgs/include/team4_msgs/team4_msgs/srv/detail/put_on_icecream__struct.h
[0.674s] -- Up-to-date: /home/jhpc/RobotArm/aris_ws/install/team4_msgs/include/team4_msgs/team4_msgs/srv/put_on_icecream.h
[0.674s] -- Up-to-date: /home/jhpc/RobotArm/aris_ws/install/team4_msgs/include/team4_msgs/team4_msgs/msg
[0.674s] -- Up-to-date: /home/jhpc/RobotArm/aris_ws/install/team4_msgs/include/team4_msgs/team4_msgs/msg/detail
[0.674s] -- Up-to-date: /home/jhpc/RobotArm/aris_ws/install/team4_msgs/include/team4_msgs/team4_msgs/msg/detail/aris_status__struct.h
[0.674s] -- Up-to-date: /home/jhpc/RobotArm/aris_ws/install/team4_msgs/include/team4_msgs/team4_msgs/msg/detail/storagy_status__type_support.h
[0.674s] -- Up-to-date: /home/jhpc/RobotArm/aris_ws/install/team4_msgs/include/team4_msgs/team4_msgs/msg/detail/storagy_status__functions.c
[0.674s] -- Up-to-date: /home/jhpc/RobotArm/aris_ws/install/team4_msgs/include/team4_msgs/team4_msgs/msg/detail/aris_status__functions.h
[0.674s] -- Up-to-date: /home/jhpc/RobotArm/aris_ws/install/team4_msgs/include/team4_msgs/team4_msgs/msg/detail/aris_status__type_support.h
[0.674s] -- Up-to-date: /home/jhpc/RobotArm/aris_ws/install/team4_msgs/include/team4_msgs/team4_msgs/msg/detail/aris_status__functions.c
[0.674s] -- Up-to-date: /home/jhpc/RobotArm/aris_ws/install/team4_msgs/include/team4_msgs/team4_msgs/msg/detail/storagy_status__struct.h
[0.674s] -- Up-to-date: /home/jhpc/RobotArm/aris_ws/install/team4_msgs/include/team4_msgs/team4_msgs/msg/detail/storagy_status__functions.h
[0.674s] -- Up-to-date: /home/jhpc/RobotArm/aris_ws/install/team4_msgs/include/team4_msgs/team4_msgs/msg/storagy_status.h
[0.674s] -- Up-to-date: /home/jhpc/RobotArm/aris_ws/install/team4_msgs/include/team4_msgs/team4_msgs/msg/rosidl_generator_c__visibility_control.h
[0.674s] -- Up-to-date: /home/jhpc/RobotArm/aris_ws/install/team4_msgs/include/team4_msgs/team4_msgs/msg/aris_status.h
[0.674s] -- Up-to-date: /home/jhpc/RobotArm/aris_ws/install/team4_msgs/share/team4_msgs/environment/library_path.sh
[0.674s] -- Up-to-date: /home/jhpc/RobotArm/aris_ws/install/team4_msgs/share/team4_msgs/environment/library_path.dsv
[0.674s] -- Up-to-date: /home/jhpc/RobotArm/aris_ws/install/team4_msgs/lib/libteam4_msgs__rosidl_generator_c.so
[0.674s] -- Up-to-date: /home/jhpc/RobotArm/aris_ws/install/team4_msgs/include/team4_msgs/team4_msgs
[0.674s] -- Up-to-date: /home/jhpc/RobotArm/aris_ws/install/team4_msgs/include/team4_msgs/team4_msgs/srv
[0.674s] -- Up-to-date: /home/jhpc/RobotArm/aris_ws/install/team4_msgs/include/team4_msgs/team4_msgs/srv/detail
[0.674s] -- Up-to-date: /home/jhpc/RobotArm/aris_ws/install/team4_msgs/include/team4_msgs/team4_msgs/srv/detail/is_okay_icecream__rosidl_typesupport_fastrtps_c.h
[0.674s] -- Up-to-date: /home/jhpc/RobotArm/aris_ws/install/team4_msgs/include/team4_msgs/team4_msgs/srv/detail/put_on_icecream__rosidl_typesupport_fastrtps_c.h
[0.675s] -- Up-to-date: /home/jhpc/RobotArm/aris_ws/install/team4_msgs/include/team4_msgs/team4_msgs/msg
[0.675s] -- Up-to-date: /home/jhpc/RobotArm/aris_ws/install/team4_msgs/include/team4_msgs/team4_msgs/msg/rosidl_typesupport_fastrtps_c__visibility_control.h
[0.675s] -- Up-to-date: /home/jhpc/RobotArm/aris_ws/install/team4_msgs/include/team4_msgs/team4_msgs/msg/detail
[0.675s] -- Up-to-date: /home/jhpc/RobotArm/aris_ws/install/team4_msgs/include/team4_msgs/team4_msgs/msg/detail/storagy_status__rosidl_typesupport_fastrtps_c.h
[0.675s] -- Up-to-date: /home/jhpc/RobotArm/aris_ws/install/team4_msgs/include/team4_msgs/team4_msgs/msg/detail/aris_status__rosidl_typesupport_fastrtps_c.h
[0.675s] -- Up-to-date: /home/jhpc/RobotArm/aris_ws/install/team4_msgs/lib/libteam4_msgs__rosidl_typesupport_fastrtps_c.so
[0.675s] -- Up-to-date: /home/jhpc/RobotArm/aris_ws/install/team4_msgs/include/team4_msgs/team4_msgs
[0.675s] -- Up-to-date: /home/jhpc/RobotArm/aris_ws/install/team4_msgs/include/team4_msgs/team4_msgs/srv
[0.675s] -- Up-to-date: /home/jhpc/RobotArm/aris_ws/install/team4_msgs/include/team4_msgs/team4_msgs/srv/detail
[0.675s] -- Up-to-date: /home/jhpc/RobotArm/aris_ws/install/team4_msgs/include/team4_msgs/team4_msgs/srv/detail/is_okay_icecream__type_support.c
[0.675s] -- Up-to-date: /home/jhpc/RobotArm/aris_ws/install/team4_msgs/include/team4_msgs/team4_msgs/srv/detail/put_on_icecream__rosidl_typesupport_introspection_c.h
[0.675s] -- Up-to-date: /home/jhpc/RobotArm/aris_ws/install/team4_msgs/include/team4_msgs/team4_msgs/srv/detail/put_on_icecream__type_support.c
[0.675s] -- Up-to-date: /home/jhpc/RobotArm/aris_ws/install/team4_msgs/include/team4_msgs/team4_msgs/srv/detail/is_okay_icecream__rosidl_typesupport_introspection_c.h
[0.675s] -- Up-to-date: /home/jhpc/RobotArm/aris_ws/install/team4_msgs/include/team4_msgs/team4_msgs/msg
[0.675s] -- Up-to-date: /home/jhpc/RobotArm/aris_ws/install/team4_msgs/include/team4_msgs/team4_msgs/msg/rosidl_typesupport_introspection_c__visibility_control.h
[0.675s] -- Up-to-date: /home/jhpc/RobotArm/aris_ws/install/team4_msgs/include/team4_msgs/team4_msgs/msg/detail
[0.675s] -- Up-to-date: /home/jhpc/RobotArm/aris_ws/install/team4_msgs/include/team4_msgs/team4_msgs/msg/detail/storagy_status__type_support.c
[0.675s] -- Up-to-date: /home/jhpc/RobotArm/aris_ws/install/team4_msgs/include/team4_msgs/team4_msgs/msg/detail/aris_status__type_support.c
[0.675s] -- Up-to-date: /home/jhpc/RobotArm/aris_ws/install/team4_msgs/include/team4_msgs/team4_msgs/msg/detail/storagy_status__rosidl_typesupport_introspection_c.h
[0.675s] -- Up-to-date: /home/jhpc/RobotArm/aris_ws/install/team4_msgs/include/team4_msgs/team4_msgs/msg/detail/aris_status__rosidl_typesupport_introspection_c.h
[0.675s] -- Up-to-date: /home/jhpc/RobotArm/aris_ws/install/team4_msgs/lib/libteam4_msgs__rosidl_typesupport_introspection_c.so
[0.676s] -- Up-to-date: /home/jhpc/RobotArm/aris_ws/install/team4_msgs/lib/libteam4_msgs__rosidl_typesupport_c.so
[0.676s] -- Up-to-date: /home/jhpc/RobotArm/aris_ws/install/team4_msgs/include/team4_msgs/team4_msgs
[0.676s] -- Up-to-date: /home/jhpc/RobotArm/aris_ws/install/team4_msgs/include/team4_msgs/team4_msgs/srv
[0.676s] -- Up-to-date: /home/jhpc/RobotArm/aris_ws/install/team4_msgs/include/team4_msgs/team4_msgs/srv/put_on_icecream.hpp
[0.676s] -- Up-to-date: /home/jhpc/RobotArm/aris_ws/install/team4_msgs/include/team4_msgs/team4_msgs/srv/detail
[0.676s] -- Up-to-date: /home/jhpc/RobotArm/aris_ws/install/team4_msgs/include/team4_msgs/team4_msgs/srv/detail/put_on_icecream__traits.hpp
[0.676s] -- Up-to-date: /home/jhpc/RobotArm/aris_ws/install/team4_msgs/include/team4_msgs/team4_msgs/srv/detail/is_okay_icecream__traits.hpp
[0.676s] -- Up-to-date: /home/jhpc/RobotArm/aris_ws/install/team4_msgs/include/team4_msgs/team4_msgs/srv/detail/put_on_icecream__struct.hpp
[0.676s] -- Up-to-date: /home/jhpc/RobotArm/aris_ws/install/team4_msgs/include/team4_msgs/team4_msgs/srv/detail/is_okay_icecream__struct.hpp
[0.676s] -- Up-to-date: /home/jhpc/RobotArm/aris_ws/install/team4_msgs/include/team4_msgs/team4_msgs/srv/detail/put_on_icecream__builder.hpp
[0.676s] -- Up-to-date: /home/jhpc/RobotArm/aris_ws/install/team4_msgs/include/team4_msgs/team4_msgs/srv/detail/is_okay_icecream__builder.hpp
[0.676s] -- Up-to-date: /home/jhpc/RobotArm/aris_ws/install/team4_msgs/include/team4_msgs/team4_msgs/srv/is_okay_icecream.hpp
[0.676s] -- Up-to-date: /home/jhpc/RobotArm/aris_ws/install/team4_msgs/include/team4_msgs/team4_msgs/msg
[0.676s] -- Up-to-date: /home/jhpc/RobotArm/aris_ws/install/team4_msgs/include/team4_msgs/team4_msgs/msg/detail
[0.676s] -- Up-to-date: /home/jhpc/RobotArm/aris_ws/install/team4_msgs/include/team4_msgs/team4_msgs/msg/detail/storagy_status__builder.hpp
[0.676s] -- Up-to-date: /home/jhpc/RobotArm/aris_ws/install/team4_msgs/include/team4_msgs/team4_msgs/msg/detail/aris_status__traits.hpp
[0.677s] -- Up-to-date: /home/jhpc/RobotArm/aris_ws/install/team4_msgs/include/team4_msgs/team4_msgs/msg/detail/aris_status__builder.hpp
[0.677s] -- Up-to-date: /home/jhpc/RobotArm/aris_ws/install/team4_msgs/include/team4_msgs/team4_msgs/msg/detail/storagy_status__traits.hpp
[0.677s] -- Up-to-date: /home/jhpc/RobotArm/aris_ws/install/team4_msgs/include/team4_msgs/team4_msgs/msg/detail/storagy_status__struct.hpp
[0.677s] -- Up-to-date: /home/jhpc/RobotArm/aris_ws/install/team4_msgs/include/team4_msgs/team4_msgs/msg/detail/aris_status__struct.hpp
[0.677s] -- Up-to-date: /home/jhpc/RobotArm/aris_ws/install/team4_msgs/include/team4_msgs/team4_msgs/msg/aris_status.hpp
[0.677s] -- Up-to-date: /home/jhpc/RobotArm/aris_ws/install/team4_msgs/include/team4_msgs/team4_msgs/msg/storagy_status.hpp
[0.677s] -- Up-to-date: /home/jhpc/RobotArm/aris_ws/install/team4_msgs/include/team4_msgs/team4_msgs
[0.677s] -- Up-to-date: /home/jhpc/RobotArm/aris_ws/install/team4_msgs/include/team4_msgs/team4_msgs/srv
[0.677s] -- Up-to-date: /home/jhpc/RobotArm/aris_ws/install/team4_msgs/include/team4_msgs/team4_msgs/srv/detail
[0.677s] -- Up-to-date: /home/jhpc/RobotArm/aris_ws/install/team4_msgs/include/team4_msgs/team4_msgs/srv/detail/dds_fastrtps
[0.677s] -- Up-to-date: /home/jhpc/RobotArm/aris_ws/install/team4_msgs/include/team4_msgs/team4_msgs/srv/detail/put_on_icecream__rosidl_typesupport_fastrtps_cpp.hpp
[0.677s] -- Up-to-date: /home/jhpc/RobotArm/aris_ws/install/team4_msgs/include/team4_msgs/team4_msgs/srv/detail/is_okay_icecream__rosidl_typesupport_fastrtps_cpp.hpp
[0.677s] -- Up-to-date: /home/jhpc/RobotArm/aris_ws/install/team4_msgs/include/team4_msgs/team4_msgs/msg
[0.677s] -- Up-to-date: /home/jhpc/RobotArm/aris_ws/install/team4_msgs/include/team4_msgs/team4_msgs/msg/detail
[0.677s] -- Up-to-date: /home/jhpc/RobotArm/aris_ws/install/team4_msgs/include/team4_msgs/team4_msgs/msg/detail/dds_fastrtps
[0.677s] -- Up-to-date: /home/jhpc/RobotArm/aris_ws/install/team4_msgs/include/team4_msgs/team4_msgs/msg/detail/aris_status__rosidl_typesupport_fastrtps_cpp.hpp
[0.677s] -- Up-to-date: /home/jhpc/RobotArm/aris_ws/install/team4_msgs/include/team4_msgs/team4_msgs/msg/detail/storagy_status__rosidl_typesupport_fastrtps_cpp.hpp
[0.678s] -- Up-to-date: /home/jhpc/RobotArm/aris_ws/install/team4_msgs/include/team4_msgs/team4_msgs/msg/rosidl_typesupport_fastrtps_cpp__visibility_control.h
[0.678s] -- Up-to-date: /home/jhpc/RobotArm/aris_ws/install/team4_msgs/lib/libteam4_msgs__rosidl_typesupport_fastrtps_cpp.so
[0.678s] -- Up-to-date: /home/jhpc/RobotArm/aris_ws/install/team4_msgs/include/team4_msgs/team4_msgs
[0.678s] -- Up-to-date: /home/jhpc/RobotArm/aris_ws/install/team4_msgs/include/team4_msgs/team4_msgs/srv
[0.678s] -- Up-to-date: /home/jhpc/RobotArm/aris_ws/install/team4_msgs/include/team4_msgs/team4_msgs/srv/detail
[0.678s] -- Up-to-date: /home/jhpc/RobotArm/aris_ws/install/team4_msgs/include/team4_msgs/team4_msgs/srv/detail/put_on_icecream__type_support.cpp
[0.678s] -- Up-to-date: /home/jhpc/RobotArm/aris_ws/install/team4_msgs/include/team4_msgs/team4_msgs/srv/detail/is_okay_icecream__type_support.cpp
[0.678s] -- Up-to-date: /home/jhpc/RobotArm/aris_ws/install/team4_msgs/include/team4_msgs/team4_msgs/srv/detail/put_on_icecream__rosidl_typesupport_introspection_cpp.hpp
[0.678s] -- Up-to-date: /home/jhpc/RobotArm/aris_ws/install/team4_msgs/include/team4_msgs/team4_msgs/srv/detail/is_okay_icecream__rosidl_typesupport_introspection_cpp.hpp
[0.678s] -- Up-to-date: /home/jhpc/RobotArm/aris_ws/install/team4_msgs/include/team4_msgs/team4_msgs/msg
[0.678s] -- Up-to-date: /home/jhpc/RobotArm/aris_ws/install/team4_msgs/include/team4_msgs/team4_msgs/msg/detail
[0.678s] -- Up-to-date: /home/jhpc/RobotArm/aris_ws/install/team4_msgs/include/team4_msgs/team4_msgs/msg/detail/aris_status__rosidl_typesupport_introspection_cpp.hpp
[0.678s] -- Up-to-date: /home/jhpc/RobotArm/aris_ws/install/team4_msgs/include/team4_msgs/team4_msgs/msg/detail/aris_status__type_support.cpp
[0.678s] -- Up-to-date: /home/jhpc/RobotArm/aris_ws/install/team4_msgs/include/team4_msgs/team4_msgs/msg/detail/storagy_status__type_support.cpp
[0.678s] -- Up-to-date: /home/jhpc/RobotArm/aris_ws/install/team4_msgs/include/team4_msgs/team4_msgs/msg/detail/storagy_status__rosidl_typesupport_introspection_cpp.hpp
[0.678s] -- Up-to-date: /home/jhpc/RobotArm/aris_ws/install/team4_msgs/lib/libteam4_msgs__rosidl_typesupport_introspection_cpp.so
[0.678s] -- Up-to-date: /home/jhpc/RobotArm/aris_ws/install/team4_msgs/lib/libteam4_msgs__rosidl_typesupport_cpp.so
[0.679s] -- Up-to-date: /home/jhpc/RobotArm/aris_ws/install/team4_msgs/share/team4_msgs/environment/pythonpath.sh
[0.679s] -- Up-to-date: /home/jhpc/RobotArm/aris_ws/install/team4_msgs/share/team4_msgs/environment/pythonpath.dsv
[0.679s] -- Up-to-date: /home/jhpc/RobotArm/aris_ws/install/team4_msgs/local/lib/python3.10/dist-packages/team4_msgs-0.0.0-py3.10.egg-info
[0.679s] -- Installing: /home/jhpc/RobotArm/aris_ws/install/team4_msgs/local/lib/python3.10/dist-packages/team4_msgs-0.0.0-py3.10.egg-info/dependency_links.txt
[0.679s] -- Installing: /home/jhpc/RobotArm/aris_ws/install/team4_msgs/local/lib/python3.10/dist-packages/team4_msgs-0.0.0-py3.10.egg-info/top_level.txt
[0.679s] -- Installing: /home/jhpc/RobotArm/aris_ws/install/team4_msgs/local/lib/python3.10/dist-packages/team4_msgs-0.0.0-py3.10.egg-info/SOURCES.txt
[0.679s] -- Installing: /home/jhpc/RobotArm/aris_ws/install/team4_msgs/local/lib/python3.10/dist-packages/team4_msgs-0.0.0-py3.10.egg-info/PKG-INFO
[0.679s] -- Up-to-date: /home/jhpc/RobotArm/aris_ws/install/team4_msgs/local/lib/python3.10/dist-packages/team4_msgs
[0.679s] -- Up-to-date: /home/jhpc/RobotArm/aris_ws/install/team4_msgs/local/lib/python3.10/dist-packages/team4_msgs/_team4_msgs_s.ep.rosidl_typesupport_fastrtps_c.c
[0.679s] -- Up-to-date: /home/jhpc/RobotArm/aris_ws/install/team4_msgs/local/lib/python3.10/dist-packages/team4_msgs/srv
[0.679s] -- Up-to-date: /home/jhpc/RobotArm/aris_ws/install/team4_msgs/local/lib/python3.10/dist-packages/team4_msgs/srv/_is_okay_icecream.py
[0.679s] -- Up-to-date: /home/jhpc/RobotArm/aris_ws/install/team4_msgs/local/lib/python3.10/dist-packages/team4_msgs/srv/__init__.py
[0.679s] -- Up-to-date: /home/jhpc/RobotArm/aris_ws/install/team4_msgs/local/lib/python3.10/dist-packages/team4_msgs/srv/_put_on_icecream.py
[0.679s] -- Up-to-date: /home/jhpc/RobotArm/aris_ws/install/team4_msgs/local/lib/python3.10/dist-packages/team4_msgs/srv/_is_okay_icecream_s.c
[0.679s] -- Up-to-date: /home/jhpc/RobotArm/aris_ws/install/team4_msgs/local/lib/python3.10/dist-packages/team4_msgs/srv/_put_on_icecream_s.c
[0.679s] -- Up-to-date: /home/jhpc/RobotArm/aris_ws/install/team4_msgs/local/lib/python3.10/dist-packages/team4_msgs/__init__.py
[0.679s] -- Up-to-date: /home/jhpc/RobotArm/aris_ws/install/team4_msgs/local/lib/python3.10/dist-packages/team4_msgs/_team4_msgs_s.ep.rosidl_typesupport_introspection_c.c
[0.680s] -- Up-to-date: /home/jhpc/RobotArm/aris_ws/install/team4_msgs/local/lib/python3.10/dist-packages/team4_msgs/team4_msgs_s__rosidl_typesupport_fastrtps_c.cpython-310-x86_64-linux-gnu.so
[0.680s] -- Up-to-date: /home/jhpc/RobotArm/aris_ws/install/team4_msgs/local/lib/python3.10/dist-packages/team4_msgs/team4_msgs_s__rosidl_typesupport_c.cpython-310-x86_64-linux-gnu.so
[0.680s] -- Up-to-date: /home/jhpc/RobotArm/aris_ws/install/team4_msgs/local/lib/python3.10/dist-packages/team4_msgs/msg
[0.680s] -- Up-to-date: /home/jhpc/RobotArm/aris_ws/install/team4_msgs/local/lib/python3.10/dist-packages/team4_msgs/msg/_aris_status_s.c
[0.680s] -- Up-to-date: /home/jhpc/RobotArm/aris_ws/install/team4_msgs/local/lib/python3.10/dist-packages/team4_msgs/msg/__init__.py
[0.680s] -- Up-to-date: /home/jhpc/RobotArm/aris_ws/install/team4_msgs/local/lib/python3.10/dist-packages/team4_msgs/msg/_aris_status.py
[0.680s] -- Up-to-date: /home/jhpc/RobotArm/aris_ws/install/team4_msgs/local/lib/python3.10/dist-packages/team4_msgs/msg/_storagy_status_s.c
[0.680s] -- Up-to-date: /home/jhpc/RobotArm/aris_ws/install/team4_msgs/local/lib/python3.10/dist-packages/team4_msgs/msg/_storagy_status.py
[0.680s] -- Up-to-date: /home/jhpc/RobotArm/aris_ws/install/team4_msgs/local/lib/python3.10/dist-packages/team4_msgs/team4_msgs_s__rosidl_typesupport_introspection_c.cpython-310-x86_64-linux-gnu.so
[0.680s] -- Up-to-date: /home/jhpc/RobotArm/aris_ws/install/team4_msgs/local/lib/python3.10/dist-packages/team4_msgs/_team4_msgs_s.ep.rosidl_typesupport_c.c
[0.680s] -- Up-to-date: /home/jhpc/RobotArm/aris_ws/install/team4_msgs/local/lib/python3.10/dist-packages/team4_msgs/libteam4_msgs__rosidl_generator_py.so
[0.700s] Listing '/home/jhpc/RobotArm/aris_ws/install/team4_msgs/local/lib/python3.10/dist-packages/team4_msgs'...
[0.700s] Listing '/home/jhpc/RobotArm/aris_ws/install/team4_msgs/local/lib/python3.10/dist-packages/team4_msgs/msg'...
[0.700s] Listing '/home/jhpc/RobotArm/aris_ws/install/team4_msgs/local/lib/python3.10/dist-packages/team4_msgs/srv'...
[0.704s] -- Up-to-date: /home/jhpc/RobotArm/aris_ws/install/team4_msgs/local/lib/python3.10/dist-packages/team4_msgs/team4_msgs_s__rosidl_typesupport_fastrtps_c.cpython-310-x86_64-linux-gnu.so
[0.704s] -- Up-to-date: /home/jhpc/RobotArm/aris_ws/install/team4_msgs/local/lib/python3.10/dist-packages/team4_msgs/team4_msgs_s__rosidl_typesupport_introspection_c.cpython-310-x86_64-linux-gnu.so
[0.704s] -- Up-to-date: /home/jhpc/RobotArm/aris_ws/install/team4_msgs/local/lib/python3.10/dist-packages/team4_msgs/team4_msgs_s__rosidl_typesupport_c.cpython-310-x86_64-linux-gnu.so
[0.704s] -- Up-to-date: /home/jhpc/RobotArm/aris_ws/install/team4_msgs/lib/libteam4_msgs__rosidl_generator_py.so
[0.704s] -- Up-to-date: /home/jhpc/RobotArm/aris_ws/install/team4_msgs/share/team4_msgs/srv/PutOnIcecream.idl
[0.704s] -- Up-to-date: /home/jhpc/RobotArm/aris_ws/install/team4_msgs/share/team4_msgs/srv/IsOkayIcecream.idl
[0.705s] -- Up-to-date: /home/jhpc/RobotArm/aris_ws/install/team4_msgs/share/team4_msgs/msg/StoragyStatus.idl
[0.705s] -- Up-to-date: /home/jhpc/RobotArm/aris_ws/install/team4_msgs/share/team4_msgs/msg/ArisStatus.idl
[0.705s] -- Up-to-date: /home/jhpc/RobotArm/aris_ws/install/team4_msgs/share/team4_msgs/srv/PutOnIcecream.srv
[0.705s] -- Up-to-date: /home/jhpc/RobotArm/aris_ws/install/team4_msgs/share/team4_msgs/srv/PutOnIcecream_Request.msg
[0.705s] -- Up-to-date: /home/jhpc/RobotArm/aris_ws/install/team4_msgs/share/team4_msgs/srv/PutOnIcecream_Response.msg
[0.705s] -- Up-to-date: /home/jhpc/RobotArm/aris_ws/install/team4_msgs/share/team4_msgs/srv/IsOkayIcecream.srv
[0.705s] -- Up-to-date: /home/jhpc/RobotArm/aris_ws/install/team4_msgs/share/team4_msgs/srv/IsOkayIcecream_Request.msg
[0.705s] -- Up-to-date: /home/jhpc/RobotArm/aris_ws/install/team4_msgs/share/team4_msgs/srv/IsOkayIcecream_Response.msg
[0.705s] -- Up-to-date: /home/jhpc/RobotArm/aris_ws/install/team4_msgs/share/team4_msgs/msg/StoragyStatus.msg
[0.705s] -- Up-to-date: /home/jhpc/RobotArm/aris_ws/install/team4_msgs/share/team4_msgs/msg/ArisStatus.msg
[0.705s] -- Up-to-date: /home/jhpc/RobotArm/aris_ws/install/team4_msgs/share/ament_index/resource_index/package_run_dependencies/team4_msgs
[0.705s] -- Up-to-date: /home/jhpc/RobotArm/aris_ws/install/team4_msgs/share/ament_index/resource_index/parent_prefix_path/team4_msgs
[0.705s] -- Up-to-date: /home/jhpc/RobotArm/aris_ws/install/team4_msgs/share/team4_msgs/environment/ament_prefix_path.sh
[0.705s] -- Up-to-date: /home/jhpc/RobotArm/aris_ws/install/team4_msgs/share/team4_msgs/environment/ament_prefix_path.dsv
[0.705s] -- Up-to-date: /home/jhpc/RobotArm/aris_ws/install/team4_msgs/share/team4_msgs/environment/path.sh
[0.705s] -- Up-to-date: /home/jhpc/RobotArm/aris_ws/install/team4_msgs/share/team4_msgs/environment/path.dsv
[0.705s] -- Up-to-date: /home/jhpc/RobotArm/aris_ws/install/team4_msgs/share/team4_msgs/local_setup.bash
[0.706s] -- Up-to-date: /home/jhpc/RobotArm/aris_ws/install/team4_msgs/share/team4_msgs/local_setup.sh
[0.706s] -- Up-to-date: /home/jhpc/RobotArm/aris_ws/install/team4_msgs/share/team4_msgs/local_setup.zsh
[0.706s] -- Up-to-date: /home/jhpc/RobotArm/aris_ws/install/team4_msgs/share/team4_msgs/local_setup.dsv
[0.706s] -- Installing: /home/jhpc/RobotArm/aris_ws/install/team4_msgs/share/team4_msgs/package.dsv
[0.706s] -- Up-to-date: /home/jhpc/RobotArm/aris_ws/install/team4_msgs/share/ament_index/resource_index/packages/team4_msgs
[0.706s] -- Up-to-date: /home/jhpc/RobotArm/aris_ws/install/team4_msgs/share/team4_msgs/cmake/export_team4_msgs__rosidl_generator_cExport.cmake
[0.706s] -- Up-to-date: /home/jhpc/RobotArm/aris_ws/install/team4_msgs/share/team4_msgs/cmake/export_team4_msgs__rosidl_generator_cExport-noconfig.cmake
[0.706s] -- Up-to-date: /home/jhpc/RobotArm/aris_ws/install/team4_msgs/share/team4_msgs/cmake/export_team4_msgs__rosidl_typesupport_fastrtps_cExport.cmake
[0.706s] -- Up-to-date: /home/jhpc/RobotArm/aris_ws/install/team4_msgs/share/team4_msgs/cmake/export_team4_msgs__rosidl_typesupport_fastrtps_cExport-noconfig.cmake
[0.706s] -- Up-to-date: /home/jhpc/RobotArm/aris_ws/install/team4_msgs/share/team4_msgs/cmake/team4_msgs__rosidl_typesupport_introspection_cExport.cmake
[0.706s] -- Up-to-date: /home/jhpc/RobotArm/aris_ws/install/team4_msgs/share/team4_msgs/cmake/team4_msgs__rosidl_typesupport_introspection_cExport-noconfig.cmake
[0.706s] -- Up-to-date: /home/jhpc/RobotArm/aris_ws/install/team4_msgs/share/team4_msgs/cmake/team4_msgs__rosidl_typesupport_cExport.cmake
[0.706s] -- Up-to-date: /home/jhpc/RobotArm/aris_ws/install/team4_msgs/share/team4_msgs/cmake/team4_msgs__rosidl_typesupport_cExport-noconfig.cmake
[0.707s] -- Up-to-date: /home/jhpc/RobotArm/aris_ws/install/team4_msgs/share/team4_msgs/cmake/export_team4_msgs__rosidl_generator_cppExport.cmake
[0.707s] -- Up-to-date: /home/jhpc/RobotArm/aris_ws/install/team4_msgs/share/team4_msgs/cmake/export_team4_msgs__rosidl_typesupport_fastrtps_cppExport.cmake
[0.707s] -- Up-to-date: /home/jhpc/RobotArm/aris_ws/install/team4_msgs/share/team4_msgs/cmake/export_team4_msgs__rosidl_typesupport_fastrtps_cppExport-noconfig.cmake
[0.707s] -- Up-to-date: /home/jhpc/RobotArm/aris_ws/install/team4_msgs/share/team4_msgs/cmake/team4_msgs__rosidl_typesupport_introspection_cppExport.cmake
[0.707s] -- Up-to-date: /home/jhpc/RobotArm/aris_ws/install/team4_msgs/share/team4_msgs/cmake/team4_msgs__rosidl_typesupport_introspection_cppExport-noconfig.cmake
[0.707s] -- Up-to-date: /home/jhpc/RobotArm/aris_ws/install/team4_msgs/share/team4_msgs/cmake/team4_msgs__rosidl_typesupport_cppExport.cmake
[0.707s] -- Up-to-date: /home/jhpc/RobotArm/aris_ws/install/team4_msgs/share/team4_msgs/cmake/team4_msgs__rosidl_typesupport_cppExport-noconfig.cmake
[0.707s] -- Up-to-date: /home/jhpc/RobotArm/aris_ws/install/team4_msgs/share/team4_msgs/cmake/export_team4_msgs__rosidl_generator_pyExport.cmake
[0.707s] -- Up-to-date: /home/jhpc/RobotArm/aris_ws/install/team4_msgs/share/team4_msgs/cmake/export_team4_msgs__rosidl_generator_pyExport-noconfig.cmake
[0.707s] -- Up-to-date: /home/jhpc/RobotArm/aris_ws/install/team4_msgs/share/team4_msgs/cmake/rosidl_cmake-extras.cmake
[0.707s] -- Up-to-date: /home/jhpc/RobotArm/aris_ws/install/team4_msgs/share/team4_msgs/cmake/ament_cmake_export_dependencies-extras.cmake
[0.708s] -- Up-to-date: /home/jhpc/RobotArm/aris_ws/install/team4_msgs/share/team4_msgs/cmake/ament_cmake_export_include_directories-extras.cmake
[0.708s] -- Up-to-date: /home/jhpc/RobotArm/aris_ws/install/team4_msgs/share/team4_msgs/cmake/ament_cmake_export_libraries-extras.cmake
[0.708s] -- Up-to-date: /home/jhpc/RobotArm/aris_ws/install/team4_msgs/share/team4_msgs/cmake/ament_cmake_export_targets-extras.cmake
[0.708s] -- Up-to-date: /home/jhpc/RobotArm/aris_ws/install/team4_msgs/share/team4_msgs/cmake/rosidl_cmake_export_typesupport_targets-extras.cmake
[0.708s] -- Up-to-date: /home/jhpc/RobotArm/aris_ws/install/team4_msgs/share/team4_msgs/cmake/rosidl_cmake_export_typesupport_libraries-extras.cmake
[0.708s] -- Up-to-date: /home/jhpc/RobotArm/aris_ws/install/team4_msgs/share/team4_msgs/cmake/team4_msgsConfig.cmake
[0.708s] -- Up-to-date: /home/jhpc/RobotArm/aris_ws/install/team4_msgs/share/team4_msgs/cmake/team4_msgsConfig-version.cmake
[0.708s] -- Up-to-date: /home/jhpc/RobotArm/aris_ws/install/team4_msgs/share/team4_msgs/package.xml
[0.711s] Invoked command in '/home/jhpc/RobotArm/aris_ws/build/team4_msgs' returned '0': CMAKE_PREFIX_PATH=${CMAKE_PREFIX_PATH}:/opt/ros/humble /usr/bin/cmake --install /home/jhpc/RobotArm/aris_ws/build/team4_msgs
