[0.136s] Invoking command in '/home/jhpc/RobotArm/aris_ws/build/team4_msgs': /usr/bin/cmake /home/jhpc/RobotArm/aris_ws/src/team4_msgs -DCMAKE_INSTALL_PREFIX=/home/jhpc/RobotArm/aris_ws/install/team4_msgs
[0.150s] [31mCMake Error at CMakeLists.txt:9 (find_package):
[0.150s]   By not providing "Findament_cmake.cmake" in CMAKE_MODULE_PATH this project
[0.150s]   has asked CMake to find a package configuration file provided by
[0.150s]   "ament_cmake", but CMake did not find one.
[0.150s] 
[0.150s]   Could not find a package configuration file provided by "ament_cmake" with
[0.150s]   any of the following names:
[0.150s] 
[0.150s]     ament_cmakeConfig.cmake
[0.150s]     ament_cmake-config.cmake
[0.150s] 
[0.151s]   Add the installation prefix of "ament_cmake" to CMAKE_PREFIX_PATH or set
[0.151s]   "ament_cmake_DIR" to a directory containing one of the above files.  If
[0.151s]   "ament_cmake" provides a separate development package or SDK, be sure it
[0.151s]   has been installed.
[0.151s] 
[0.151s] -- Configuring incomplete, errors occurred!
[0.151s] See also "/home/jhpc/RobotArm/aris_ws/build/team4_msgs/CMakeFiles/CMakeOutput.log".
[0.151s] [0m
[0.152s] Invoked command in '/home/jhpc/RobotArm/aris_ws/build/team4_msgs' returned '1': /usr/bin/cmake /home/jhpc/RobotArm/aris_ws/src/team4_msgs -DCMAKE_INSTALL_PREFIX=/home/jhpc/RobotArm/aris_ws/install/team4_msgs
