[0.622s] Invoking command in '/home/jhpc/RobotArm/aris_ws/src/aris_package': PYTHONPATH=/home/jhpc/RobotArm/aris_ws/build/aris_package/prefix_override:/usr/lib/python3/dist-packages/colcon_core/task/python/colcon_distutils_commands:/home/jhpc/RobotArm/aris_ws/install/aris_package/lib/python3.10/site-packages:${PYTHONPATH} /usr/bin/python3 -W ignore:setup.py install is deprecated setup.py egg_info --egg-base ../../build/aris_package build --build-base /home/jhpc/RobotArm/aris_ws/build/aris_package/build install --record /home/jhpc/RobotArm/aris_ws/build/aris_package/install.log --single-version-externally-managed
[0.836s] running egg_info
[0.836s] writing ../../build/aris_package/aris_package.egg-info/PKG-INFO
[0.836s] writing dependency_links to ../../build/aris_package/aris_package.egg-info/dependency_links.txt
[0.837s] writing entry points to ../../build/aris_package/aris_package.egg-info/entry_points.txt
[0.837s] writing requirements to ../../build/aris_package/aris_package.egg-info/requires.txt
[0.837s] writing top-level names to ../../build/aris_package/aris_package.egg-info/top_level.txt
[0.839s] reading manifest file '../../build/aris_package/aris_package.egg-info/SOURCES.txt'
[0.839s] writing manifest file '../../build/aris_package/aris_package.egg-info/SOURCES.txt'
[0.839s] running build
[0.839s] running build_py
[0.840s] running install
[0.840s] running install_lib
[0.841s] running install_egg_info
[0.843s] removing '/home/jhpc/RobotArm/aris_ws/install/aris_package/lib/python3.10/site-packages/aris_package-0.1.0-py3.10.egg-info' (and everything under it)
[0.843s] Copying ../../build/aris_package/aris_package.egg-info to /home/jhpc/RobotArm/aris_ws/install/aris_package/lib/python3.10/site-packages/aris_package-0.1.0-py3.10.egg-info
[0.843s] running install_scripts
[0.862s] Installing motion2 script to /home/jhpc/RobotArm/aris_ws/install/aris_package/lib/aris_package
[0.863s] writing list of installed files to '/home/jhpc/RobotArm/aris_ws/build/aris_package/install.log'
[0.885s] Invoked command in '/home/jhpc/RobotArm/aris_ws/src/aris_package' returned '0': PYTHONPATH=/home/jhpc/RobotArm/aris_ws/build/aris_package/prefix_override:/usr/lib/python3/dist-packages/colcon_core/task/python/colcon_distutils_commands:/home/jhpc/RobotArm/aris_ws/install/aris_package/lib/python3.10/site-packages:${PYTHONPATH} /usr/bin/python3 -W ignore:setup.py install is deprecated setup.py egg_info --egg-base ../../build/aris_package build --build-base /home/jhpc/RobotArm/aris_ws/build/aris_package/build install --record /home/jhpc/RobotArm/aris_ws/build/aris_package/install.log --single-version-externally-managed
