[  1%] [34m[1mGenerating C code for ROS interfaces[0m
[  3%] [34m[1mGenerating C++ code for ROS interfaces[0m
[  3%] Built target ament_cmake_python_copy_team4_msgs
running egg_info
creating team4_msgs.egg-info
writing team4_msgs.egg-info/PKG-INFO
writing dependency_links to team4_msgs.egg-info/dependency_links.txt
writing top-level names to team4_msgs.egg-info/top_level.txt
writing manifest file 'team4_msgs.egg-info/SOURCES.txt'
reading manifest file 'team4_msgs.egg-info/SOURCES.txt'
writing manifest file 'team4_msgs.egg-info/SOURCES.txt'
[  3%] Built target team4_msgs__cpp
[  5%] [34m[1mGenerating C++ type support dispatch for ROS interfaces[0m
[  7%] [34m[1mGenerating C++ type support for eProsima Fast-RTPS[0m
[  9%] [34m[1mGenerating C++ introspection for ROS interfaces[0m
[  9%] Built target ament_cmake_python_build_team4_msgs_egg
[ 14%] [32mBuilding C object CMakeFiles/team4_msgs__rosidl_generator_c.dir/rosidl_generator_c/team4_msgs/msg/detail/aris_status__functions.c.o[0m
[ 16%] [32mBuilding C object CMakeFiles/team4_msgs__rosidl_generator_c.dir/rosidl_generator_c/team4_msgs/msg/detail/storagy_status__functions.c.o[0m
[ 14%] [32mBuilding C object CMakeFiles/team4_msgs__rosidl_generator_c.dir/rosidl_generator_c/team4_msgs/srv/detail/is_okay_icecream__functions.c.o[0m
[ 16%] [32mBuilding C object CMakeFiles/team4_msgs__rosidl_generator_c.dir/rosidl_generator_c/team4_msgs/srv/detail/put_on_icecream__functions.c.o[0m
[ 18%] [32m[1mLinking C shared library libteam4_msgs__rosidl_generator_c.so[0m
[ 18%] Built target team4_msgs__rosidl_generator_c
[ 20%] [34m[1mGenerating C type support for eProsima Fast-RTPS[0m
[ 21%] [34m[1mGenerating C introspection for ROS interfaces[0m
[ 23%] [34m[1mGenerating C type support dispatch for ROS interfaces[0m
[ 25%] [32mBuilding CXX object CMakeFiles/team4_msgs__rosidl_typesupport_cpp.dir/rosidl_typesupport_cpp/team4_msgs/srv/put_on_icecream__type_support.cpp.o[0m
[ 27%] [32mBuilding CXX object CMakeFiles/team4_msgs__rosidl_typesupport_cpp.dir/rosidl_typesupport_cpp/team4_msgs/srv/is_okay_icecream__type_support.cpp.o[0m
[ 29%] [32mBuilding CXX object CMakeFiles/team4_msgs__rosidl_typesupport_cpp.dir/rosidl_typesupport_cpp/team4_msgs/msg/storagy_status__type_support.cpp.o[0m
[ 30%] [32mBuilding CXX object CMakeFiles/team4_msgs__rosidl_typesupport_introspection_cpp.dir/rosidl_typesupport_introspection_cpp/team4_msgs/srv/detail/put_on_icecream__type_support.cpp.o[0m
[ 32%] [32mBuilding CXX object CMakeFiles/team4_msgs__rosidl_typesupport_c.dir/rosidl_typesupport_c/team4_msgs/srv/put_on_icecream__type_support.cpp.o[0m
[ 34%] [32mBuilding CXX object CMakeFiles/team4_msgs__rosidl_typesupport_c.dir/rosidl_typesupport_c/team4_msgs/srv/is_okay_icecream__type_support.cpp.o[0m
[ 36%] [32mBuilding CXX object CMakeFiles/team4_msgs__rosidl_typesupport_c.dir/rosidl_typesupport_c/team4_msgs/msg/storagy_status__type_support.cpp.o[0m
[ 38%] [32mBuilding CXX object CMakeFiles/team4_msgs__rosidl_typesupport_c.dir/rosidl_typesupport_c/team4_msgs/msg/aris_status__type_support.cpp.o[0m
[ 40%] [32mBuilding CXX object CMakeFiles/team4_msgs__rosidl_typesupport_fastrtps_cpp.dir/rosidl_typesupport_fastrtps_cpp/team4_msgs/srv/detail/dds_fastrtps/put_on_icecream__type_support.cpp.o[0m
[ 41%] [32mBuilding CXX object CMakeFiles/team4_msgs__rosidl_typesupport_introspection_cpp.dir/rosidl_typesupport_introspection_cpp/team4_msgs/srv/detail/is_okay_icecream__type_support.cpp.o[0m
[ 43%] [32mBuilding CXX object CMakeFiles/team4_msgs__rosidl_typesupport_fastrtps_cpp.dir/rosidl_typesupport_fastrtps_cpp/team4_msgs/srv/detail/dds_fastrtps/is_okay_icecream__type_support.cpp.o[0m
[ 45%] [32m[1mLinking CXX shared library libteam4_msgs__rosidl_typesupport_c.so[0m
[ 47%] [32mBuilding CXX object CMakeFiles/team4_msgs__rosidl_typesupport_cpp.dir/rosidl_typesupport_cpp/team4_msgs/msg/aris_status__type_support.cpp.o[0m
[ 49%] [32mBuilding CXX object CMakeFiles/team4_msgs__rosidl_typesupport_fastrtps_c.dir/rosidl_typesupport_fastrtps_c/team4_msgs/srv/detail/put_on_icecream__type_support_c.cpp.o[0m
[ 49%] Built target team4_msgs__rosidl_typesupport_c
[ 50%] [32mBuilding CXX object CMakeFiles/team4_msgs__rosidl_typesupport_fastrtps_c.dir/rosidl_typesupport_fastrtps_c/team4_msgs/srv/detail/is_okay_icecream__type_support_c.cpp.o[0m
[ 52%] [32mBuilding C object CMakeFiles/team4_msgs__rosidl_typesupport_introspection_c.dir/rosidl_typesupport_introspection_c/team4_msgs/srv/detail/put_on_icecream__type_support.c.o[0m
[ 54%] [32mBuilding C object CMakeFiles/team4_msgs__rosidl_typesupport_introspection_c.dir/rosidl_typesupport_introspection_c/team4_msgs/srv/detail/is_okay_icecream__type_support.c.o[0m
[ 56%] [32mBuilding C object CMakeFiles/team4_msgs__rosidl_typesupport_introspection_c.dir/rosidl_typesupport_introspection_c/team4_msgs/msg/detail/storagy_status__type_support.c.o[0m
[ 58%] [32mBuilding C object CMakeFiles/team4_msgs__rosidl_typesupport_introspection_c.dir/rosidl_typesupport_introspection_c/team4_msgs/msg/detail/aris_status__type_support.c.o[0m
[ 60%] [32mBuilding CXX object CMakeFiles/team4_msgs__rosidl_typesupport_fastrtps_c.dir/rosidl_typesupport_fastrtps_c/team4_msgs/msg/detail/storagy_status__type_support_c.cpp.o[0m
[ 61%] [32m[1mLinking CXX shared library libteam4_msgs__rosidl_typesupport_cpp.so[0m
[ 63%] [32m[1mLinking C shared library libteam4_msgs__rosidl_typesupport_introspection_c.so[0m
[ 63%] Built target team4_msgs__rosidl_typesupport_cpp
[ 65%] [32mBuilding CXX object CMakeFiles/team4_msgs__rosidl_typesupport_fastrtps_c.dir/rosidl_typesupport_fastrtps_c/team4_msgs/msg/detail/aris_status__type_support_c.cpp.o[0m
[ 67%] [32mBuilding CXX object CMakeFiles/team4_msgs__rosidl_typesupport_introspection_cpp.dir/rosidl_typesupport_introspection_cpp/team4_msgs/msg/detail/storagy_status__type_support.cpp.o[0m
[ 67%] Built target team4_msgs__rosidl_typesupport_introspection_c
[ 69%] [32mBuilding CXX object CMakeFiles/team4_msgs__rosidl_typesupport_fastrtps_cpp.dir/rosidl_typesupport_fastrtps_cpp/team4_msgs/msg/detail/dds_fastrtps/storagy_status__type_support.cpp.o[0m
[ 70%] [32mBuilding CXX object CMakeFiles/team4_msgs__rosidl_typesupport_fastrtps_cpp.dir/rosidl_typesupport_fastrtps_cpp/team4_msgs/msg/detail/dds_fastrtps/aris_status__type_support.cpp.o[0m
[ 72%] [32mBuilding CXX object CMakeFiles/team4_msgs__rosidl_typesupport_introspection_cpp.dir/rosidl_typesupport_introspection_cpp/team4_msgs/msg/detail/aris_status__type_support.cpp.o[0m
[ 74%] [32m[1mLinking CXX shared library libteam4_msgs__rosidl_typesupport_fastrtps_c.so[0m
[ 76%] [32m[1mLinking CXX shared library libteam4_msgs__rosidl_typesupport_fastrtps_cpp.so[0m
[ 78%] [32m[1mLinking CXX shared library libteam4_msgs__rosidl_typesupport_introspection_cpp.so[0m
[ 78%] Built target team4_msgs__rosidl_typesupport_fastrtps_c
[ 78%] Built target team4_msgs__rosidl_typesupport_fastrtps_cpp
[ 78%] Built target team4_msgs__rosidl_typesupport_introspection_cpp
[ 78%] Built target team4_msgs
[ 80%] [34m[1mGenerating Python code for ROS interfaces[0m
[ 80%] Built target team4_msgs__py
[ 87%] [32mBuilding C object CMakeFiles/team4_msgs__rosidl_generator_py.dir/rosidl_generator_py/team4_msgs/srv/_is_okay_icecream_s.c.o[0m
[ 87%] [32mBuilding C object CMakeFiles/team4_msgs__rosidl_generator_py.dir/rosidl_generator_py/team4_msgs/msg/_storagy_status_s.c.o[0m
[ 87%] [32mBuilding C object CMakeFiles/team4_msgs__rosidl_generator_py.dir/rosidl_generator_py/team4_msgs/msg/_aris_status_s.c.o[0m
[ 87%] [32mBuilding C object CMakeFiles/team4_msgs__rosidl_generator_py.dir/rosidl_generator_py/team4_msgs/srv/_put_on_icecream_s.c.o[0m
[ 89%] [32m[1mLinking C shared library rosidl_generator_py/team4_msgs/libteam4_msgs__rosidl_generator_py.so[0m
[ 89%] Built target team4_msgs__rosidl_generator_py
[ 94%] [32mBuilding C object CMakeFiles/team4_msgs__rosidl_typesupport_introspection_c__pyext.dir/rosidl_generator_py/team4_msgs/_team4_msgs_s.ep.rosidl_typesupport_introspection_c.c.o[0m
[ 94%] [32mBuilding C object CMakeFiles/team4_msgs__rosidl_typesupport_fastrtps_c__pyext.dir/rosidl_generator_py/team4_msgs/_team4_msgs_s.ep.rosidl_typesupport_fastrtps_c.c.o[0m
[ 94%] [32mBuilding C object CMakeFiles/team4_msgs__rosidl_typesupport_c__pyext.dir/rosidl_generator_py/team4_msgs/_team4_msgs_s.ep.rosidl_typesupport_c.c.o[0m
[100%] [32m[1mLinking C shared library rosidl_generator_py/team4_msgs/team4_msgs_s__rosidl_typesupport_c.cpython-310-x86_64-linux-gnu.so[0m
[100%] [32m[1mLinking C shared library rosidl_generator_py/team4_msgs/team4_msgs_s__rosidl_typesupport_fastrtps_c.cpython-310-x86_64-linux-gnu.so[0m
[100%] [32m[1mLinking C shared library rosidl_generator_py/team4_msgs/team4_msgs_s__rosidl_typesupport_introspection_c.cpython-310-x86_64-linux-gnu.so[0m
[100%] Built target team4_msgs__rosidl_typesupport_c__pyext
[100%] Built target team4_msgs__rosidl_typesupport_introspection_c__pyext
[100%] Built target team4_msgs__rosidl_typesupport_fastrtps_c__pyext
-- Install configuration: ""
-- Installing: /home/jhpc/RobotArm/aris_ws/install/team4_msgs/share/ament_index/resource_index/rosidl_interfaces/team4_msgs
-- Installing: /home/jhpc/RobotArm/aris_ws/install/team4_msgs/include/team4_msgs/team4_msgs
-- Installing: /home/jhpc/RobotArm/aris_ws/install/team4_msgs/include/team4_msgs/team4_msgs/srv
-- Installing: /home/jhpc/RobotArm/aris_ws/install/team4_msgs/include/team4_msgs/team4_msgs/srv/is_okay_icecream.h
-- Installing: /home/jhpc/RobotArm/aris_ws/install/team4_msgs/include/team4_msgs/team4_msgs/srv/detail
-- Installing: /home/jhpc/RobotArm/aris_ws/install/team4_msgs/include/team4_msgs/team4_msgs/srv/detail/is_okay_icecream__functions.c
-- Installing: /home/jhpc/RobotArm/aris_ws/install/team4_msgs/include/team4_msgs/team4_msgs/srv/detail/put_on_icecream__type_support.h
-- Installing: /home/jhpc/RobotArm/aris_ws/install/team4_msgs/include/team4_msgs/team4_msgs/srv/detail/put_on_icecream__functions.h
-- Installing: /home/jhpc/RobotArm/aris_ws/install/team4_msgs/include/team4_msgs/team4_msgs/srv/detail/is_okay_icecream__struct.h
-- Installing: /home/jhpc/RobotArm/aris_ws/install/team4_msgs/include/team4_msgs/team4_msgs/srv/detail/is_okay_icecream__type_support.h
-- Installing: /home/jhpc/RobotArm/aris_ws/install/team4_msgs/include/team4_msgs/team4_msgs/srv/detail/put_on_icecream__functions.c
-- Installing: /home/jhpc/RobotArm/aris_ws/install/team4_msgs/include/team4_msgs/team4_msgs/srv/detail/is_okay_icecream__functions.h
-- Installing: /home/jhpc/RobotArm/aris_ws/install/team4_msgs/include/team4_msgs/team4_msgs/srv/detail/put_on_icecream__struct.h
-- Installing: /home/jhpc/RobotArm/aris_ws/install/team4_msgs/include/team4_msgs/team4_msgs/srv/put_on_icecream.h
-- Installing: /home/jhpc/RobotArm/aris_ws/install/team4_msgs/include/team4_msgs/team4_msgs/msg
-- Installing: /home/jhpc/RobotArm/aris_ws/install/team4_msgs/include/team4_msgs/team4_msgs/msg/detail
-- Installing: /home/jhpc/RobotArm/aris_ws/install/team4_msgs/include/team4_msgs/team4_msgs/msg/detail/aris_status__struct.h
-- Installing: /home/jhpc/RobotArm/aris_ws/install/team4_msgs/include/team4_msgs/team4_msgs/msg/detail/storagy_status__type_support.h
-- Installing: /home/jhpc/RobotArm/aris_ws/install/team4_msgs/include/team4_msgs/team4_msgs/msg/detail/storagy_status__functions.c
-- Installing: /home/jhpc/RobotArm/aris_ws/install/team4_msgs/include/team4_msgs/team4_msgs/msg/detail/aris_status__functions.h
-- Installing: /home/jhpc/RobotArm/aris_ws/install/team4_msgs/include/team4_msgs/team4_msgs/msg/detail/aris_status__type_support.h
-- Installing: /home/jhpc/RobotArm/aris_ws/install/team4_msgs/include/team4_msgs/team4_msgs/msg/detail/aris_status__functions.c
-- Installing: /home/jhpc/RobotArm/aris_ws/install/team4_msgs/include/team4_msgs/team4_msgs/msg/detail/storagy_status__struct.h
-- Installing: /home/jhpc/RobotArm/aris_ws/install/team4_msgs/include/team4_msgs/team4_msgs/msg/detail/storagy_status__functions.h
-- Installing: /home/jhpc/RobotArm/aris_ws/install/team4_msgs/include/team4_msgs/team4_msgs/msg/storagy_status.h
-- Installing: /home/jhpc/RobotArm/aris_ws/install/team4_msgs/include/team4_msgs/team4_msgs/msg/rosidl_generator_c__visibility_control.h
-- Installing: /home/jhpc/RobotArm/aris_ws/install/team4_msgs/include/team4_msgs/team4_msgs/msg/aris_status.h
-- Installing: /home/jhpc/RobotArm/aris_ws/install/team4_msgs/share/team4_msgs/environment/library_path.sh
-- Installing: /home/jhpc/RobotArm/aris_ws/install/team4_msgs/share/team4_msgs/environment/library_path.dsv
-- Installing: /home/jhpc/RobotArm/aris_ws/install/team4_msgs/lib/libteam4_msgs__rosidl_generator_c.so
-- Set runtime path of "/home/jhpc/RobotArm/aris_ws/install/team4_msgs/lib/libteam4_msgs__rosidl_generator_c.so" to ""
-- Up-to-date: /home/jhpc/RobotArm/aris_ws/install/team4_msgs/include/team4_msgs/team4_msgs
-- Up-to-date: /home/jhpc/RobotArm/aris_ws/install/team4_msgs/include/team4_msgs/team4_msgs/srv
-- Up-to-date: /home/jhpc/RobotArm/aris_ws/install/team4_msgs/include/team4_msgs/team4_msgs/srv/detail
-- Installing: /home/jhpc/RobotArm/aris_ws/install/team4_msgs/include/team4_msgs/team4_msgs/srv/detail/is_okay_icecream__rosidl_typesupport_fastrtps_c.h
-- Installing: /home/jhpc/RobotArm/aris_ws/install/team4_msgs/include/team4_msgs/team4_msgs/srv/detail/put_on_icecream__rosidl_typesupport_fastrtps_c.h
-- Up-to-date: /home/jhpc/RobotArm/aris_ws/install/team4_msgs/include/team4_msgs/team4_msgs/msg
-- Installing: /home/jhpc/RobotArm/aris_ws/install/team4_msgs/include/team4_msgs/team4_msgs/msg/rosidl_typesupport_fastrtps_c__visibility_control.h
-- Up-to-date: /home/jhpc/RobotArm/aris_ws/install/team4_msgs/include/team4_msgs/team4_msgs/msg/detail
-- Installing: /home/jhpc/RobotArm/aris_ws/install/team4_msgs/include/team4_msgs/team4_msgs/msg/detail/storagy_status__rosidl_typesupport_fastrtps_c.h
-- Installing: /home/jhpc/RobotArm/aris_ws/install/team4_msgs/include/team4_msgs/team4_msgs/msg/detail/aris_status__rosidl_typesupport_fastrtps_c.h
-- Installing: /home/jhpc/RobotArm/aris_ws/install/team4_msgs/lib/libteam4_msgs__rosidl_typesupport_fastrtps_c.so
-- Set runtime path of "/home/jhpc/RobotArm/aris_ws/install/team4_msgs/lib/libteam4_msgs__rosidl_typesupport_fastrtps_c.so" to ""
-- Up-to-date: /home/jhpc/RobotArm/aris_ws/install/team4_msgs/include/team4_msgs/team4_msgs
-- Up-to-date: /home/jhpc/RobotArm/aris_ws/install/team4_msgs/include/team4_msgs/team4_msgs/srv
-- Up-to-date: /home/jhpc/RobotArm/aris_ws/install/team4_msgs/include/team4_msgs/team4_msgs/srv/detail
-- Installing: /home/jhpc/RobotArm/aris_ws/install/team4_msgs/include/team4_msgs/team4_msgs/srv/detail/is_okay_icecream__type_support.c
-- Installing: /home/jhpc/RobotArm/aris_ws/install/team4_msgs/include/team4_msgs/team4_msgs/srv/detail/put_on_icecream__rosidl_typesupport_introspection_c.h
-- Installing: /home/jhpc/RobotArm/aris_ws/install/team4_msgs/include/team4_msgs/team4_msgs/srv/detail/put_on_icecream__type_support.c
-- Installing: /home/jhpc/RobotArm/aris_ws/install/team4_msgs/include/team4_msgs/team4_msgs/srv/detail/is_okay_icecream__rosidl_typesupport_introspection_c.h
-- Up-to-date: /home/jhpc/RobotArm/aris_ws/install/team4_msgs/include/team4_msgs/team4_msgs/msg
-- Installing: /home/jhpc/RobotArm/aris_ws/install/team4_msgs/include/team4_msgs/team4_msgs/msg/rosidl_typesupport_introspection_c__visibility_control.h
-- Up-to-date: /home/jhpc/RobotArm/aris_ws/install/team4_msgs/include/team4_msgs/team4_msgs/msg/detail
-- Installing: /home/jhpc/RobotArm/aris_ws/install/team4_msgs/include/team4_msgs/team4_msgs/msg/detail/storagy_status__type_support.c
-- Installing: /home/jhpc/RobotArm/aris_ws/install/team4_msgs/include/team4_msgs/team4_msgs/msg/detail/aris_status__type_support.c
-- Installing: /home/jhpc/RobotArm/aris_ws/install/team4_msgs/include/team4_msgs/team4_msgs/msg/detail/storagy_status__rosidl_typesupport_introspection_c.h
-- Installing: /home/jhpc/RobotArm/aris_ws/install/team4_msgs/include/team4_msgs/team4_msgs/msg/detail/aris_status__rosidl_typesupport_introspection_c.h
-- Installing: /home/jhpc/RobotArm/aris_ws/install/team4_msgs/lib/libteam4_msgs__rosidl_typesupport_introspection_c.so
-- Set runtime path of "/home/jhpc/RobotArm/aris_ws/install/team4_msgs/lib/libteam4_msgs__rosidl_typesupport_introspection_c.so" to ""
-- Installing: /home/jhpc/RobotArm/aris_ws/install/team4_msgs/lib/libteam4_msgs__rosidl_typesupport_c.so
-- Set runtime path of "/home/jhpc/RobotArm/aris_ws/install/team4_msgs/lib/libteam4_msgs__rosidl_typesupport_c.so" to ""
-- Up-to-date: /home/jhpc/RobotArm/aris_ws/install/team4_msgs/include/team4_msgs/team4_msgs
-- Up-to-date: /home/jhpc/RobotArm/aris_ws/install/team4_msgs/include/team4_msgs/team4_msgs/srv
-- Installing: /home/jhpc/RobotArm/aris_ws/install/team4_msgs/include/team4_msgs/team4_msgs/srv/put_on_icecream.hpp
-- Up-to-date: /home/jhpc/RobotArm/aris_ws/install/team4_msgs/include/team4_msgs/team4_msgs/srv/detail
-- Installing: /home/jhpc/RobotArm/aris_ws/install/team4_msgs/include/team4_msgs/team4_msgs/srv/detail/put_on_icecream__traits.hpp
-- Installing: /home/jhpc/RobotArm/aris_ws/install/team4_msgs/include/team4_msgs/team4_msgs/srv/detail/is_okay_icecream__traits.hpp
-- Installing: /home/jhpc/RobotArm/aris_ws/install/team4_msgs/include/team4_msgs/team4_msgs/srv/detail/put_on_icecream__struct.hpp
-- Installing: /home/jhpc/RobotArm/aris_ws/install/team4_msgs/include/team4_msgs/team4_msgs/srv/detail/is_okay_icecream__struct.hpp
-- Installing: /home/jhpc/RobotArm/aris_ws/install/team4_msgs/include/team4_msgs/team4_msgs/srv/detail/put_on_icecream__builder.hpp
-- Installing: /home/jhpc/RobotArm/aris_ws/install/team4_msgs/include/team4_msgs/team4_msgs/srv/detail/is_okay_icecream__builder.hpp
-- Installing: /home/jhpc/RobotArm/aris_ws/install/team4_msgs/include/team4_msgs/team4_msgs/srv/is_okay_icecream.hpp
-- Up-to-date: /home/jhpc/RobotArm/aris_ws/install/team4_msgs/include/team4_msgs/team4_msgs/msg
-- Up-to-date: /home/jhpc/RobotArm/aris_ws/install/team4_msgs/include/team4_msgs/team4_msgs/msg/detail
-- Installing: /home/jhpc/RobotArm/aris_ws/install/team4_msgs/include/team4_msgs/team4_msgs/msg/detail/storagy_status__builder.hpp
-- Installing: /home/jhpc/RobotArm/aris_ws/install/team4_msgs/include/team4_msgs/team4_msgs/msg/detail/aris_status__traits.hpp
-- Installing: /home/jhpc/RobotArm/aris_ws/install/team4_msgs/include/team4_msgs/team4_msgs/msg/detail/aris_status__builder.hpp
-- Installing: /home/jhpc/RobotArm/aris_ws/install/team4_msgs/include/team4_msgs/team4_msgs/msg/detail/storagy_status__traits.hpp
-- Installing: /home/jhpc/RobotArm/aris_ws/install/team4_msgs/include/team4_msgs/team4_msgs/msg/detail/storagy_status__struct.hpp
-- Installing: /home/jhpc/RobotArm/aris_ws/install/team4_msgs/include/team4_msgs/team4_msgs/msg/detail/aris_status__struct.hpp
-- Installing: /home/jhpc/RobotArm/aris_ws/install/team4_msgs/include/team4_msgs/team4_msgs/msg/aris_status.hpp
-- Installing: /home/jhpc/RobotArm/aris_ws/install/team4_msgs/include/team4_msgs/team4_msgs/msg/storagy_status.hpp
-- Up-to-date: /home/jhpc/RobotArm/aris_ws/install/team4_msgs/include/team4_msgs/team4_msgs
-- Up-to-date: /home/jhpc/RobotArm/aris_ws/install/team4_msgs/include/team4_msgs/team4_msgs/srv
-- Up-to-date: /home/jhpc/RobotArm/aris_ws/install/team4_msgs/include/team4_msgs/team4_msgs/srv/detail
-- Installing: /home/jhpc/RobotArm/aris_ws/install/team4_msgs/include/team4_msgs/team4_msgs/srv/detail/dds_fastrtps
-- Installing: /home/jhpc/RobotArm/aris_ws/install/team4_msgs/include/team4_msgs/team4_msgs/srv/detail/put_on_icecream__rosidl_typesupport_fastrtps_cpp.hpp
-- Installing: /home/jhpc/RobotArm/aris_ws/install/team4_msgs/include/team4_msgs/team4_msgs/srv/detail/is_okay_icecream__rosidl_typesupport_fastrtps_cpp.hpp
-- Up-to-date: /home/jhpc/RobotArm/aris_ws/install/team4_msgs/include/team4_msgs/team4_msgs/msg
-- Up-to-date: /home/jhpc/RobotArm/aris_ws/install/team4_msgs/include/team4_msgs/team4_msgs/msg/detail
-- Installing: /home/jhpc/RobotArm/aris_ws/install/team4_msgs/include/team4_msgs/team4_msgs/msg/detail/dds_fastrtps
-- Installing: /home/jhpc/RobotArm/aris_ws/install/team4_msgs/include/team4_msgs/team4_msgs/msg/detail/aris_status__rosidl_typesupport_fastrtps_cpp.hpp
-- Installing: /home/jhpc/RobotArm/aris_ws/install/team4_msgs/include/team4_msgs/team4_msgs/msg/detail/storagy_status__rosidl_typesupport_fastrtps_cpp.hpp
-- Installing: /home/jhpc/RobotArm/aris_ws/install/team4_msgs/include/team4_msgs/team4_msgs/msg/rosidl_typesupport_fastrtps_cpp__visibility_control.h
-- Installing: /home/jhpc/RobotArm/aris_ws/install/team4_msgs/lib/libteam4_msgs__rosidl_typesupport_fastrtps_cpp.so
-- Set runtime path of "/home/jhpc/RobotArm/aris_ws/install/team4_msgs/lib/libteam4_msgs__rosidl_typesupport_fastrtps_cpp.so" to ""
-- Up-to-date: /home/jhpc/RobotArm/aris_ws/install/team4_msgs/include/team4_msgs/team4_msgs
-- Up-to-date: /home/jhpc/RobotArm/aris_ws/install/team4_msgs/include/team4_msgs/team4_msgs/srv
-- Up-to-date: /home/jhpc/RobotArm/aris_ws/install/team4_msgs/include/team4_msgs/team4_msgs/srv/detail
-- Installing: /home/jhpc/RobotArm/aris_ws/install/team4_msgs/include/team4_msgs/team4_msgs/srv/detail/put_on_icecream__type_support.cpp
-- Installing: /home/jhpc/RobotArm/aris_ws/install/team4_msgs/include/team4_msgs/team4_msgs/srv/detail/is_okay_icecream__type_support.cpp
-- Installing: /home/jhpc/RobotArm/aris_ws/install/team4_msgs/include/team4_msgs/team4_msgs/srv/detail/put_on_icecream__rosidl_typesupport_introspection_cpp.hpp
-- Installing: /home/jhpc/RobotArm/aris_ws/install/team4_msgs/include/team4_msgs/team4_msgs/srv/detail/is_okay_icecream__rosidl_typesupport_introspection_cpp.hpp
-- Up-to-date: /home/jhpc/RobotArm/aris_ws/install/team4_msgs/include/team4_msgs/team4_msgs/msg
-- Up-to-date: /home/jhpc/RobotArm/aris_ws/install/team4_msgs/include/team4_msgs/team4_msgs/msg/detail
-- Installing: /home/jhpc/RobotArm/aris_ws/install/team4_msgs/include/team4_msgs/team4_msgs/msg/detail/aris_status__rosidl_typesupport_introspection_cpp.hpp
-- Installing: /home/jhpc/RobotArm/aris_ws/install/team4_msgs/include/team4_msgs/team4_msgs/msg/detail/aris_status__type_support.cpp
-- Installing: /home/jhpc/RobotArm/aris_ws/install/team4_msgs/include/team4_msgs/team4_msgs/msg/detail/storagy_status__type_support.cpp
-- Installing: /home/jhpc/RobotArm/aris_ws/install/team4_msgs/include/team4_msgs/team4_msgs/msg/detail/storagy_status__rosidl_typesupport_introspection_cpp.hpp
-- Installing: /home/jhpc/RobotArm/aris_ws/install/team4_msgs/lib/libteam4_msgs__rosidl_typesupport_introspection_cpp.so
-- Set runtime path of "/home/jhpc/RobotArm/aris_ws/install/team4_msgs/lib/libteam4_msgs__rosidl_typesupport_introspection_cpp.so" to ""
-- Installing: /home/jhpc/RobotArm/aris_ws/install/team4_msgs/lib/libteam4_msgs__rosidl_typesupport_cpp.so
-- Set runtime path of "/home/jhpc/RobotArm/aris_ws/install/team4_msgs/lib/libteam4_msgs__rosidl_typesupport_cpp.so" to ""
-- Installing: /home/jhpc/RobotArm/aris_ws/install/team4_msgs/share/team4_msgs/environment/pythonpath.sh
-- Installing: /home/jhpc/RobotArm/aris_ws/install/team4_msgs/share/team4_msgs/environment/pythonpath.dsv
-- Installing: /home/jhpc/RobotArm/aris_ws/install/team4_msgs/local/lib/python3.10/dist-packages/team4_msgs-0.0.0-py3.10.egg-info
-- Installing: /home/jhpc/RobotArm/aris_ws/install/team4_msgs/local/lib/python3.10/dist-packages/team4_msgs-0.0.0-py3.10.egg-info/dependency_links.txt
-- Installing: /home/jhpc/RobotArm/aris_ws/install/team4_msgs/local/lib/python3.10/dist-packages/team4_msgs-0.0.0-py3.10.egg-info/top_level.txt
-- Installing: /home/jhpc/RobotArm/aris_ws/install/team4_msgs/local/lib/python3.10/dist-packages/team4_msgs-0.0.0-py3.10.egg-info/SOURCES.txt
-- Installing: /home/jhpc/RobotArm/aris_ws/install/team4_msgs/local/lib/python3.10/dist-packages/team4_msgs-0.0.0-py3.10.egg-info/PKG-INFO
-- Installing: /home/jhpc/RobotArm/aris_ws/install/team4_msgs/local/lib/python3.10/dist-packages/team4_msgs
-- Installing: /home/jhpc/RobotArm/aris_ws/install/team4_msgs/local/lib/python3.10/dist-packages/team4_msgs/_team4_msgs_s.ep.rosidl_typesupport_fastrtps_c.c
-- Installing: /home/jhpc/RobotArm/aris_ws/install/team4_msgs/local/lib/python3.10/dist-packages/team4_msgs/srv
-- Installing: /home/jhpc/RobotArm/aris_ws/install/team4_msgs/local/lib/python3.10/dist-packages/team4_msgs/srv/_is_okay_icecream.py
-- Installing: /home/jhpc/RobotArm/aris_ws/install/team4_msgs/local/lib/python3.10/dist-packages/team4_msgs/srv/__init__.py
-- Installing: /home/jhpc/RobotArm/aris_ws/install/team4_msgs/local/lib/python3.10/dist-packages/team4_msgs/srv/_put_on_icecream.py
-- Installing: /home/jhpc/RobotArm/aris_ws/install/team4_msgs/local/lib/python3.10/dist-packages/team4_msgs/srv/_is_okay_icecream_s.c
-- Installing: /home/jhpc/RobotArm/aris_ws/install/team4_msgs/local/lib/python3.10/dist-packages/team4_msgs/srv/_put_on_icecream_s.c
-- Installing: /home/jhpc/RobotArm/aris_ws/install/team4_msgs/local/lib/python3.10/dist-packages/team4_msgs/__init__.py
-- Installing: /home/jhpc/RobotArm/aris_ws/install/team4_msgs/local/lib/python3.10/dist-packages/team4_msgs/_team4_msgs_s.ep.rosidl_typesupport_introspection_c.c
-- Installing: /home/jhpc/RobotArm/aris_ws/install/team4_msgs/local/lib/python3.10/dist-packages/team4_msgs/team4_msgs_s__rosidl_typesupport_fastrtps_c.cpython-310-x86_64-linux-gnu.so
-- Installing: /home/jhpc/RobotArm/aris_ws/install/team4_msgs/local/lib/python3.10/dist-packages/team4_msgs/team4_msgs_s__rosidl_typesupport_c.cpython-310-x86_64-linux-gnu.so
-- Installing: /home/jhpc/RobotArm/aris_ws/install/team4_msgs/local/lib/python3.10/dist-packages/team4_msgs/msg
-- Installing: /home/jhpc/RobotArm/aris_ws/install/team4_msgs/local/lib/python3.10/dist-packages/team4_msgs/msg/_aris_status_s.c
-- Installing: /home/jhpc/RobotArm/aris_ws/install/team4_msgs/local/lib/python3.10/dist-packages/team4_msgs/msg/__init__.py
-- Installing: /home/jhpc/RobotArm/aris_ws/install/team4_msgs/local/lib/python3.10/dist-packages/team4_msgs/msg/_aris_status.py
-- Installing: /home/jhpc/RobotArm/aris_ws/install/team4_msgs/local/lib/python3.10/dist-packages/team4_msgs/msg/_storagy_status_s.c
-- Installing: /home/jhpc/RobotArm/aris_ws/install/team4_msgs/local/lib/python3.10/dist-packages/team4_msgs/msg/_storagy_status.py
-- Installing: /home/jhpc/RobotArm/aris_ws/install/team4_msgs/local/lib/python3.10/dist-packages/team4_msgs/team4_msgs_s__rosidl_typesupport_introspection_c.cpython-310-x86_64-linux-gnu.so
-- Installing: /home/jhpc/RobotArm/aris_ws/install/team4_msgs/local/lib/python3.10/dist-packages/team4_msgs/_team4_msgs_s.ep.rosidl_typesupport_c.c
-- Installing: /home/jhpc/RobotArm/aris_ws/install/team4_msgs/local/lib/python3.10/dist-packages/team4_msgs/libteam4_msgs__rosidl_generator_py.so
Listing '/home/jhpc/RobotArm/aris_ws/install/team4_msgs/local/lib/python3.10/dist-packages/team4_msgs'...
Compiling '/home/jhpc/RobotArm/aris_ws/install/team4_msgs/local/lib/python3.10/dist-packages/team4_msgs/__init__.py'...
Listing '/home/jhpc/RobotArm/aris_ws/install/team4_msgs/local/lib/python3.10/dist-packages/team4_msgs/msg'...
Compiling '/home/jhpc/RobotArm/aris_ws/install/team4_msgs/local/lib/python3.10/dist-packages/team4_msgs/msg/__init__.py'...
Compiling '/home/jhpc/RobotArm/aris_ws/install/team4_msgs/local/lib/python3.10/dist-packages/team4_msgs/msg/_aris_status.py'...
Compiling '/home/jhpc/RobotArm/aris_ws/install/team4_msgs/local/lib/python3.10/dist-packages/team4_msgs/msg/_storagy_status.py'...
Listing '/home/jhpc/RobotArm/aris_ws/install/team4_msgs/local/lib/python3.10/dist-packages/team4_msgs/srv'...
Compiling '/home/jhpc/RobotArm/aris_ws/install/team4_msgs/local/lib/python3.10/dist-packages/team4_msgs/srv/__init__.py'...
Compiling '/home/jhpc/RobotArm/aris_ws/install/team4_msgs/local/lib/python3.10/dist-packages/team4_msgs/srv/_is_okay_icecream.py'...
Compiling '/home/jhpc/RobotArm/aris_ws/install/team4_msgs/local/lib/python3.10/dist-packages/team4_msgs/srv/_put_on_icecream.py'...
-- Installing: /home/jhpc/RobotArm/aris_ws/install/team4_msgs/local/lib/python3.10/dist-packages/team4_msgs/team4_msgs_s__rosidl_typesupport_fastrtps_c.cpython-310-x86_64-linux-gnu.so
-- Set runtime path of "/home/jhpc/RobotArm/aris_ws/install/team4_msgs/local/lib/python3.10/dist-packages/team4_msgs/team4_msgs_s__rosidl_typesupport_fastrtps_c.cpython-310-x86_64-linux-gnu.so" to ""
-- Installing: /home/jhpc/RobotArm/aris_ws/install/team4_msgs/local/lib/python3.10/dist-packages/team4_msgs/team4_msgs_s__rosidl_typesupport_introspection_c.cpython-310-x86_64-linux-gnu.so
-- Set runtime path of "/home/jhpc/RobotArm/aris_ws/install/team4_msgs/local/lib/python3.10/dist-packages/team4_msgs/team4_msgs_s__rosidl_typesupport_introspection_c.cpython-310-x86_64-linux-gnu.so" to ""
-- Installing: /home/jhpc/RobotArm/aris_ws/install/team4_msgs/local/lib/python3.10/dist-packages/team4_msgs/team4_msgs_s__rosidl_typesupport_c.cpython-310-x86_64-linux-gnu.so
-- Set runtime path of "/home/jhpc/RobotArm/aris_ws/install/team4_msgs/local/lib/python3.10/dist-packages/team4_msgs/team4_msgs_s__rosidl_typesupport_c.cpython-310-x86_64-linux-gnu.so" to ""
-- Installing: /home/jhpc/RobotArm/aris_ws/install/team4_msgs/lib/libteam4_msgs__rosidl_generator_py.so
-- Set runtime path of "/home/jhpc/RobotArm/aris_ws/install/team4_msgs/lib/libteam4_msgs__rosidl_generator_py.so" to ""
-- Installing: /home/jhpc/RobotArm/aris_ws/install/team4_msgs/share/team4_msgs/srv/PutOnIcecream.idl
-- Installing: /home/jhpc/RobotArm/aris_ws/install/team4_msgs/share/team4_msgs/srv/IsOkayIcecream.idl
-- Installing: /home/jhpc/RobotArm/aris_ws/install/team4_msgs/share/team4_msgs/msg/StoragyStatus.idl
-- Installing: /home/jhpc/RobotArm/aris_ws/install/team4_msgs/share/team4_msgs/msg/ArisStatus.idl
-- Installing: /home/jhpc/RobotArm/aris_ws/install/team4_msgs/share/team4_msgs/srv/PutOnIcecream.srv
-- Installing: /home/jhpc/RobotArm/aris_ws/install/team4_msgs/share/team4_msgs/srv/PutOnIcecream_Request.msg
-- Installing: /home/jhpc/RobotArm/aris_ws/install/team4_msgs/share/team4_msgs/srv/PutOnIcecream_Response.msg
-- Installing: /home/jhpc/RobotArm/aris_ws/install/team4_msgs/share/team4_msgs/srv/IsOkayIcecream.srv
-- Installing: /home/jhpc/RobotArm/aris_ws/install/team4_msgs/share/team4_msgs/srv/IsOkayIcecream_Request.msg
-- Installing: /home/jhpc/RobotArm/aris_ws/install/team4_msgs/share/team4_msgs/srv/IsOkayIcecream_Response.msg
-- Installing: /home/jhpc/RobotArm/aris_ws/install/team4_msgs/share/team4_msgs/msg/StoragyStatus.msg
-- Installing: /home/jhpc/RobotArm/aris_ws/install/team4_msgs/share/team4_msgs/msg/ArisStatus.msg
-- Installing: /home/jhpc/RobotArm/aris_ws/install/team4_msgs/share/ament_index/resource_index/package_run_dependencies/team4_msgs
-- Installing: /home/jhpc/RobotArm/aris_ws/install/team4_msgs/share/ament_index/resource_index/parent_prefix_path/team4_msgs
-- Installing: /home/jhpc/RobotArm/aris_ws/install/team4_msgs/share/team4_msgs/environment/ament_prefix_path.sh
-- Installing: /home/jhpc/RobotArm/aris_ws/install/team4_msgs/share/team4_msgs/environment/ament_prefix_path.dsv
-- Installing: /home/jhpc/RobotArm/aris_ws/install/team4_msgs/share/team4_msgs/environment/path.sh
-- Installing: /home/jhpc/RobotArm/aris_ws/install/team4_msgs/share/team4_msgs/environment/path.dsv
-- Installing: /home/jhpc/RobotArm/aris_ws/install/team4_msgs/share/team4_msgs/local_setup.bash
-- Installing: /home/jhpc/RobotArm/aris_ws/install/team4_msgs/share/team4_msgs/local_setup.sh
-- Installing: /home/jhpc/RobotArm/aris_ws/install/team4_msgs/share/team4_msgs/local_setup.zsh
-- Installing: /home/jhpc/RobotArm/aris_ws/install/team4_msgs/share/team4_msgs/local_setup.dsv
-- Installing: /home/jhpc/RobotArm/aris_ws/install/team4_msgs/share/team4_msgs/package.dsv
-- Installing: /home/jhpc/RobotArm/aris_ws/install/team4_msgs/share/ament_index/resource_index/packages/team4_msgs
-- Installing: /home/jhpc/RobotArm/aris_ws/install/team4_msgs/share/team4_msgs/cmake/export_team4_msgs__rosidl_generator_cExport.cmake
-- Installing: /home/jhpc/RobotArm/aris_ws/install/team4_msgs/share/team4_msgs/cmake/export_team4_msgs__rosidl_generator_cExport-noconfig.cmake
-- Installing: /home/jhpc/RobotArm/aris_ws/install/team4_msgs/share/team4_msgs/cmake/export_team4_msgs__rosidl_typesupport_fastrtps_cExport.cmake
-- Installing: /home/jhpc/RobotArm/aris_ws/install/team4_msgs/share/team4_msgs/cmake/export_team4_msgs__rosidl_typesupport_fastrtps_cExport-noconfig.cmake
-- Installing: /home/jhpc/RobotArm/aris_ws/install/team4_msgs/share/team4_msgs/cmake/team4_msgs__rosidl_typesupport_introspection_cExport.cmake
-- Installing: /home/jhpc/RobotArm/aris_ws/install/team4_msgs/share/team4_msgs/cmake/team4_msgs__rosidl_typesupport_introspection_cExport-noconfig.cmake
-- Installing: /home/jhpc/RobotArm/aris_ws/install/team4_msgs/share/team4_msgs/cmake/team4_msgs__rosidl_typesupport_cExport.cmake
-- Installing: /home/jhpc/RobotArm/aris_ws/install/team4_msgs/share/team4_msgs/cmake/team4_msgs__rosidl_typesupport_cExport-noconfig.cmake
-- Installing: /home/jhpc/RobotArm/aris_ws/install/team4_msgs/share/team4_msgs/cmake/export_team4_msgs__rosidl_generator_cppExport.cmake
-- Installing: /home/jhpc/RobotArm/aris_ws/install/team4_msgs/share/team4_msgs/cmake/export_team4_msgs__rosidl_typesupport_fastrtps_cppExport.cmake
-- Installing: /home/jhpc/RobotArm/aris_ws/install/team4_msgs/share/team4_msgs/cmake/export_team4_msgs__rosidl_typesupport_fastrtps_cppExport-noconfig.cmake
-- Installing: /home/jhpc/RobotArm/aris_ws/install/team4_msgs/share/team4_msgs/cmake/team4_msgs__rosidl_typesupport_introspection_cppExport.cmake
-- Installing: /home/jhpc/RobotArm/aris_ws/install/team4_msgs/share/team4_msgs/cmake/team4_msgs__rosidl_typesupport_introspection_cppExport-noconfig.cmake
-- Installing: /home/jhpc/RobotArm/aris_ws/install/team4_msgs/share/team4_msgs/cmake/team4_msgs__rosidl_typesupport_cppExport.cmake
-- Installing: /home/jhpc/RobotArm/aris_ws/install/team4_msgs/share/team4_msgs/cmake/team4_msgs__rosidl_typesupport_cppExport-noconfig.cmake
-- Installing: /home/jhpc/RobotArm/aris_ws/install/team4_msgs/share/team4_msgs/cmake/export_team4_msgs__rosidl_generator_pyExport.cmake
-- Installing: /home/jhpc/RobotArm/aris_ws/install/team4_msgs/share/team4_msgs/cmake/export_team4_msgs__rosidl_generator_pyExport-noconfig.cmake
-- Installing: /home/jhpc/RobotArm/aris_ws/install/team4_msgs/share/team4_msgs/cmake/rosidl_cmake-extras.cmake
-- Installing: /home/jhpc/RobotArm/aris_ws/install/team4_msgs/share/team4_msgs/cmake/ament_cmake_export_dependencies-extras.cmake
-- Installing: /home/jhpc/RobotArm/aris_ws/install/team4_msgs/share/team4_msgs/cmake/ament_cmake_export_include_directories-extras.cmake
-- Installing: /home/jhpc/RobotArm/aris_ws/install/team4_msgs/share/team4_msgs/cmake/ament_cmake_export_libraries-extras.cmake
-- Installing: /home/jhpc/RobotArm/aris_ws/install/team4_msgs/share/team4_msgs/cmake/ament_cmake_export_targets-extras.cmake
-- Installing: /home/jhpc/RobotArm/aris_ws/install/team4_msgs/share/team4_msgs/cmake/rosidl_cmake_export_typesupport_targets-extras.cmake
-- Installing: /home/jhpc/RobotArm/aris_ws/install/team4_msgs/share/team4_msgs/cmake/rosidl_cmake_export_typesupport_libraries-extras.cmake
-- Installing: /home/jhpc/RobotArm/aris_ws/install/team4_msgs/share/team4_msgs/cmake/team4_msgsConfig.cmake
-- Installing: /home/jhpc/RobotArm/aris_ws/install/team4_msgs/share/team4_msgs/cmake/team4_msgsConfig-version.cmake
-- Installing: /home/jhpc/RobotArm/aris_ws/install/team4_msgs/share/team4_msgs/package.xml
