[0.241s] Invoking command in '/home/jhpc/RobotArm/aris_ws/build/team4_msgs': CMAKE_PREFIX_PATH=/opt/ros/humble /usr/bin/cmake --build /home/jhpc/RobotArm/aris_ws/build/team4_msgs -- -j8 -l8
[0.267s] [  1%] [34m[1mGenerating C code for ROS interfaces[0m
[0.273s] [  3%] [34m[1mGenerating C++ code for ROS interfaces[0m
[0.279s] [  3%] Built target ament_cmake_python_copy_team4_msgs
[0.566s] running egg_info
[0.567s] creating team4_msgs.egg-info
[0.577s] writing team4_msgs.egg-info/PKG-INFO
[0.577s] writing dependency_links to team4_msgs.egg-info/dependency_links.txt
[0.577s] writing top-level names to team4_msgs.egg-info/top_level.txt
[0.577s] writing manifest file 'team4_msgs.egg-info/SOURCES.txt'
[0.621s] reading manifest file 'team4_msgs.egg-info/SOURCES.txt'
[0.622s] writing manifest file 'team4_msgs.egg-info/SOURCES.txt'
[0.630s] [  3%] Built target team4_msgs__cpp
[0.644s] [  5%] [34m[1mGenerating C++ type support dispatch for ROS interfaces[0m
[0.646s] [  7%] [34m[1mGenerating C++ type support for eProsima Fast-RTPS[0m
[0.649s] [  9%] [34m[1mGenerating C++ introspection for ROS interfaces[0m
[0.677s] [  9%] Built target ament_cmake_python_build_team4_msgs_egg
[0.684s] [ 14%] [32mBuilding C object CMakeFiles/team4_msgs__rosidl_generator_c.dir/rosidl_generator_c/team4_msgs/msg/detail/aris_status__functions.c.o[0m
[0.684s] [ 16%] [32mBuilding C object CMakeFiles/team4_msgs__rosidl_generator_c.dir/rosidl_generator_c/team4_msgs/msg/detail/storagy_status__functions.c.o[0m
[0.684s] [ 14%] [32mBuilding C object CMakeFiles/team4_msgs__rosidl_generator_c.dir/rosidl_generator_c/team4_msgs/srv/detail/is_okay_icecream__functions.c.o[0m
[0.686s] [ 16%] [32mBuilding C object CMakeFiles/team4_msgs__rosidl_generator_c.dir/rosidl_generator_c/team4_msgs/srv/detail/put_on_icecream__functions.c.o[0m
[0.742s] [ 18%] [32m[1mLinking C shared library libteam4_msgs__rosidl_generator_c.so[0m
[0.765s] [ 18%] Built target team4_msgs__rosidl_generator_c
[0.774s] [ 20%] [34m[1mGenerating C type support for eProsima Fast-RTPS[0m
[0.774s] [ 21%] [34m[1mGenerating C introspection for ROS interfaces[0m
[0.774s] [ 23%] [34m[1mGenerating C type support dispatch for ROS interfaces[0m
[0.984s] [ 25%] [32mBuilding CXX object CMakeFiles/team4_msgs__rosidl_typesupport_cpp.dir/rosidl_typesupport_cpp/team4_msgs/srv/put_on_icecream__type_support.cpp.o[0m
[0.984s] [ 27%] [32mBuilding CXX object CMakeFiles/team4_msgs__rosidl_typesupport_cpp.dir/rosidl_typesupport_cpp/team4_msgs/srv/is_okay_icecream__type_support.cpp.o[0m
[0.989s] [ 29%] [32mBuilding CXX object CMakeFiles/team4_msgs__rosidl_typesupport_cpp.dir/rosidl_typesupport_cpp/team4_msgs/msg/storagy_status__type_support.cpp.o[0m
[1.115s] [ 30%] [32mBuilding CXX object CMakeFiles/team4_msgs__rosidl_typesupport_introspection_cpp.dir/rosidl_typesupport_introspection_cpp/team4_msgs/srv/detail/put_on_icecream__type_support.cpp.o[0m
[1.162s] [ 32%] [32mBuilding CXX object CMakeFiles/team4_msgs__rosidl_typesupport_c.dir/rosidl_typesupport_c/team4_msgs/srv/put_on_icecream__type_support.cpp.o[0m
[1.199s] [ 34%] [32mBuilding CXX object CMakeFiles/team4_msgs__rosidl_typesupport_c.dir/rosidl_typesupport_c/team4_msgs/srv/is_okay_icecream__type_support.cpp.o[0m
[1.238s] [ 36%] [32mBuilding CXX object CMakeFiles/team4_msgs__rosidl_typesupport_c.dir/rosidl_typesupport_c/team4_msgs/msg/storagy_status__type_support.cpp.o[0m
[1.268s] [ 38%] [32mBuilding CXX object CMakeFiles/team4_msgs__rosidl_typesupport_c.dir/rosidl_typesupport_c/team4_msgs/msg/aris_status__type_support.cpp.o[0m
[1.274s] [ 40%] [32mBuilding CXX object CMakeFiles/team4_msgs__rosidl_typesupport_fastrtps_cpp.dir/rosidl_typesupport_fastrtps_cpp/team4_msgs/srv/detail/dds_fastrtps/put_on_icecream__type_support.cpp.o[0m
[1.280s] [ 41%] [32mBuilding CXX object CMakeFiles/team4_msgs__rosidl_typesupport_introspection_cpp.dir/rosidl_typesupport_introspection_cpp/team4_msgs/srv/detail/is_okay_icecream__type_support.cpp.o[0m
[1.295s] [ 43%] [32mBuilding CXX object CMakeFiles/team4_msgs__rosidl_typesupport_fastrtps_cpp.dir/rosidl_typesupport_fastrtps_cpp/team4_msgs/srv/detail/dds_fastrtps/is_okay_icecream__type_support.cpp.o[0m
[1.297s] [ 45%] [32m[1mLinking CXX shared library libteam4_msgs__rosidl_typesupport_c.so[0m
[1.313s] [ 47%] [32mBuilding CXX object CMakeFiles/team4_msgs__rosidl_typesupport_cpp.dir/rosidl_typesupport_cpp/team4_msgs/msg/aris_status__type_support.cpp.o[0m
[1.335s] [ 49%] [32mBuilding CXX object CMakeFiles/team4_msgs__rosidl_typesupport_fastrtps_c.dir/rosidl_typesupport_fastrtps_c/team4_msgs/srv/detail/put_on_icecream__type_support_c.cpp.o[0m
[1.340s] [ 49%] Built target team4_msgs__rosidl_typesupport_c
[1.363s] [ 50%] [32mBuilding CXX object CMakeFiles/team4_msgs__rosidl_typesupport_fastrtps_c.dir/rosidl_typesupport_fastrtps_c/team4_msgs/srv/detail/is_okay_icecream__type_support_c.cpp.o[0m
[1.374s] [ 52%] [32mBuilding C object CMakeFiles/team4_msgs__rosidl_typesupport_introspection_c.dir/rosidl_typesupport_introspection_c/team4_msgs/srv/detail/put_on_icecream__type_support.c.o[0m
[1.423s] [ 54%] [32mBuilding C object CMakeFiles/team4_msgs__rosidl_typesupport_introspection_c.dir/rosidl_typesupport_introspection_c/team4_msgs/srv/detail/is_okay_icecream__type_support.c.o[0m
[1.500s] [ 56%] [32mBuilding C object CMakeFiles/team4_msgs__rosidl_typesupport_introspection_c.dir/rosidl_typesupport_introspection_c/team4_msgs/msg/detail/storagy_status__type_support.c.o[0m
[1.577s] [ 58%] [32mBuilding C object CMakeFiles/team4_msgs__rosidl_typesupport_introspection_c.dir/rosidl_typesupport_introspection_c/team4_msgs/msg/detail/aris_status__type_support.c.o[0m
[1.594s] [ 60%] [32mBuilding CXX object CMakeFiles/team4_msgs__rosidl_typesupport_fastrtps_c.dir/rosidl_typesupport_fastrtps_c/team4_msgs/msg/detail/storagy_status__type_support_c.cpp.o[0m
[1.602s] [ 61%] [32m[1mLinking CXX shared library libteam4_msgs__rosidl_typesupport_cpp.so[0m
[1.646s] [ 63%] [32m[1mLinking C shared library libteam4_msgs__rosidl_typesupport_introspection_c.so[0m
[1.679s] [ 63%] Built target team4_msgs__rosidl_typesupport_cpp
[1.693s] [ 65%] [32mBuilding CXX object CMakeFiles/team4_msgs__rosidl_typesupport_fastrtps_c.dir/rosidl_typesupport_fastrtps_c/team4_msgs/msg/detail/aris_status__type_support_c.cpp.o[0m
[1.701s] [ 67%] [32mBuilding CXX object CMakeFiles/team4_msgs__rosidl_typesupport_introspection_cpp.dir/rosidl_typesupport_introspection_cpp/team4_msgs/msg/detail/storagy_status__type_support.cpp.o[0m
[1.702s] [ 67%] Built target team4_msgs__rosidl_typesupport_introspection_c
[1.709s] [ 69%] [32mBuilding CXX object CMakeFiles/team4_msgs__rosidl_typesupport_fastrtps_cpp.dir/rosidl_typesupport_fastrtps_cpp/team4_msgs/msg/detail/dds_fastrtps/storagy_status__type_support.cpp.o[0m
[1.712s] [ 70%] [32mBuilding CXX object CMakeFiles/team4_msgs__rosidl_typesupport_fastrtps_cpp.dir/rosidl_typesupport_fastrtps_cpp/team4_msgs/msg/detail/dds_fastrtps/aris_status__type_support.cpp.o[0m
[1.743s] [ 72%] [32mBuilding CXX object CMakeFiles/team4_msgs__rosidl_typesupport_introspection_cpp.dir/rosidl_typesupport_introspection_cpp/team4_msgs/msg/detail/aris_status__type_support.cpp.o[0m
[2.041s] [ 74%] [32m[1mLinking CXX shared library libteam4_msgs__rosidl_typesupport_fastrtps_c.so[0m
[2.065s] [ 76%] [32m[1mLinking CXX shared library libteam4_msgs__rosidl_typesupport_fastrtps_cpp.so[0m
[2.075s] [ 78%] [32m[1mLinking CXX shared library libteam4_msgs__rosidl_typesupport_introspection_cpp.so[0m
[2.094s] [ 78%] Built target team4_msgs__rosidl_typesupport_fastrtps_c
[2.119s] [ 78%] Built target team4_msgs__rosidl_typesupport_fastrtps_cpp
[2.119s] [ 78%] Built target team4_msgs__rosidl_typesupport_introspection_cpp
[2.134s] [ 78%] Built target team4_msgs
[2.145s] [ 80%] [34m[1mGenerating Python code for ROS interfaces[0m
[2.579s] [ 80%] Built target team4_msgs__py
[2.591s] [ 87%] [32mBuilding C object CMakeFiles/team4_msgs__rosidl_generator_py.dir/rosidl_generator_py/team4_msgs/srv/_is_okay_icecream_s.c.o[0m
[2.591s] [ 87%] [32mBuilding C object CMakeFiles/team4_msgs__rosidl_generator_py.dir/rosidl_generator_py/team4_msgs/msg/_storagy_status_s.c.o[0m
[2.591s] [ 87%] [32mBuilding C object CMakeFiles/team4_msgs__rosidl_generator_py.dir/rosidl_generator_py/team4_msgs/msg/_aris_status_s.c.o[0m
[2.591s] [ 87%] [32mBuilding C object CMakeFiles/team4_msgs__rosidl_generator_py.dir/rosidl_generator_py/team4_msgs/srv/_put_on_icecream_s.c.o[0m
[2.696s] [ 89%] [32m[1mLinking C shared library rosidl_generator_py/team4_msgs/libteam4_msgs__rosidl_generator_py.so[0m
[2.722s] [ 89%] Built target team4_msgs__rosidl_generator_py
[2.737s] [ 94%] [32mBuilding C object CMakeFiles/team4_msgs__rosidl_typesupport_introspection_c__pyext.dir/rosidl_generator_py/team4_msgs/_team4_msgs_s.ep.rosidl_typesupport_introspection_c.c.o[0m
[2.737s] [ 94%] [32mBuilding C object CMakeFiles/team4_msgs__rosidl_typesupport_fastrtps_c__pyext.dir/rosidl_generator_py/team4_msgs/_team4_msgs_s.ep.rosidl_typesupport_fastrtps_c.c.o[0m
[2.737s] [ 94%] [32mBuilding C object CMakeFiles/team4_msgs__rosidl_typesupport_c__pyext.dir/rosidl_generator_py/team4_msgs/_team4_msgs_s.ep.rosidl_typesupport_c.c.o[0m
[2.808s] [100%] [32m[1mLinking C shared library rosidl_generator_py/team4_msgs/team4_msgs_s__rosidl_typesupport_c.cpython-310-x86_64-linux-gnu.so[0m
[2.809s] [100%] [32m[1mLinking C shared library rosidl_generator_py/team4_msgs/team4_msgs_s__rosidl_typesupport_fastrtps_c.cpython-310-x86_64-linux-gnu.so[0m
[2.809s] [100%] [32m[1mLinking C shared library rosidl_generator_py/team4_msgs/team4_msgs_s__rosidl_typesupport_introspection_c.cpython-310-x86_64-linux-gnu.so[0m
[2.835s] [100%] Built target team4_msgs__rosidl_typesupport_c__pyext
[2.835s] [100%] Built target team4_msgs__rosidl_typesupport_introspection_c__pyext
[2.836s] [100%] Built target team4_msgs__rosidl_typesupport_fastrtps_c__pyext
[2.843s] Invoked command in '/home/jhpc/RobotArm/aris_ws/build/team4_msgs' returned '0': CMAKE_PREFIX_PATH=/opt/ros/humble /usr/bin/cmake --build /home/jhpc/RobotArm/aris_ws/build/team4_msgs -- -j8 -l8
[2.913s] Invoking command in '/home/jhpc/RobotArm/aris_ws/build/team4_msgs': CMAKE_PREFIX_PATH=/opt/ros/humble /usr/bin/cmake --install /home/jhpc/RobotArm/aris_ws/build/team4_msgs
[2.918s] -- Install configuration: ""
[2.918s] -- Installing: /home/jhpc/RobotArm/aris_ws/install/team4_msgs/share/ament_index/resource_index/rosidl_interfaces/team4_msgs
[2.918s] -- Installing: /home/jhpc/RobotArm/aris_ws/install/team4_msgs/include/team4_msgs/team4_msgs
[2.918s] -- Installing: /home/jhpc/RobotArm/aris_ws/install/team4_msgs/include/team4_msgs/team4_msgs/srv
[2.918s] -- Installing: /home/jhpc/RobotArm/aris_ws/install/team4_msgs/include/team4_msgs/team4_msgs/srv/is_okay_icecream.h
[2.918s] -- Installing: /home/jhpc/RobotArm/aris_ws/install/team4_msgs/include/team4_msgs/team4_msgs/srv/detail
[2.918s] -- Installing: /home/jhpc/RobotArm/aris_ws/install/team4_msgs/include/team4_msgs/team4_msgs/srv/detail/is_okay_icecream__functions.c
[2.918s] -- Installing: /home/jhpc/RobotArm/aris_ws/install/team4_msgs/include/team4_msgs/team4_msgs/srv/detail/put_on_icecream__type_support.h
[2.918s] -- Installing: /home/jhpc/RobotArm/aris_ws/install/team4_msgs/include/team4_msgs/team4_msgs/srv/detail/put_on_icecream__functions.h
[2.918s] -- Installing: /home/jhpc/RobotArm/aris_ws/install/team4_msgs/include/team4_msgs/team4_msgs/srv/detail/is_okay_icecream__struct.h
[2.918s] -- Installing: /home/jhpc/RobotArm/aris_ws/install/team4_msgs/include/team4_msgs/team4_msgs/srv/detail/is_okay_icecream__type_support.h
[2.919s] -- Installing: /home/jhpc/RobotArm/aris_ws/install/team4_msgs/include/team4_msgs/team4_msgs/srv/detail/put_on_icecream__functions.c
[2.919s] -- Installing: /home/jhpc/RobotArm/aris_ws/install/team4_msgs/include/team4_msgs/team4_msgs/srv/detail/is_okay_icecream__functions.h
[2.919s] -- Installing: /home/jhpc/RobotArm/aris_ws/install/team4_msgs/include/team4_msgs/team4_msgs/srv/detail/put_on_icecream__struct.h
[2.919s] -- Installing: /home/jhpc/RobotArm/aris_ws/install/team4_msgs/include/team4_msgs/team4_msgs/srv/put_on_icecream.h
[2.919s] -- Installing: /home/jhpc/RobotArm/aris_ws/install/team4_msgs/include/team4_msgs/team4_msgs/msg
[2.919s] -- Installing: /home/jhpc/RobotArm/aris_ws/install/team4_msgs/include/team4_msgs/team4_msgs/msg/detail
[2.919s] -- Installing: /home/jhpc/RobotArm/aris_ws/install/team4_msgs/include/team4_msgs/team4_msgs/msg/detail/aris_status__struct.h
[2.919s] -- Installing: /home/jhpc/RobotArm/aris_ws/install/team4_msgs/include/team4_msgs/team4_msgs/msg/detail/storagy_status__type_support.h
[2.919s] -- Installing: /home/jhpc/RobotArm/aris_ws/install/team4_msgs/include/team4_msgs/team4_msgs/msg/detail/storagy_status__functions.c
[2.919s] -- Installing: /home/jhpc/RobotArm/aris_ws/install/team4_msgs/include/team4_msgs/team4_msgs/msg/detail/aris_status__functions.h
[2.919s] -- Installing: /home/jhpc/RobotArm/aris_ws/install/team4_msgs/include/team4_msgs/team4_msgs/msg/detail/aris_status__type_support.h
[2.919s] -- Installing: /home/jhpc/RobotArm/aris_ws/install/team4_msgs/include/team4_msgs/team4_msgs/msg/detail/aris_status__functions.c
[2.919s] -- Installing: /home/jhpc/RobotArm/aris_ws/install/team4_msgs/include/team4_msgs/team4_msgs/msg/detail/storagy_status__struct.h
[2.919s] -- Installing: /home/jhpc/RobotArm/aris_ws/install/team4_msgs/include/team4_msgs/team4_msgs/msg/detail/storagy_status__functions.h
[2.919s] -- Installing: /home/jhpc/RobotArm/aris_ws/install/team4_msgs/include/team4_msgs/team4_msgs/msg/storagy_status.h
[2.919s] -- Installing: /home/jhpc/RobotArm/aris_ws/install/team4_msgs/include/team4_msgs/team4_msgs/msg/rosidl_generator_c__visibility_control.h
[2.919s] -- Installing: /home/jhpc/RobotArm/aris_ws/install/team4_msgs/include/team4_msgs/team4_msgs/msg/aris_status.h
[2.919s] -- Installing: /home/jhpc/RobotArm/aris_ws/install/team4_msgs/share/team4_msgs/environment/library_path.sh
[2.919s] -- Installing: /home/jhpc/RobotArm/aris_ws/install/team4_msgs/share/team4_msgs/environment/library_path.dsv
[2.920s] -- Installing: /home/jhpc/RobotArm/aris_ws/install/team4_msgs/lib/libteam4_msgs__rosidl_generator_c.so
[2.920s] -- Set runtime path of "/home/jhpc/RobotArm/aris_ws/install/team4_msgs/lib/libteam4_msgs__rosidl_generator_c.so" to ""
[2.920s] -- Up-to-date: /home/jhpc/RobotArm/aris_ws/install/team4_msgs/include/team4_msgs/team4_msgs
[2.920s] -- Up-to-date: /home/jhpc/RobotArm/aris_ws/install/team4_msgs/include/team4_msgs/team4_msgs/srv
[2.920s] -- Up-to-date: /home/jhpc/RobotArm/aris_ws/install/team4_msgs/include/team4_msgs/team4_msgs/srv/detail
[2.920s] -- Installing: /home/jhpc/RobotArm/aris_ws/install/team4_msgs/include/team4_msgs/team4_msgs/srv/detail/is_okay_icecream__rosidl_typesupport_fastrtps_c.h
[2.920s] -- Installing: /home/jhpc/RobotArm/aris_ws/install/team4_msgs/include/team4_msgs/team4_msgs/srv/detail/put_on_icecream__rosidl_typesupport_fastrtps_c.h
[2.920s] -- Up-to-date: /home/jhpc/RobotArm/aris_ws/install/team4_msgs/include/team4_msgs/team4_msgs/msg
[2.920s] -- Installing: /home/jhpc/RobotArm/aris_ws/install/team4_msgs/include/team4_msgs/team4_msgs/msg/rosidl_typesupport_fastrtps_c__visibility_control.h
[2.920s] -- Up-to-date: /home/jhpc/RobotArm/aris_ws/install/team4_msgs/include/team4_msgs/team4_msgs/msg/detail
[2.920s] -- Installing: /home/jhpc/RobotArm/aris_ws/install/team4_msgs/include/team4_msgs/team4_msgs/msg/detail/storagy_status__rosidl_typesupport_fastrtps_c.h
[2.920s] -- Installing: /home/jhpc/RobotArm/aris_ws/install/team4_msgs/include/team4_msgs/team4_msgs/msg/detail/aris_status__rosidl_typesupport_fastrtps_c.h
[2.920s] -- Installing: /home/jhpc/RobotArm/aris_ws/install/team4_msgs/lib/libteam4_msgs__rosidl_typesupport_fastrtps_c.so
[2.920s] -- Set runtime path of "/home/jhpc/RobotArm/aris_ws/install/team4_msgs/lib/libteam4_msgs__rosidl_typesupport_fastrtps_c.so" to ""
[2.921s] -- Up-to-date: /home/jhpc/RobotArm/aris_ws/install/team4_msgs/include/team4_msgs/team4_msgs
[2.921s] -- Up-to-date: /home/jhpc/RobotArm/aris_ws/install/team4_msgs/include/team4_msgs/team4_msgs/srv
[2.921s] -- Up-to-date: /home/jhpc/RobotArm/aris_ws/install/team4_msgs/include/team4_msgs/team4_msgs/srv/detail
[2.921s] -- Installing: /home/jhpc/RobotArm/aris_ws/install/team4_msgs/include/team4_msgs/team4_msgs/srv/detail/is_okay_icecream__type_support.c
[2.921s] -- Installing: /home/jhpc/RobotArm/aris_ws/install/team4_msgs/include/team4_msgs/team4_msgs/srv/detail/put_on_icecream__rosidl_typesupport_introspection_c.h
[2.921s] -- Installing: /home/jhpc/RobotArm/aris_ws/install/team4_msgs/include/team4_msgs/team4_msgs/srv/detail/put_on_icecream__type_support.c
[2.921s] -- Installing: /home/jhpc/RobotArm/aris_ws/install/team4_msgs/include/team4_msgs/team4_msgs/srv/detail/is_okay_icecream__rosidl_typesupport_introspection_c.h
[2.921s] -- Up-to-date: /home/jhpc/RobotArm/aris_ws/install/team4_msgs/include/team4_msgs/team4_msgs/msg
[2.921s] -- Installing: /home/jhpc/RobotArm/aris_ws/install/team4_msgs/include/team4_msgs/team4_msgs/msg/rosidl_typesupport_introspection_c__visibility_control.h
[2.921s] -- Up-to-date: /home/jhpc/RobotArm/aris_ws/install/team4_msgs/include/team4_msgs/team4_msgs/msg/detail
[2.921s] -- Installing: /home/jhpc/RobotArm/aris_ws/install/team4_msgs/include/team4_msgs/team4_msgs/msg/detail/storagy_status__type_support.c
[2.921s] -- Installing: /home/jhpc/RobotArm/aris_ws/install/team4_msgs/include/team4_msgs/team4_msgs/msg/detail/aris_status__type_support.c
[2.921s] -- Installing: /home/jhpc/RobotArm/aris_ws/install/team4_msgs/include/team4_msgs/team4_msgs/msg/detail/storagy_status__rosidl_typesupport_introspection_c.h
[2.921s] -- Installing: /home/jhpc/RobotArm/aris_ws/install/team4_msgs/include/team4_msgs/team4_msgs/msg/detail/aris_status__rosidl_typesupport_introspection_c.h
[2.921s] -- Installing: /home/jhpc/RobotArm/aris_ws/install/team4_msgs/lib/libteam4_msgs__rosidl_typesupport_introspection_c.so
[2.921s] -- Set runtime path of "/home/jhpc/RobotArm/aris_ws/install/team4_msgs/lib/libteam4_msgs__rosidl_typesupport_introspection_c.so" to ""
[2.921s] -- Installing: /home/jhpc/RobotArm/aris_ws/install/team4_msgs/lib/libteam4_msgs__rosidl_typesupport_c.so
[2.921s] -- Set runtime path of "/home/jhpc/RobotArm/aris_ws/install/team4_msgs/lib/libteam4_msgs__rosidl_typesupport_c.so" to ""
[2.922s] -- Up-to-date: /home/jhpc/RobotArm/aris_ws/install/team4_msgs/include/team4_msgs/team4_msgs
[2.922s] -- Up-to-date: /home/jhpc/RobotArm/aris_ws/install/team4_msgs/include/team4_msgs/team4_msgs/srv
[2.922s] -- Installing: /home/jhpc/RobotArm/aris_ws/install/team4_msgs/include/team4_msgs/team4_msgs/srv/put_on_icecream.hpp
[2.922s] -- Up-to-date: /home/jhpc/RobotArm/aris_ws/install/team4_msgs/include/team4_msgs/team4_msgs/srv/detail
[2.922s] -- Installing: /home/jhpc/RobotArm/aris_ws/install/team4_msgs/include/team4_msgs/team4_msgs/srv/detail/put_on_icecream__traits.hpp
[2.922s] -- Installing: /home/jhpc/RobotArm/aris_ws/install/team4_msgs/include/team4_msgs/team4_msgs/srv/detail/is_okay_icecream__traits.hpp
[2.922s] -- Installing: /home/jhpc/RobotArm/aris_ws/install/team4_msgs/include/team4_msgs/team4_msgs/srv/detail/put_on_icecream__struct.hpp
[2.922s] -- Installing: /home/jhpc/RobotArm/aris_ws/install/team4_msgs/include/team4_msgs/team4_msgs/srv/detail/is_okay_icecream__struct.hpp
[2.922s] -- Installing: /home/jhpc/RobotArm/aris_ws/install/team4_msgs/include/team4_msgs/team4_msgs/srv/detail/put_on_icecream__builder.hpp
[2.922s] -- Installing: /home/jhpc/RobotArm/aris_ws/install/team4_msgs/include/team4_msgs/team4_msgs/srv/detail/is_okay_icecream__builder.hpp
[2.922s] -- Installing: /home/jhpc/RobotArm/aris_ws/install/team4_msgs/include/team4_msgs/team4_msgs/srv/is_okay_icecream.hpp
[2.923s] -- Up-to-date: /home/jhpc/RobotArm/aris_ws/install/team4_msgs/include/team4_msgs/team4_msgs/msg
[2.923s] -- Up-to-date: /home/jhpc/RobotArm/aris_ws/install/team4_msgs/include/team4_msgs/team4_msgs/msg/detail
[2.923s] -- Installing: /home/jhpc/RobotArm/aris_ws/install/team4_msgs/include/team4_msgs/team4_msgs/msg/detail/storagy_status__builder.hpp
[2.923s] -- Installing: /home/jhpc/RobotArm/aris_ws/install/team4_msgs/include/team4_msgs/team4_msgs/msg/detail/aris_status__traits.hpp
[2.923s] -- Installing: /home/jhpc/RobotArm/aris_ws/install/team4_msgs/include/team4_msgs/team4_msgs/msg/detail/aris_status__builder.hpp
[2.923s] -- Installing: /home/jhpc/RobotArm/aris_ws/install/team4_msgs/include/team4_msgs/team4_msgs/msg/detail/storagy_status__traits.hpp
[2.923s] -- Installing: /home/jhpc/RobotArm/aris_ws/install/team4_msgs/include/team4_msgs/team4_msgs/msg/detail/storagy_status__struct.hpp
[2.923s] -- Installing: /home/jhpc/RobotArm/aris_ws/install/team4_msgs/include/team4_msgs/team4_msgs/msg/detail/aris_status__struct.hpp
[2.923s] -- Installing: /home/jhpc/RobotArm/aris_ws/install/team4_msgs/include/team4_msgs/team4_msgs/msg/aris_status.hpp
[2.923s] -- Installing: /home/jhpc/RobotArm/aris_ws/install/team4_msgs/include/team4_msgs/team4_msgs/msg/storagy_status.hpp
[2.923s] -- Up-to-date: /home/jhpc/RobotArm/aris_ws/install/team4_msgs/include/team4_msgs/team4_msgs
[2.923s] -- Up-to-date: /home/jhpc/RobotArm/aris_ws/install/team4_msgs/include/team4_msgs/team4_msgs/srv
[2.923s] -- Up-to-date: /home/jhpc/RobotArm/aris_ws/install/team4_msgs/include/team4_msgs/team4_msgs/srv/detail
[2.924s] -- Installing: /home/jhpc/RobotArm/aris_ws/install/team4_msgs/include/team4_msgs/team4_msgs/srv/detail/dds_fastrtps
[2.924s] -- Installing: /home/jhpc/RobotArm/aris_ws/install/team4_msgs/include/team4_msgs/team4_msgs/srv/detail/put_on_icecream__rosidl_typesupport_fastrtps_cpp.hpp
[2.924s] -- Installing: /home/jhpc/RobotArm/aris_ws/install/team4_msgs/include/team4_msgs/team4_msgs/srv/detail/is_okay_icecream__rosidl_typesupport_fastrtps_cpp.hpp
[2.924s] -- Up-to-date: /home/jhpc/RobotArm/aris_ws/install/team4_msgs/include/team4_msgs/team4_msgs/msg
[2.924s] -- Up-to-date: /home/jhpc/RobotArm/aris_ws/install/team4_msgs/include/team4_msgs/team4_msgs/msg/detail
[2.924s] -- Installing: /home/jhpc/RobotArm/aris_ws/install/team4_msgs/include/team4_msgs/team4_msgs/msg/detail/dds_fastrtps
[2.924s] -- Installing: /home/jhpc/RobotArm/aris_ws/install/team4_msgs/include/team4_msgs/team4_msgs/msg/detail/aris_status__rosidl_typesupport_fastrtps_cpp.hpp
[2.924s] -- Installing: /home/jhpc/RobotArm/aris_ws/install/team4_msgs/include/team4_msgs/team4_msgs/msg/detail/storagy_status__rosidl_typesupport_fastrtps_cpp.hpp
[2.924s] -- Installing: /home/jhpc/RobotArm/aris_ws/install/team4_msgs/include/team4_msgs/team4_msgs/msg/rosidl_typesupport_fastrtps_cpp__visibility_control.h
[2.924s] -- Installing: /home/jhpc/RobotArm/aris_ws/install/team4_msgs/lib/libteam4_msgs__rosidl_typesupport_fastrtps_cpp.so
[2.924s] -- Set runtime path of "/home/jhpc/RobotArm/aris_ws/install/team4_msgs/lib/libteam4_msgs__rosidl_typesupport_fastrtps_cpp.so" to ""
[2.924s] -- Up-to-date: /home/jhpc/RobotArm/aris_ws/install/team4_msgs/include/team4_msgs/team4_msgs
[2.924s] -- Up-to-date: /home/jhpc/RobotArm/aris_ws/install/team4_msgs/include/team4_msgs/team4_msgs/srv
[2.924s] -- Up-to-date: /home/jhpc/RobotArm/aris_ws/install/team4_msgs/include/team4_msgs/team4_msgs/srv/detail
[2.924s] -- Installing: /home/jhpc/RobotArm/aris_ws/install/team4_msgs/include/team4_msgs/team4_msgs/srv/detail/put_on_icecream__type_support.cpp
[2.924s] -- Installing: /home/jhpc/RobotArm/aris_ws/install/team4_msgs/include/team4_msgs/team4_msgs/srv/detail/is_okay_icecream__type_support.cpp
[2.925s] -- Installing: /home/jhpc/RobotArm/aris_ws/install/team4_msgs/include/team4_msgs/team4_msgs/srv/detail/put_on_icecream__rosidl_typesupport_introspection_cpp.hpp
[2.925s] -- Installing: /home/jhpc/RobotArm/aris_ws/install/team4_msgs/include/team4_msgs/team4_msgs/srv/detail/is_okay_icecream__rosidl_typesupport_introspection_cpp.hpp
[2.925s] -- Up-to-date: /home/jhpc/RobotArm/aris_ws/install/team4_msgs/include/team4_msgs/team4_msgs/msg
[2.925s] -- Up-to-date: /home/jhpc/RobotArm/aris_ws/install/team4_msgs/include/team4_msgs/team4_msgs/msg/detail
[2.925s] -- Installing: /home/jhpc/RobotArm/aris_ws/install/team4_msgs/include/team4_msgs/team4_msgs/msg/detail/aris_status__rosidl_typesupport_introspection_cpp.hpp
[2.925s] -- Installing: /home/jhpc/RobotArm/aris_ws/install/team4_msgs/include/team4_msgs/team4_msgs/msg/detail/aris_status__type_support.cpp
[2.925s] -- Installing: /home/jhpc/RobotArm/aris_ws/install/team4_msgs/include/team4_msgs/team4_msgs/msg/detail/storagy_status__type_support.cpp
[2.925s] -- Installing: /home/jhpc/RobotArm/aris_ws/install/team4_msgs/include/team4_msgs/team4_msgs/msg/detail/storagy_status__rosidl_typesupport_introspection_cpp.hpp
[2.925s] -- Installing: /home/jhpc/RobotArm/aris_ws/install/team4_msgs/lib/libteam4_msgs__rosidl_typesupport_introspection_cpp.so
[2.925s] -- Set runtime path of "/home/jhpc/RobotArm/aris_ws/install/team4_msgs/lib/libteam4_msgs__rosidl_typesupport_introspection_cpp.so" to ""
[2.925s] -- Installing: /home/jhpc/RobotArm/aris_ws/install/team4_msgs/lib/libteam4_msgs__rosidl_typesupport_cpp.so
[2.925s] -- Set runtime path of "/home/jhpc/RobotArm/aris_ws/install/team4_msgs/lib/libteam4_msgs__rosidl_typesupport_cpp.so" to ""
[2.926s] -- Installing: /home/jhpc/RobotArm/aris_ws/install/team4_msgs/share/team4_msgs/environment/pythonpath.sh
[2.926s] -- Installing: /home/jhpc/RobotArm/aris_ws/install/team4_msgs/share/team4_msgs/environment/pythonpath.dsv
[2.926s] -- Installing: /home/jhpc/RobotArm/aris_ws/install/team4_msgs/local/lib/python3.10/dist-packages/team4_msgs-0.0.0-py3.10.egg-info
[2.926s] -- Installing: /home/jhpc/RobotArm/aris_ws/install/team4_msgs/local/lib/python3.10/dist-packages/team4_msgs-0.0.0-py3.10.egg-info/dependency_links.txt
[2.926s] -- Installing: /home/jhpc/RobotArm/aris_ws/install/team4_msgs/local/lib/python3.10/dist-packages/team4_msgs-0.0.0-py3.10.egg-info/top_level.txt
[2.926s] -- Installing: /home/jhpc/RobotArm/aris_ws/install/team4_msgs/local/lib/python3.10/dist-packages/team4_msgs-0.0.0-py3.10.egg-info/SOURCES.txt
[2.926s] -- Installing: /home/jhpc/RobotArm/aris_ws/install/team4_msgs/local/lib/python3.10/dist-packages/team4_msgs-0.0.0-py3.10.egg-info/PKG-INFO
[2.926s] -- Installing: /home/jhpc/RobotArm/aris_ws/install/team4_msgs/local/lib/python3.10/dist-packages/team4_msgs
[2.926s] -- Installing: /home/jhpc/RobotArm/aris_ws/install/team4_msgs/local/lib/python3.10/dist-packages/team4_msgs/_team4_msgs_s.ep.rosidl_typesupport_fastrtps_c.c
[2.926s] -- Installing: /home/jhpc/RobotArm/aris_ws/install/team4_msgs/local/lib/python3.10/dist-packages/team4_msgs/srv
[2.926s] -- Installing: /home/jhpc/RobotArm/aris_ws/install/team4_msgs/local/lib/python3.10/dist-packages/team4_msgs/srv/_is_okay_icecream.py
[2.926s] -- Installing: /home/jhpc/RobotArm/aris_ws/install/team4_msgs/local/lib/python3.10/dist-packages/team4_msgs/srv/__init__.py
[2.926s] -- Installing: /home/jhpc/RobotArm/aris_ws/install/team4_msgs/local/lib/python3.10/dist-packages/team4_msgs/srv/_put_on_icecream.py
[2.926s] -- Installing: /home/jhpc/RobotArm/aris_ws/install/team4_msgs/local/lib/python3.10/dist-packages/team4_msgs/srv/_is_okay_icecream_s.c
[2.926s] -- Installing: /home/jhpc/RobotArm/aris_ws/install/team4_msgs/local/lib/python3.10/dist-packages/team4_msgs/srv/_put_on_icecream_s.c
[2.927s] -- Installing: /home/jhpc/RobotArm/aris_ws/install/team4_msgs/local/lib/python3.10/dist-packages/team4_msgs/__init__.py
[2.927s] -- Installing: /home/jhpc/RobotArm/aris_ws/install/team4_msgs/local/lib/python3.10/dist-packages/team4_msgs/_team4_msgs_s.ep.rosidl_typesupport_introspection_c.c
[2.927s] -- Installing: /home/jhpc/RobotArm/aris_ws/install/team4_msgs/local/lib/python3.10/dist-packages/team4_msgs/team4_msgs_s__rosidl_typesupport_fastrtps_c.cpython-310-x86_64-linux-gnu.so
[2.927s] -- Installing: /home/jhpc/RobotArm/aris_ws/install/team4_msgs/local/lib/python3.10/dist-packages/team4_msgs/team4_msgs_s__rosidl_typesupport_c.cpython-310-x86_64-linux-gnu.so
[2.927s] -- Installing: /home/jhpc/RobotArm/aris_ws/install/team4_msgs/local/lib/python3.10/dist-packages/team4_msgs/msg
[2.927s] -- Installing: /home/jhpc/RobotArm/aris_ws/install/team4_msgs/local/lib/python3.10/dist-packages/team4_msgs/msg/_aris_status_s.c
[2.927s] -- Installing: /home/jhpc/RobotArm/aris_ws/install/team4_msgs/local/lib/python3.10/dist-packages/team4_msgs/msg/__init__.py
[2.927s] -- Installing: /home/jhpc/RobotArm/aris_ws/install/team4_msgs/local/lib/python3.10/dist-packages/team4_msgs/msg/_aris_status.py
[2.927s] -- Installing: /home/jhpc/RobotArm/aris_ws/install/team4_msgs/local/lib/python3.10/dist-packages/team4_msgs/msg/_storagy_status_s.c
[2.927s] -- Installing: /home/jhpc/RobotArm/aris_ws/install/team4_msgs/local/lib/python3.10/dist-packages/team4_msgs/msg/_storagy_status.py
[2.927s] -- Installing: /home/jhpc/RobotArm/aris_ws/install/team4_msgs/local/lib/python3.10/dist-packages/team4_msgs/team4_msgs_s__rosidl_typesupport_introspection_c.cpython-310-x86_64-linux-gnu.so
[2.927s] -- Installing: /home/jhpc/RobotArm/aris_ws/install/team4_msgs/local/lib/python3.10/dist-packages/team4_msgs/_team4_msgs_s.ep.rosidl_typesupport_c.c
[2.927s] -- Installing: /home/jhpc/RobotArm/aris_ws/install/team4_msgs/local/lib/python3.10/dist-packages/team4_msgs/libteam4_msgs__rosidl_generator_py.so
[2.950s] Listing '/home/jhpc/RobotArm/aris_ws/install/team4_msgs/local/lib/python3.10/dist-packages/team4_msgs'...
[2.950s] Compiling '/home/jhpc/RobotArm/aris_ws/install/team4_msgs/local/lib/python3.10/dist-packages/team4_msgs/__init__.py'...
[2.950s] Listing '/home/jhpc/RobotArm/aris_ws/install/team4_msgs/local/lib/python3.10/dist-packages/team4_msgs/msg'...
[2.951s] Compiling '/home/jhpc/RobotArm/aris_ws/install/team4_msgs/local/lib/python3.10/dist-packages/team4_msgs/msg/__init__.py'...
[2.951s] Compiling '/home/jhpc/RobotArm/aris_ws/install/team4_msgs/local/lib/python3.10/dist-packages/team4_msgs/msg/_aris_status.py'...
[2.951s] Compiling '/home/jhpc/RobotArm/aris_ws/install/team4_msgs/local/lib/python3.10/dist-packages/team4_msgs/msg/_storagy_status.py'...
[2.951s] Listing '/home/jhpc/RobotArm/aris_ws/install/team4_msgs/local/lib/python3.10/dist-packages/team4_msgs/srv'...
[2.951s] Compiling '/home/jhpc/RobotArm/aris_ws/install/team4_msgs/local/lib/python3.10/dist-packages/team4_msgs/srv/__init__.py'...
[2.951s] Compiling '/home/jhpc/RobotArm/aris_ws/install/team4_msgs/local/lib/python3.10/dist-packages/team4_msgs/srv/_is_okay_icecream.py'...
[2.951s] Compiling '/home/jhpc/RobotArm/aris_ws/install/team4_msgs/local/lib/python3.10/dist-packages/team4_msgs/srv/_put_on_icecream.py'...
[2.953s] -- Installing: /home/jhpc/RobotArm/aris_ws/install/team4_msgs/local/lib/python3.10/dist-packages/team4_msgs/team4_msgs_s__rosidl_typesupport_fastrtps_c.cpython-310-x86_64-linux-gnu.so
[2.953s] -- Set runtime path of "/home/jhpc/RobotArm/aris_ws/install/team4_msgs/local/lib/python3.10/dist-packages/team4_msgs/team4_msgs_s__rosidl_typesupport_fastrtps_c.cpython-310-x86_64-linux-gnu.so" to ""
[2.953s] -- Installing: /home/jhpc/RobotArm/aris_ws/install/team4_msgs/local/lib/python3.10/dist-packages/team4_msgs/team4_msgs_s__rosidl_typesupport_introspection_c.cpython-310-x86_64-linux-gnu.so
[2.954s] -- Set runtime path of "/home/jhpc/RobotArm/aris_ws/install/team4_msgs/local/lib/python3.10/dist-packages/team4_msgs/team4_msgs_s__rosidl_typesupport_introspection_c.cpython-310-x86_64-linux-gnu.so" to ""
[2.954s] -- Installing: /home/jhpc/RobotArm/aris_ws/install/team4_msgs/local/lib/python3.10/dist-packages/team4_msgs/team4_msgs_s__rosidl_typesupport_c.cpython-310-x86_64-linux-gnu.so
[2.954s] -- Set runtime path of "/home/jhpc/RobotArm/aris_ws/install/team4_msgs/local/lib/python3.10/dist-packages/team4_msgs/team4_msgs_s__rosidl_typesupport_c.cpython-310-x86_64-linux-gnu.so" to ""
[2.954s] -- Installing: /home/jhpc/RobotArm/aris_ws/install/team4_msgs/lib/libteam4_msgs__rosidl_generator_py.so
[2.954s] -- Set runtime path of "/home/jhpc/RobotArm/aris_ws/install/team4_msgs/lib/libteam4_msgs__rosidl_generator_py.so" to ""
[2.954s] -- Installing: /home/jhpc/RobotArm/aris_ws/install/team4_msgs/share/team4_msgs/srv/PutOnIcecream.idl
[2.954s] -- Installing: /home/jhpc/RobotArm/aris_ws/install/team4_msgs/share/team4_msgs/srv/IsOkayIcecream.idl
[2.954s] -- Installing: /home/jhpc/RobotArm/aris_ws/install/team4_msgs/share/team4_msgs/msg/StoragyStatus.idl
[2.954s] -- Installing: /home/jhpc/RobotArm/aris_ws/install/team4_msgs/share/team4_msgs/msg/ArisStatus.idl
[2.954s] -- Installing: /home/jhpc/RobotArm/aris_ws/install/team4_msgs/share/team4_msgs/srv/PutOnIcecream.srv
[2.954s] -- Installing: /home/jhpc/RobotArm/aris_ws/install/team4_msgs/share/team4_msgs/srv/PutOnIcecream_Request.msg
[2.954s] -- Installing: /home/jhpc/RobotArm/aris_ws/install/team4_msgs/share/team4_msgs/srv/PutOnIcecream_Response.msg
[2.954s] -- Installing: /home/jhpc/RobotArm/aris_ws/install/team4_msgs/share/team4_msgs/srv/IsOkayIcecream.srv
[2.955s] -- Installing: /home/jhpc/RobotArm/aris_ws/install/team4_msgs/share/team4_msgs/srv/IsOkayIcecream_Request.msg
[2.955s] -- Installing: /home/jhpc/RobotArm/aris_ws/install/team4_msgs/share/team4_msgs/srv/IsOkayIcecream_Response.msg
[2.955s] -- Installing: /home/jhpc/RobotArm/aris_ws/install/team4_msgs/share/team4_msgs/msg/StoragyStatus.msg
[2.955s] -- Installing: /home/jhpc/RobotArm/aris_ws/install/team4_msgs/share/team4_msgs/msg/ArisStatus.msg
[2.955s] -- Installing: /home/jhpc/RobotArm/aris_ws/install/team4_msgs/share/ament_index/resource_index/package_run_dependencies/team4_msgs
[2.955s] -- Installing: /home/jhpc/RobotArm/aris_ws/install/team4_msgs/share/ament_index/resource_index/parent_prefix_path/team4_msgs
[2.955s] -- Installing: /home/jhpc/RobotArm/aris_ws/install/team4_msgs/share/team4_msgs/environment/ament_prefix_path.sh
[2.955s] -- Installing: /home/jhpc/RobotArm/aris_ws/install/team4_msgs/share/team4_msgs/environment/ament_prefix_path.dsv
[2.955s] -- Installing: /home/jhpc/RobotArm/aris_ws/install/team4_msgs/share/team4_msgs/environment/path.sh
[2.955s] -- Installing: /home/jhpc/RobotArm/aris_ws/install/team4_msgs/share/team4_msgs/environment/path.dsv
[2.955s] -- Installing: /home/jhpc/RobotArm/aris_ws/install/team4_msgs/share/team4_msgs/local_setup.bash
[2.955s] -- Installing: /home/jhpc/RobotArm/aris_ws/install/team4_msgs/share/team4_msgs/local_setup.sh
[2.955s] -- Installing: /home/jhpc/RobotArm/aris_ws/install/team4_msgs/share/team4_msgs/local_setup.zsh
[2.955s] -- Installing: /home/jhpc/RobotArm/aris_ws/install/team4_msgs/share/team4_msgs/local_setup.dsv
[2.956s] -- Installing: /home/jhpc/RobotArm/aris_ws/install/team4_msgs/share/team4_msgs/package.dsv
[2.956s] -- Installing: /home/jhpc/RobotArm/aris_ws/install/team4_msgs/share/ament_index/resource_index/packages/team4_msgs
[2.956s] -- Installing: /home/jhpc/RobotArm/aris_ws/install/team4_msgs/share/team4_msgs/cmake/export_team4_msgs__rosidl_generator_cExport.cmake
[2.956s] -- Installing: /home/jhpc/RobotArm/aris_ws/install/team4_msgs/share/team4_msgs/cmake/export_team4_msgs__rosidl_generator_cExport-noconfig.cmake
[2.956s] -- Installing: /home/jhpc/RobotArm/aris_ws/install/team4_msgs/share/team4_msgs/cmake/export_team4_msgs__rosidl_typesupport_fastrtps_cExport.cmake
[2.956s] -- Installing: /home/jhpc/RobotArm/aris_ws/install/team4_msgs/share/team4_msgs/cmake/export_team4_msgs__rosidl_typesupport_fastrtps_cExport-noconfig.cmake
[2.956s] -- Installing: /home/jhpc/RobotArm/aris_ws/install/team4_msgs/share/team4_msgs/cmake/team4_msgs__rosidl_typesupport_introspection_cExport.cmake
[2.956s] -- Installing: /home/jhpc/RobotArm/aris_ws/install/team4_msgs/share/team4_msgs/cmake/team4_msgs__rosidl_typesupport_introspection_cExport-noconfig.cmake
[2.956s] -- Installing: /home/jhpc/RobotArm/aris_ws/install/team4_msgs/share/team4_msgs/cmake/team4_msgs__rosidl_typesupport_cExport.cmake
[2.956s] -- Installing: /home/jhpc/RobotArm/aris_ws/install/team4_msgs/share/team4_msgs/cmake/team4_msgs__rosidl_typesupport_cExport-noconfig.cmake
[2.956s] -- Installing: /home/jhpc/RobotArm/aris_ws/install/team4_msgs/share/team4_msgs/cmake/export_team4_msgs__rosidl_generator_cppExport.cmake
[2.956s] -- Installing: /home/jhpc/RobotArm/aris_ws/install/team4_msgs/share/team4_msgs/cmake/export_team4_msgs__rosidl_typesupport_fastrtps_cppExport.cmake
[2.956s] -- Installing: /home/jhpc/RobotArm/aris_ws/install/team4_msgs/share/team4_msgs/cmake/export_team4_msgs__rosidl_typesupport_fastrtps_cppExport-noconfig.cmake
[2.956s] -- Installing: /home/jhpc/RobotArm/aris_ws/install/team4_msgs/share/team4_msgs/cmake/team4_msgs__rosidl_typesupport_introspection_cppExport.cmake
[2.956s] -- Installing: /home/jhpc/RobotArm/aris_ws/install/team4_msgs/share/team4_msgs/cmake/team4_msgs__rosidl_typesupport_introspection_cppExport-noconfig.cmake
[2.957s] -- Installing: /home/jhpc/RobotArm/aris_ws/install/team4_msgs/share/team4_msgs/cmake/team4_msgs__rosidl_typesupport_cppExport.cmake
[2.957s] -- Installing: /home/jhpc/RobotArm/aris_ws/install/team4_msgs/share/team4_msgs/cmake/team4_msgs__rosidl_typesupport_cppExport-noconfig.cmake
[2.957s] -- Installing: /home/jhpc/RobotArm/aris_ws/install/team4_msgs/share/team4_msgs/cmake/export_team4_msgs__rosidl_generator_pyExport.cmake
[2.957s] -- Installing: /home/jhpc/RobotArm/aris_ws/install/team4_msgs/share/team4_msgs/cmake/export_team4_msgs__rosidl_generator_pyExport-noconfig.cmake
[2.957s] -- Installing: /home/jhpc/RobotArm/aris_ws/install/team4_msgs/share/team4_msgs/cmake/rosidl_cmake-extras.cmake
[2.957s] -- Installing: /home/jhpc/RobotArm/aris_ws/install/team4_msgs/share/team4_msgs/cmake/ament_cmake_export_dependencies-extras.cmake
[2.957s] -- Installing: /home/jhpc/RobotArm/aris_ws/install/team4_msgs/share/team4_msgs/cmake/ament_cmake_export_include_directories-extras.cmake
[2.957s] -- Installing: /home/jhpc/RobotArm/aris_ws/install/team4_msgs/share/team4_msgs/cmake/ament_cmake_export_libraries-extras.cmake
[2.957s] -- Installing: /home/jhpc/RobotArm/aris_ws/install/team4_msgs/share/team4_msgs/cmake/ament_cmake_export_targets-extras.cmake
[2.957s] -- Installing: /home/jhpc/RobotArm/aris_ws/install/team4_msgs/share/team4_msgs/cmake/rosidl_cmake_export_typesupport_targets-extras.cmake
[2.957s] -- Installing: /home/jhpc/RobotArm/aris_ws/install/team4_msgs/share/team4_msgs/cmake/rosidl_cmake_export_typesupport_libraries-extras.cmake
[2.957s] -- Installing: /home/jhpc/RobotArm/aris_ws/install/team4_msgs/share/team4_msgs/cmake/team4_msgsConfig.cmake
[2.957s] -- Installing: /home/jhpc/RobotArm/aris_ws/install/team4_msgs/share/team4_msgs/cmake/team4_msgsConfig-version.cmake
[2.957s] -- Installing: /home/jhpc/RobotArm/aris_ws/install/team4_msgs/share/team4_msgs/package.xml
[2.959s] Invoked command in '/home/jhpc/RobotArm/aris_ws/build/team4_msgs' returned '0': CMAKE_PREFIX_PATH=/opt/ros/humble /usr/bin/cmake --install /home/jhpc/RobotArm/aris_ws/build/team4_msgs
